01-01 07:00:02.983     0     0 I         : [4 T235   ..] EXT4-fs (loop1): mounted filesystem without journal. Opts: (null). Quota mode: none.
01-01 07:00:02.995     0     0 I         : [4 T233   ..] EXT4-fs (loop0): mounted filesystem without journal. Opts: (null). Quota mode: none.
01-01 07:00:03.006     0     0 I         : [7 T234   ..] EXT4-fs (loop3): mounted filesystem without journal. Opts: (null). Quota mode: none.
01-01 07:00:03.021     0     0 I         : [7 T236   ..] EXT4-fs (loop2): mounted filesystem without journal. Opts: (null). Quota mode: none.
01-01 07:00:03.038     0     0 W [7 T196   ..] printk: apexd: 35 output lines suppressed due to ratelimiting
01-01 07:00:03.039     0     0 I         : [7 T196   ..] apexd (196) used greatest stack depth: 11680 bytes left
01-01 07:00:03.323     0     0 W [7 T193   ..] mali_kbase: loading out-of-tree module taints kernel.
01-01 07:00:03.362     0     0 I         : [7 T8     ..] mali fe400000.bifrost: Kernel DDK version r38p1-01bet0
01-01 07:00:03.366     0     0 I         : [7 T8     ..] mali fe400000.bifrost: GPU identified as 0x2 arch 7.4.0 r1p0 status 0
01-01 07:00:03.366     0     0 I         : [7 T8     ..] mali fe400000.bifrost: No priority control manager is configured
01-01 07:00:03.366     0     0 I         : [7 T8     ..] mali fe400000.bifrost: No memory group manager is configured
01-01 07:00:03.366     0     0 I         : [7 T8     ..] mali fe400000.bifrost: Using coherency mode 0 set from dtb
01-01 07:00:03.368     0     0 I         : [7 T8     ..] mali fe400000.bifrost: Probed as mali0
01-01 07:00:03.570     0     0 W [6 T193   ..] amlogic_dnlp_alg: module license 'Copyright (C) 2015 Amlogic, Inc. All rights reserved.' taints kernel.
01-01 07:00:03.570     0     0 W         : [6 T193   ..] Disabling lock debugging due to kernel taint
01-01 07:00:03.571     0     0 W [6 T193   ..] amlogic_dnlp_alg: disagrees about version of symbol dnlp_alg_function
01-01 07:00:03.571     0     0 W         : [6 T193   ..] !!!MUST FIX!!! amlogic_dnlp_alg: ko need recompile.
01-01 07:00:03.571     0     0 W [6 T193   d.] CPU: 6 PID: 193 Comm: init Tainted: P           OE     5.15.78-android13-8-g6b2ecab98f61-ab510 #1
01-01 07:00:03.571     0     0 W         : [6 T193   d.] Hardware name: Amlogic (DT)
01-01 07:00:03.571     0     0 W         : [6 T193   d.] Call trace:
01-01 07:00:03.571     0     0 W         : [6 T193   d.]  dump_backtrace.cfi_jt+0x0/0x8
01-01 07:00:03.571     0     0 W         : [6 T193   d.]  show_stack+0x1c/0x2c
01-01 07:00:03.571     0     0 W         : [6 T193   d.]  dump_stack_lvl+0x7c/0xc4
01-01 07:00:03.571     0     0 W         : [6 T193   d.]  check_version+0x108/0x114
01-01 07:00:03.571     0     0 W         : [6 T193   d.]  resolve_symbol+0xc8/0x464
01-01 07:00:03.571     0     0 W         : [6 T193   d.]  simplify_symbols+0x188/0x3bc
01-01 07:00:03.571     0     0 W         : [6 T193   d.]  load_module+0xb5c/0x1644
01-01 07:00:03.571     0     0 W         : [6 T193   d.]  __arm64_sys_finit_module+0xbc/0xfc
01-01 07:00:03.571     0     0 W         : [6 T193   d.]  invoke_syscall+0x60/0x150
01-01 07:00:03.571     0     0 W         : [6 T193   d.]  el0_svc_common.llvm.1445355289302584398+0xb8/0xf8
01-01 07:00:03.571     0     0 W         : [6 T193   d.]  do_el0_svc+0x28/0xa0
01-01 07:00:03.571     0     0 W         : [6 T193   d.]  el0_svc+0x24/0x84
01-01 07:00:03.571     0     0 W         : [6 T193   d.]  el0t_64_sync_handler+0x88/0xec
01-01 07:00:03.571     0     0 W         : [6 T193   d.]  el0t_64_sync+0x1b4/0x1b8
01-01 07:00:03.573     0     0 W         : [6 T193   ..] Kernel module BTF mismatch detected, BTF debug info may be unavailable for some modules
01-01 07:00:03.574     0     0 I [6 T193   ..] [dnlp_alg]: aml_dnlp_alg_init insmod ok. v001.07x_20220908
01-01 07:00:03.574     0     0 I [6 T193   ..] [dnlp_alg]: dnlp_alg_init: is ok
01-01 07:00:03.577     0     0 I [0 T13    dh] dnlp_alg_param_init: is ok
01-01 07:00:03.578     0     0 I [5 T193   ..] gdc: register_gdc_fw_funcs: register_gdc_fw_funcs, func_ptr:000000008aab398a version:GDC FW Module: v2022.11.11
01-01 07:00:03.580     0     0 I [6 T193   ..] hdr10_tmo_alg: hdr10_tmo_alg_driver_init insmod ok. v1.0_2022-5-12
01-01 07:00:03.702     0     0 I [7 T257   ..] [wireless]: amlogic rfkill init
01-01 07:00:03.726     0     0 I         : [6 T258   ..] amlogic-pcie-v2 f5000000.pcie: host bridge /soc/pcie@f5000000 ranges:
01-01 07:00:03.726     0     0 I         : [6 T258   ..] amlogic-pcie-v2 f5000000.pcie:       IO 0x00f5600000..0x00f56fffff -> 0x0000000000
01-01 07:00:03.726     0     0 I         : [6 T258   ..] amlogic-pcie-v2 f5000000.pcie:      MEM 0x00f5700000..0x00f6ffffff -> 0x00f5700000
01-01 07:00:03.726     0     0 I         : [6 T258   ..] amlogic-pcie-v2 f5000000.pcie: GPIO normal: assert reset
01-01 07:00:03.744     0     0 I         : [6 T258   ..] amlogic-pcie-v2 f5000000.pcie: iATU unroll: enabled
01-01 07:00:03.744     0     0 I         : [6 T258   ..] amlogic-pcie-v2 f5000000.pcie: Detected iATU regions: 4 outbound, 4 inbound
01-01 07:00:03.814     0     0 I         : [4 T70    ..] lcd vlock_en=1, vlock_mode=0x8 i=101
01-01 07:00:03.932     0     0 I         : [0 T258   ..] amlogic-pcie-v2 f5000000.pcie: Link up
01-01 07:00:03.932     0     0 I         : [0 T258   ..] amlogic-pcie-v2 f5000000.pcie: PCI host bridge to bus 0000:00
01-01 07:00:03.932     0     0 I         : [0 T258   ..] pci_bus 0000:00: root bus resource [bus 00-ff]
01-01 07:00:03.932     0     0 I         : [0 T258   ..] pci_bus 0000:00: root bus resource [io  0x0000-0xfffff]
01-01 07:00:03.932     0     0 I         : [0 T258   ..] pci_bus 0000:00: root bus resource [mem 0xf5700000-0xf6ffffff]
01-01 07:00:03.932     0     0 I         : [0 T258   ..] pci 0000:00:00.0: [16c3:abcd] type 01 class 0x060400
01-01 07:00:03.932     0     0 I         : [0 T258   ..] pci 0000:00:00.0: reg 0x38: [mem 0x00000000-0x0000ffff pref]
01-01 07:00:03.932     0     0 I         : [0 T258   ..] pci 0000:00:00.0: supports D1
01-01 07:00:03.932     0     0 I         : [0 T258   ..] pci 0000:00:00.0: PME# supported from D0 D1 D3hot D3cold
01-01 07:00:03.935     0     0 I         : [0 T258   ..] pci 0000:01:00.0: [17cb:1107] type 00 class 0x028000
01-01 07:00:03.935     0     0 I         : [0 T258   ..] pci 0000:01:00.0: reg 0x10: [mem 0x00000000-0x001fffff 64bit]
01-01 07:00:03.935     0     0 I         : [0 T258   ..] pci 0000:01:00.0: Upstream bridge's Max Payload Size set to 128 (was 256, max 256)
01-01 07:00:03.935     0     0 I         : [0 T258   ..] pci 0000:01:00.0: Max Payload Size set to 128 (was 128, max 128)
01-01 07:00:03.935     0     0 I         : [0 T258   ..] pci 0000:01:00.0: PME# supported from D0 D3hot D3cold
01-01 07:00:03.935     0     0 I         : [0 T258   ..] pci 0000:01:00.0: 4.000 Gb/s available PCIe bandwidth, limited by 5.0 GT/s PCIe x1 link at 0000:00:00.0 (capable of 15.752 Gb/s with 8.0 GT/s PCIe x2 link)
01-01 07:00:03.954     0     0 I         : [0 T258   ..] pci 0000:00:00.0: BAR 14: assigned [mem 0xf5800000-0xf59fffff]
01-01 07:00:03.954     0     0 I         : [0 T258   ..] pci 0000:00:00.0: BAR 6: assigned [mem 0xf5700000-0xf570ffff pref]
01-01 07:00:03.954     0     0 I         : [0 T258   ..] pci 0000:01:00.0: BAR 0: assigned [mem 0xf5800000-0xf59fffff 64bit]
01-01 07:00:03.954     0     0 I         : [0 T258   ..] pci 0000:00:00.0: PCI bridge to [bus 01-ff]
01-01 07:00:03.954     0     0 I         : [0 T258   ..] pci 0000:00:00.0:   bridge window [mem 0xf5800000-0xf59fffff]
01-01 07:00:03.954     0     0 I [0 T258   ..] OF: /soc/pcie@f5000000: no iommu-map translation for id 0x0 on (null)
01-01 07:00:03.954     0     0 I         : [0 T258   ..] pcieport 0000:00:00.0: PME: Signaling with IRQ 97
01-01 07:00:03.955     0     0 I         : [0 T258   ..] pcieport 0000:00:00.0: AER: enabled with IRQ 97
01-01 07:00:03.955     0     0 I         : [0 T258   ..] amlogic-pcie-v2 f5000000.pcie: Link up, GEN2,link width is x1
01-01 07:00:03.956     0     0 I         : [0 T258   ..] insmod (258) used greatest stack depth: 11264 bytes left
01-01 07:00:04.033     0     0 I [4 T262   ..] ntfs3: Max link count 4000
01-01 07:00:04.084     0     0 I [4 T264   ..] zram: Added device: zram0
01-01 07:00:04.275     0     0 I         : [6 T272   ..] meson8b-dwmac fdc00000.ethernet: IRQ eth_wake_irq not found
01-01 07:00:04.275     0     0 I         : [6 T272   ..] meson8b-dwmac fdc00000.ethernet: IRQ eth_lpi not found
01-01 07:00:04.275     0     0 I         : [6 T272   ..] meson8b-dwmac fdc00000.ethernet: PTP uses main clock
01-01 07:00:04.277     0     0 I         : [6 T272   ..] meson8b-dwmac fdc00000.ethernet: User ID: 0x12, Synopsys ID: 0x51
01-01 07:00:04.277     0     0 I         : [6 T272   ..] meson8b-dwmac fdc00000.ethernet: 	DWMAC4/5
01-01 07:00:04.277     0     0 I         : [6 T272   ..] meson8b-dwmac fdc00000.ethernet: DMA HW capability register supported
01-01 07:00:04.277     0     0 I         : [6 T272   ..] meson8b-dwmac fdc00000.ethernet: RX Checksum Offload Engine supported
01-01 07:00:04.277     0     0 I         : [6 T272   ..] meson8b-dwmac fdc00000.ethernet: TX Checksum insertion supported
01-01 07:00:04.277     0     0 I         : [6 T272   ..] meson8b-dwmac fdc00000.ethernet: Wake-Up On Lan supported
01-01 07:00:04.277     0     0 I         : [6 T272   ..] meson8b-dwmac fdc00000.ethernet: Enable RX Mitigation via HW Watchdog Timer
01-01 07:00:04.277     0     0 I         : [6 T272   ..] meson8b-dwmac fdc00000.ethernet: device MAC address 02:ad:36:01:f7:10
01-01 07:00:04.277     0     0 I         : [6 T272   ..] meson8b-dwmac fdc00000.ethernet: Enabled RFS Flow TC (entries=8)
01-01 07:00:04.277     0     0 I         : [6 T272   ..] meson8b-dwmac fdc00000.ethernet: Using 32 bits DMA width
01-01 07:00:04.280     0     0 I         : [4 T272   ..] aml_cust_setting
01-01 07:00:04.280     0     0 I [4 T272   ..] input: input_ethrcu as /devices/platform/soc/fdc00000.ethernet/input/input3
01-01 07:00:04.282     0     0 E         : [5 T8     ..] mdio_bus 0.0: ethernet-phy@0 has invalid PHY address
01-01 07:00:04.282     0     0 I         : [5 T8     ..] mdio_bus 0.0: scan phy ethernet-phy at address 0
01-01 07:00:04.283     0     0 I         : [5 T8     ..] mdio_bus 0.0: scan phy ethernet-phy at address 1
01-01 07:00:04.283     0     0 I         : [5 T8     ..] mdio_bus 0.0: scan phy ethernet-phy at address 2
01-01 07:00:04.283     0     0 I         : [5 T8     ..] mdio_bus 0.0: scan phy ethernet-phy at address 3
01-01 07:00:04.283     0     0 I         : [5 T8     ..] mdio_bus 0.0: scan phy ethernet-phy at address 4
01-01 07:00:04.284     0     0 I         : [5 T8     ..] mdio_bus 0.0: scan phy ethernet-phy at address 5
01-01 07:00:04.284     0     0 I         : [5 T8     ..] mdio_bus 0.0: scan phy ethernet-phy at address 6
01-01 07:00:04.284     0     0 I         : [5 T8     ..] mdio_bus 0.0: scan phy ethernet-phy at address 7
01-01 07:00:04.285     0     0 I         : [5 T8     ..] Airoha AN8801R 0.0:07: PHY-ID = c0ff0421
01-01 07:00:04.286     0     0 I [5 T8     ..] [mdio-g12a]: tx_amp_addr fe010330
01-01 07:00:04.286     0     0 I [5 T8     ..] [mdio-g12a]: txamp 0x33
01-01 07:00:04.286     0     0 I [5 T8     ..] [mdio-g12a]: use default st_mode
01-01 07:00:04.322     0     0 I [2 T275   ..] i2c_dev: i2c /dev entries driver
01-01 07:00:04.437     0     0 W         : [5 T279   ..] aml dvb init
01-01 07:00:04.465     0     0 E [4 T280   ..] [dvb-ci]: aml_ci: Amlogic CI mode init
01-01 07:00:04.502     0     0 W         : [7 T281   ..] rtc rtc0: invalid alarm value: 1969-06-17T1193026:22:07
01-01 07:00:04.503     0     0 I         : [7 T281   ..] meson-vrtc fe010288.rtc: registered as rtc0
01-01 07:00:04.503     0     0 I         : [7 T281   ..] meson-vrtc fe010288.rtc: setting system clock to 1970-01-01T00:00:04 UTC (4)
01-01 07:00:04.580     0     0 I [7 T284   ..] optee: probing for conduit method.
01-01 07:00:04.580     0     0 I [7 T284   ..] optee: revision 3.8 (9eacf4f3)
01-01 07:00:04.581     0     0 I [5 T284   ..] optee: dynamic shared memory is enabled
01-01 07:00:04.581     0     0 I [5 T284   ..] optee: initialized driver
01-01 07:00:04.623     0     0 I         : [1 T288   ..] hifi4dsp fe340018.hifi4dsp: assigned reserved memory node linux,dsp_fw
01-01 07:00:04.625     0     0 I [3 T288   ..] [hifidsp]: of read shmem phys = [0x40820000 0x80000]
01-01 07:00:04.625     0     0 I [3 T288   ..] [hifidsp]: sharemem map phys:0x40820000-->virt:0xffffffc00d5a8000
01-01 07:00:04.626     0     0 I [3 T288   ..] [hifidsp]: register dsp-0 start
01-01 07:00:04.626     0     0 I [3 T288   ..] [hifidsp]: register dsp-0 done
01-01 07:00:04.626     0     0 I [3 T288   ..] [hifidsp]: register dsp-1 start
01-01 07:00:04.626     0     0 I [3 T288   ..] [hifidsp]: register dsp-1 done
01-01 07:00:04.626     0     0 I [3 T288   ..] [hifidsp]: hifi4dsp_platform_probe done
01-01 07:00:04.627     0     0 I         : [3 T288   ..] insmod (288) used greatest stack depth: 10368 bytes left
01-01 07:00:04.767     0     0 I         : [0 T294   ..] Registered hwevent_queue driver
01-01 07:00:04.794     0     0 I         : [6 T296   ..] Registered LED control at 478.
01-01 07:00:04.823     0     0 I         : [6 T298   ..] Found IS31FL3195 at i2c address 54
01-01 07:00:04.853     0     0 I         : [6 T299   ..] Initing gpio ir driver.
01-01 07:00:04.854     0     0 I [6 T299   ..] gpio_ir_receiver: [gpio_ir_receiver_init]
01-01 07:00:04.854     0     0 I [6 T299   ..] gpio_ir_receiver: [rc_dev_init]
01-01 07:00:04.854     0     0 I         : [6 T299   ..] Registered IR keymap rc-empty
01-01 07:00:04.854     0     0 I         : [6 T299   ..] rc rc0: CAAVO_GPIO_RX as /devices/virtual/rc/rc0
01-01 07:00:04.854     0     0 I         : [0 T299   ..] rc rc0: lirc_dev: driver CAAVO_GPIO_RX registered at minor = 0, raw IR receiver, no transmitter
01-01 07:00:04.854     0     0 I [0 T299   ..] input: CAAVO_GPIO_RX as /devices/virtual/rc/rc0/input4
01-01 07:00:04.854     0     0 I [5 T299   ..] gpio_ir_receiver: gpio_to_irq irq_pin is 100
01-01 07:00:04.854     0     0 I [5 T299   ..] gpio_ir_receiver: Init completed for version 1.0.8
01-01 07:00:05.457     0     0 I         : [0 T301   ..] apple_auth 3-0010: Write retries exceeded
01-01 07:00:05.457     0     0 I         : [0 T301   ..] Apple Auth chip was NOT found on i2c bus at addr:0x10 !
01-01 07:00:05.457     0     0 E         : [0 T301   ..] Registered Apple Authentication Chip driver with major number: 477
01-01 07:00:05.485     0     0 I         : [4 T302   ..] psmon psmon: initiallized in ADC mode
01-01 07:00:05.485     0     0 I         : [4 T302   ..] psmon psmon: started power supply brownout monitor.
01-01 07:00:05.485     0     0 I         : [0 T303   ..] psmon brownout detection thread started, shutdown limit 10000 mV.
01-01 07:00:05.554     0     0 I [6 T305   ..] [snd-soc]: regmap_resource, hdmirx-arc, start:0xfe39c000, size:0x10c
01-01 07:00:05.575     0     0 I         : [2 T305   ..] audio-ddr-manager fe330000.audiobus:ddr_manager: 0, irqs frddr 36
01-01 07:00:05.575     0     0 I         : [2 T305   ..] audio-ddr-manager fe330000.audiobus:ddr_manager: 1, irqs frddr 37
01-01 07:00:05.575     0     0 I         : [2 T305   ..] audio-ddr-manager fe330000.audiobus:ddr_manager: 2, irqs frddr 38
01-01 07:00:05.575     0     0 I         : [2 T305   ..] audio-ddr-manager fe330000.audiobus:ddr_manager: 3, irqs frddr 39
01-01 07:00:05.575     0     0 I [2 T305   ..] [snd-soc]: regmap_resource, tx_cmdc, start:0xfe333000, size:0x400
01-01 07:00:05.576     0     0 I [2 T305   ..] [snd-soc]: regmap_resource, tx_dmac, start:0xfe333400, size:0x200
01-01 07:00:05.576     0     0 I [2 T305   ..] [snd-soc]: regmap_resource, tx_top, start:0xfe333600, size:0x200
01-01 07:00:05.576     0     0 I [2 T305   ..] [snd-soc]: regmap_resource, rx_cmdc, start:0xfe333800, size:0x400
01-01 07:00:05.576     0     0 I [2 T305   ..] [snd-soc]: regmap_resource, rx_dmac, start:0xfe333c00, size:0x200
01-01 07:00:05.576     0     0 I [2 T305   ..] [snd-soc]: regmap_resource, rx_top, start:0xfe333e00, size:0x200
01-01 07:00:05.576     0     0 E         : [2 T305   ..] EARC fe333000.earc: Can't retrieve suspend-clk-off
01-01 07:00:05.576     0     0 I         : [2 T305   ..] EARC fe333000.earc: earc_platform_probe, irq_earc_rx:44
01-01 07:00:05.576     0     0 I         : [2 T305   ..] EARC fe333000.earc: earc_platform_probe, irq_earc_tx:45
01-01 07:00:05.577     0     0 I         : [0 T306   ..] EARC fe333000.earc: EARCRX_CMDC_TIMEOUT
01-01 07:00:05.577     0     0 I         : [0 T306   ..] EARC fe333000.earc: EARCRX_CMDC_IDLE2
01-01 07:00:05.577     0     0 I         : [0 T306   ..] EARC fe333000.earc: EARCRX_CMDC_IDLE1
01-01 07:00:05.577     0     0 I         : [0 T306   ..] EARC fe333000.earc: EARCRX_CMDC_DISC2
01-01 07:00:05.577     0     0 I         : [0 T306   ..] EARC fe333000.earc: EARCRX_CMDC_DISC1
01-01 07:00:05.577     0     0 I         : [0 T306   ..] EARC fe333000.earc: EARCRX_CMDC_LOSTHB
01-01 07:00:05.577     0     0 I         : [0 T307   ..] EARC fe333000.earc: EARCTX_CMDC_IDLE1
01-01 07:00:05.577     0     0 I         : [7 T305   ..] EARC fe333000.earc: HDMITX cable is plugin
01-01 07:00:05.577     0     0 E         : [7 T305   ..] EARC fe333000.earc: registered eARC platform
01-01 07:00:05.579     0     0 I [7 T305   ..] [snd-soc]: effect_platform_probe 	 module:1, lane_mask:1, ch_mask:255
01-01 07:00:05.582     0     0 I [7 T305   ..] [snd-soc]: extn_platform_probe, register soc platform
01-01 07:00:05.588     0     0 I [7 T305   ..] [snd-soc]: resample_platform_probe
01-01 07:00:05.588     0     0 E         : [7 T305   ..] audioresample fe330000.audiobus:resample@0: Can't retrieve suspend-clk-off
01-01 07:00:05.589     0     0 I [7 T305   ..] [snd-soc]: new_resample_init: Start init new resample A parameters!
01-01 07:00:05.589     0     0 E         : [7 T305   ..] Codec io: No support bus type 2 to write.
01-01 07:00:05.590     0     0 E         : [7 T305   ..] Codec io: write cbus reg 45 error -1
01-01 07:00:05.592     0     0 I [7 T305   ..] [snd-soc]: resample_clk_set:set hifi pll
01-01 07:00:05.592     0     0 I [7 T305   ..] [snd-soc]: resample_clk_set, resample_pll:983999940, sclk:12300000, clk:12300000
01-01 07:00:05.592     0     0 I [7 T305   ..] [snd-soc]: new_resample_set_ratio(), id = 0, phase_step = 0x10000000, input_sr = 48000, output_sr = 48000
01-01 07:00:05.592     0     0 I [7 T305   ..] [snd-soc]: resample id = 0, new resample = 2, resample_module = 8
01-01 07:00:05.592     0     0 I [7 T305   ..] [snd-soc]: resample_platform_probe
01-01 07:00:05.592     0     0 E         : [7 T305   ..] audioresample fe330000.audiobus:resample@1: Can't retrieve suspend-clk-off
01-01 07:00:05.592     0     0 I [7 T305   ..] [snd-soc]: new_resample_init: Start init new resample B parameters!
01-01 07:00:05.592     0     0 E         : [7 T305   ..] Codec io: No support bus type 2 to write.
01-01 07:00:05.593     0     0 E         : [7 T305   ..] Codec io: write cbus reg 45 error -1
01-01 07:00:05.594     0     0 I [7 T305   ..] [snd-soc]: resample_clk_set, resample_pll:491517535, sclk:12287939, clk:12287939
01-01 07:00:05.594     0     0 I [7 T305   ..] [snd-soc]: new_resample_set_ratio(), id = 1, phase_step = 0x30000000, input_sr = 48000, output_sr = 16000
01-01 07:00:05.595     0     0 I [7 T305   ..] [snd-soc]: resample id = 1, new resample = 2, resample_module = 7
01-01 07:00:05.596     0     0 E         : [7 T305   ..] snd_spdif fe330000.audiobus:spdif@0: Can't retrieve suspend-clk-off
01-01 07:00:05.596     0     0 W         : [7 T305   ..] snd_spdif fe330000.audiobus:spdif@0: no clk_src_cd clock for 44k case
01-01 07:00:05.596     0     0 E         : [7 T305   ..] snd_spdif fe330000.audiobus:spdif@1: Can't retrieve suspend-clk-off
01-01 07:00:05.597     0     0 W         : [7 T305   ..] snd_spdif fe330000.audiobus:spdif@1: no clk_src_cd clock for 44k case
01-01 07:00:05.599     0     0 I [7 T305   ..] [snd-soc]: aml_tdm_platform_probe, tdm ID = 0, lane_cnt = 4
01-01 07:00:05.599     0     0 E         : [7 T305   ..] snd_tdm fe330000.audiobus:tdm@0: Can't retrieve suspend-clk-off
01-01 07:00:05.599     0     0 W         : [7 T305   ..] snd_tdm fe330000.audiobus:tdm@0: no clk_src_cd clock for 44k case
01-01 07:00:05.599     0     0 I [7 T305   ..] [snd-soc]: aml_tdm_platform_probe, tdm ID = 1, lane_cnt = 4
01-01 07:00:05.599     0     0 E         : [7 T305   ..] snd_tdm fe330000.audiobus:tdm@1: Can't retrieve suspend-clk-off
01-01 07:00:05.600     0     0 I [7 T305   ..] [snd-soc]: TDM id 1 supports hdmirx
01-01 07:00:05.600     0     0 W         : [7 T305   ..] snd_tdm fe330000.audiobus:tdm@1: no clk_src_cd clock for 44k case
01-01 07:00:05.600     0     0 I [7 T305   ..] [snd-soc]: aml_tdm_get_pins error!
01-01 07:00:05.600     0     0 I [7 T305   ..] [snd-soc]: TDM id 1 output clk enable:1
01-01 07:00:05.600     0     0 I [7 T305   ..] [snd-soc]: TDM id 1 tuning clk enable:1
01-01 07:00:05.600     0     0 I [7 T305   ..] [snd-soc]: aml_tdm_platform_probe, tdm ID = 2, lane_cnt = 4
01-01 07:00:05.600     0     0 E         : [7 T305   ..] snd_tdm fe330000.audiobus:tdm@2: Can't retrieve suspend-clk-off
01-01 07:00:05.601     0     0 I [7 T305   ..] [snd-soc]: TDM id 2 supports hdmirx
01-01 07:00:05.601     0     0 I [7 T305   ..] [snd-soc]: TDM id 2 i2s2hdmi:1
01-01 07:00:05.601     0     0 W         : [7 T305   ..] snd_tdm fe330000.audiobus:tdm@2: no clk_src_cd clock for 44k case
01-01 07:00:05.601     0     0 I [7 T305   ..] [snd-soc]: aml_tdm_get_pins error!
01-01 07:00:05.601     0     0 I [7 T305   ..] [snd-soc]: aml_tdm_platform_probe, tdm ID = 3, lane_cnt = 4
01-01 07:00:05.601     0     0 E         : [7 T305   ..] snd_tdm fe330000.audiobus:tdm@3: Can't retrieve suspend-clk-off
01-01 07:00:05.602     0     0 W         : [7 T305   ..] snd_tdm fe330000.audiobus:tdm@3: no clk_src_cd clock for 44k case
01-01 07:00:05.602     0     0 E         : [7 T305   ..] meson-t7-pinctrl fe000000.apb4:pinctrl@4000: pin GPIOM_4 already requested by fe330000.audiobus:pdm; cannot claim for fe330000.audiobus:tdm@3
01-01 07:00:05.604     0     0 E         : [7 T305   ..] meson-t7-pinctrl fe000000.apb4:pinctrl@4000: pin-119 (fe330000.audiobus:tdm@3) status -22
01-01 07:00:05.605     0     0 E         : [7 T305   ..] meson-t7-pinctrl fe000000.apb4:pinctrl@4000: could not request pin 119 (GPIOM_4) from group tdm_sclk3  on device pinctrl-meson
01-01 07:00:05.607     0     0 E         : [7 T305   ..] snd_tdm fe330000.audiobus:tdm@3: Error applying setting, reverse things back
01-01 07:00:05.608     0     0 I [7 T305   ..] [snd-soc]: aml_tdm_get_pins error!
01-01 07:00:05.608     0     0 I [7 T305   ..] [snd-soc]: TDM id 3 output clk enable:1
01-01 07:00:05.608     0     0 I [7 T305   ..] [snd-soc]: TDM id 3 tuning clk enable:1
01-01 07:00:05.610     0     0 I [7 T305   ..] input: vad_keypad as /devices/platform/soc/fe330000.audiobus/fe330000.audiobus:vad/input/input5
01-01 07:00:05.612     0     0 E         : [1 T305   ..] asoc-aml-card auge_sound: aml_card_dai_link_of, error dai-link idx:1, error getting codec dai, ret -517
01-01 07:00:05.613     0     0 E         : [1 T305   ..] asoc-aml-card auge_sound: parse dai_link-1 fail
01-01 07:00:05.614     0     0 E         : [1 T305   ..] asoc-aml-card auge_sound: aml_card_probe, aml_card_parse_of error -517 PROBE RETRY
01-01 07:00:05.615     0     0 E [1 T305   ..] [snd-soc]: aml_card_probe error ret:-517
01-01 07:00:05.616     0     0 I [1 T305   ..] [snd-soc]: [dsp]register dsp to char device(272)
01-01 07:00:05.620     0     0 E         : [4 T8     ..] asoc-aml-card auge_sound: aml_card_dai_link_of, error dai-link idx:1, error getting codec dai, ret -517
01-01 07:00:05.620     0     0 E         : [4 T8     ..] asoc-aml-card auge_sound: parse dai_link-1 fail
01-01 07:00:05.621     0     0 E         : [4 T8     ..] asoc-aml-card auge_sound: aml_card_probe, aml_card_parse_of error -517 PROBE RETRY
01-01 07:00:05.622     0     0 E [4 T8     ..] [snd-soc]: aml_card_probe error ret:-517
01-01 07:00:05.625     0     0 E         : [4 T8     ..] asoc-aml-card auge_sound: aml_card_dai_link_of, error dai-link idx:1, error getting codec dai, ret -517
01-01 07:00:05.626     0     0 E         : [4 T8     ..] asoc-aml-card auge_sound: parse dai_link-1 fail
01-01 07:00:05.627     0     0 E         : [4 T8     ..] asoc-aml-card auge_sound: aml_card_probe, aml_card_parse_of error -517 PROBE RETRY
01-01 07:00:05.628     0     0 E [4 T8     ..] [snd-soc]: aml_card_probe error ret:-517
01-01 07:00:05.644     0     0 I         : [0 T308   ..] tl1_acodec fe01a000.codec: aml_tl1_acodec_probe
01-01 07:00:05.644     0     0 I         : [0 T308   ..] tl1_acodec fe01a000.codec: Can't retrieve acodec clock
01-01 07:00:05.644     0     0 I [0 T308   ..] [snd-codec-tl1]: aml_tl1_acodec tdmout_index=1
01-01 07:00:05.644     0     0 I [0 T308   ..] [snd-codec-tl1]: aml_tl1_acodec dat1_ch_sel=0
01-01 07:00:05.644     0     0 I [0 T308   ..] [snd-codec-tl1]: aml_tl1_acodec tdmin_index=1
01-01 07:00:05.644     0     0 I [0 T308   ..] [snd-codec-tl1]: aml_tl1_acodec_probe over
01-01 07:00:05.649     0     0 I [4 T70    ..] [snd-codec-tl1]: tl1_acodec_release_fast_mode_work_func
01-01 07:00:05.649     0     0 I [4 T70    ..] [snd-codec-tl1]: tl1_acodec_set_toacodec, is_bclk_cap_inv true
01-01 07:00:05.649     0     0 I [4 T70    ..] [snd-codec-tl1]: tl1_acodec_set_toacodec, is_bclk_o_inv false
01-01 07:00:05.649     0     0 I [4 T70    ..] [snd-codec-tl1]: tl1_acodec_set_toacodec, is_lrclk_inv false
01-01 07:00:05.649     0     0 I [4 T70    ..] [snd-codec-tl1]: tl1_acodec_set_toacodec read EE_AUDIO_TOACODEC_CTRL0=0xe0091211
01-01 07:00:05.649     0     0 I [4 T70    ..] [snd-codec-tl1]: call standard reset interface
01-01 07:00:05.649     0     0 I [4 T8     ..] [snd-codec-tl1]: tl1_acodec_probe
01-01 07:00:05.653     0     0 I [4 T8     ..] [snd-soc]: asoc debug: extn_dai_probe-480
01-01 07:00:05.653     0     0 I [4 T8     ..] [snd-soc]: hdmirx_arc_write_reg reg 0x42, value 0x0
01-01 07:00:05.653     0     0 D [4 T8     ..] [snd-soc]: resample_set resample_a to Enable:48K, last Disable
01-01 07:00:05.653     0     0 I [4 T8     ..] [snd-soc]: new_resample_set_ratio(), id = 0, phase_step = 0x10000000, input_sr = 48000, output_sr = 48000
01-01 07:00:05.653     0     0 E         : [4 T8     ..] asoc-aml-card auge_sound: control 2:0:0:TDM MCLK Fine Setting:0 is already present
01-01 07:00:05.654     0     0 E         : [4 T8     ..] snd_tdm fe330000.audiobus:tdm@3: ASoC: Failed to add TDM MCLK Fine Setting: -16
01-01 07:00:05.655     0     0 E [4 T8     ..] [snd-soc]: aml_dai_tdm_probe, failed add snd tdm clk controls
01-01 07:00:05.656     0     0 I [4 T8     ..] [snd-soc]: aml_set_spdifclk_1: spdif_id 0, freq = 6144000
01-01 07:00:05.656     0     0 D [4 T8     ..] [snd-soc]: spdifout_play_with_zerodata_free, spdif id:0
01-01 07:00:05.656     0     0 D [4 T8     ..] [snd-soc]: spdifout_play_with_zerodata_free, spdif id:1
01-01 07:00:05.656     0     0 I [4 T8     ..] [snd-soc]:  
01-01 07:00:05.656     0     0 I         : [4 T8     ..] loopback_dai_set_sysclk, 0, 12288000, 0
01-01 07:00:05.656     0     0 I [4 T8     ..] [snd-soc]: asoc loopback_dai_set_fmt, 0x4010, 00000000b981cbc1
01-01 07:00:05.664     0     0 I [4 T8     ..] [snd-soc]: snd_card_add_kcontrols card:000000005d58f02c
01-01 07:00:05.664     0     0 W [4 T8     ..] [snd-soc]: no node audio_effect for eq/drc info!
01-01 07:00:05.742     0     0 I [3 T310   ..] cfg80211: Loading compiled-in X.509 certificates for regulatory database
01-01 07:00:05.743     0     0 I [2 T310   ..] cfg80211: Loaded X.509 cert 'sforshee: 00b28ddf47aef9cea7'
01-01 07:00:05.858     0     0 I [4 T70    ..] [snd-codec-tl1]: call standard reset interface
01-01 07:00:05.866     0     0 I [5 T316   ..] sonos_sec_soc: CPUID: 360c010600000000131b50842d409990
01-01 07:00:05.890     0     0 I [7 T317   ..] caamkeys_init: module inserted for major 475
01-01 07:00:06.027     0     0 I         : [4 T1     ..] Registered swp emulation handler
01-01 07:00:06.078     0     0 I [2 T193   ..] [mmc]: emmc_key_read:552, read ok
01-01 07:00:06.079     0     0 I [2 T193   ..] [efuse-unifykey]: mark is not found
01-01 07:00:06.084     0     0 I [0 T318   ..] logd.auditd: start
01-01 07:00:06.091     0     0 I [0 T193   ..] [dovi_t7_5_15_stb26]: *** amlogic_dolby_vision_init dv: t7 ***
01-01 07:00:06.091     0     0 I         : [0 T193   ..] *** register_dv_multi_stb_functions.***
01-01 07:00:06.091     0     0 I [0 T193   ..] [dovi_t7_5_15_stb26]: Creating DV mp success
01-01 07:00:06.091     0     0 I [0 T193   ..] [dovi_t7_5_15_stb26]: Creating DV mp success
01-01 07:00:06.091     0     0 I         : [0 T193   ..] enable DV HLG when stb v2.6. policy 41
01-01 07:00:06.091     0     0 I         : [0 T193   ..] efuse_mode=0 reg_value = 0x45
01-01 07:00:06.091     0     0 I         : [0 T193   ..] dv capability 7
01-01 07:00:06.095     0     0 I [4 T193   ..] init: wait for '/odm/lib/ms12' took 0ms
01-01 07:00:06.098     0     0 I [0 T318   ..] logd: Loaded bug_map file: /system_ext/etc/selinux/bug_map
01-01 07:00:06.098     0     0 I [0 T318   ..] logd: Loaded bug_map file: /vendor/etc/selinux/selinux_denial_metadata
01-01 07:00:06.098     0     0 I [2 T318   ..] logd: Loaded bug_map file: /system/etc/selinux/bug_map
01-01 07:00:06.158     0     0 E [3 T329   ..] [secmon]: DBG=======> dolby_fw_ioctl 438 cmd:0x10 arg3=0
01-01 07:00:06.158     0     0 E [3 T329   ..] [secmon]: DBG=======> dolby_fw_ioctl 438 cmd:0x20 arg3=0
01-01 07:00:06.170     0     0 I [4 T143   ..] [snd-soc]: av out status: high
01-01 07:00:06.433     0     0 E [3 T329   ..] [secmon]: DBG=======> dolby_fw_ioctl 438 cmd:0x30 arg3=0
01-01 07:00:06.467     0     0 E [3 T329   ..] [secmon]: DBG=======> dolby_fw_verify 231 DOLBY_FW_VERIFY_CRITICAL arg2=768 arg3=0
01-01 07:00:06.482     0     0 I [2 T193   ..] init: wait for '/dev/dolby_fw' took 0ms
01-01 07:00:06.560     0     0 E [7 T193   ..] [media_clock]: of_address_to_resource failed
01-01 07:00:06.566     0     0 W         : [4 T193   ..] firmware_codec firmware_vdec: Direct firmware load for video/h264_enc.bin failed with error -2
01-01 07:00:06.566     0     0 I [4 T193   ..] [firmware]: Error : -2 can't load the video/h264_enc.bin.
01-01 07:00:06.566     0     0 I [4 T193   ..] [firmware]: get data from fsys fail.
01-01 07:00:06.566     0     0 I [4 T193   ..] [firmware]: invalid file type.
01-01 07:00:06.594     0     0 E         : [5 T193   ..] vdec vdec: Get pwrc-vdec-2 failed, pm-domain: 0
01-01 07:00:06.594     0     0 E         : [5 T193   ..] vdec vdec: Get pwrc-hevc-b failed, pm-domain: 0
01-01 07:00:06.609     0     0 E         : [6 T193   ..] Amlogic A/V streaming port init
01-01 07:00:06.611     0     0 I [6 T193   ..] [media_clock]: get gate demux control failed 0000000000000000
01-01 07:00:06.611     0     0 I [6 T193   ..] [media_clock]: get gate parser_top control failed 0000000000000000
01-01 07:00:06.611     0     0 I [6 T193   ..] [media_clock]: get gate clk_81 control failed 0000000000000000
01-01 07:00:06.611     0     0 I [6 T193   ..] [media_clock]: get gate clk_hevc_mux control failed 0000000000000000
01-01 07:00:06.611     0     0 I [6 T193   ..] [media_clock]: get gate ahbarb0 control failed 0000000000000000
01-01 07:00:06.611     0     0 I [6 T193   ..] [media_clock]: get gate asyncfifo control failed 0000000000000000
01-01 07:00:06.611     0     0 I [6 T193   ..] [media_clock]: set_clock_gate get hevc_mux_str
01-01 07:00:06.611     0     0 I [6 T193   ..] [media_clock]: set_clock_gate get hevcb mux
01-01 07:00:06.611     0     0 I [6 T193   ..] [media_clock]: set_clock_gate get hcodec mux
01-01 07:00:06.611     0     0 I [6 T193   ..] [media_clock]: set_clock_gate get vdec mux
01-01 07:00:06.622     0     0 W         : [4 T1     ..] EXT4-fs (mmcblk0p15): Ignoring removed nomblk_io_submit option
--------- beginning of system
01-01 07:00:06.653   335   335 I vold    : Vold 3.0 (the awakening) firing up
01-01 07:00:06.654   335   335 D vold    : Detected support for: ext4 f2fs vfat exfat
01-01 07:00:06.664   335   335 D vold    : VoldNativeService::start() completed OK
01-01 07:00:06.678     0     0 I         : [4 T1     ..] EXT4-fs (mmcblk0p15): recovery complete
01-01 07:00:06.680     0     0 I         : [4 T1     ..] EXT4-fs (mmcblk0p15): mounted filesystem with ordered data mode. Opts: errors=remount-ro,nomblk_io_submit. Quota mode: journalled.
01-01 07:00:06.740     0     0 I [5 T1     ..] e2fsck: e2fsck 1.46.2 (28-Feb-2021)
01-01 07:00:06.744     0     0 I [0 T1     ..] e2fsck: Pass 1: Checking inodes, blocks, and sizes
01-01 07:00:06.745     0     0 I [5 T1     ..] e2fsck: Pass 2: Checking directory structure
01-01 07:00:06.746     0     0 I [5 T1     ..] e2fsck: Pass 3: Checking directory connectivity
01-01 07:00:06.747     0     0 I [5 T1     ..] e2fsck: Pass 4: Checking reference counts
01-01 07:00:06.747     0     0 I [0 T1     ..] e2fsck: Pass 5: Checking group summary information
01-01 07:00:06.753     0     0 I [0 T1     ..] e2fsck: /dev/block/by-name/param: 19/4096 files (21.1% non-contiguous), 2447/4096 blocks
01-01 07:00:06.756     0     0 W         : [7 T1     ..] EXT4-fs (mmcblk0p15): Ignoring removed nomblk_io_submit option
01-01 07:00:06.760     0     0 I         : [7 T1     ..] EXT4-fs (mmcblk0p15): mounted filesystem with ordered data mode. Opts: nodelalloc,nomblk_io_submit,errors=panic. Quota mode: journalled.
01-01 07:00:06.762     0     0 W         : [4 T1     ..] EXT4-fs (mmcblk0p9): Ignoring removed nomblk_io_submit option
01-01 07:00:06.767     0     0 I         : [5 T1     ..] EXT4-fs (mmcblk0p9): recovery complete
01-01 07:00:06.768     0     0 I         : [5 T1     ..] EXT4-fs (mmcblk0p9): mounted filesystem with ordered data mode. Opts: errors=remount-ro,nomblk_io_submit. Quota mode: none.
01-01 07:00:06.786     0     0 I [2 T1     ..] e2fsck: e2fsck 1.46.2 (28-Feb-2021)
01-01 07:00:06.789     0     0 I [0 T1     ..] e2fsck: Pass 1: Checking inodes, blocks, and sizes
01-01 07:00:06.790     0     0 I [0 T1     ..] e2fsck: Pass 2: Checking directory structure
01-01 07:00:06.799     0     0 W         : [6 T1     ..] EXT4-fs (mmcblk0p9): Ignoring removed nomblk_io_submit option
01-01 07:00:06.802     0     0 I         : [7 T1     ..] EXT4-fs (mmcblk0p9): mounted filesystem with ordered data mode. Opts: nodelalloc,nomblk_io_submit,errors=panic. Quota mode: none.
01-01 07:00:06.807     0     0 W         : [4 T1     ..] FAT-fs (mmcblk0p4): Volume was not properly unmounted. Some data may be corrupt. Please run fsck.
01-01 07:00:07.092     0     0 D [7 T367   ..] vdc: Waited 0ms for vold
01-01 07:00:07.119     0     0 E [0 T1     ..] init: [libfs_mgr]mount_with_alternatives(): skipping mount due to invalid magic, mountpoint=/data blk_dev=/dev/block/mmcblk0p33 rec[12].fs_type=f2fs
01-01 07:00:07.134   335   335 D vold    : fscrypt_mount_metadata_encrypted: /data encrypt: 0 format: 0 with null
01-01 07:00:07.134   335   335 D vold    : metadata_key_dir/key: /metadata/vold/metadata_encryption/key
01-01 07:00:07.137     0     0 D [0 T371   ..] vdc: Waited 0ms for vold
01-01 07:00:07.135   335   335 D vold    : Key exists, using: /metadata/vold/metadata_encryption/key
01-01 07:00:07.168   360   360 I keystore2: keystore2_main: Keystore2 is starting.
01-01 07:00:07.168   360   360 I keystore2: keystore2_main: Setting up sqlite logging for keystore2
01-01 07:00:07.173   360   360 W keystore2: keystore2::metrics_store: In update_keystore_crash_sysprop: Failed to read the existing system property due to: In read_keystore_crash_count: Property not set..Therefore, keystore crashes will not be logged.
01-01 07:00:07.177   360   360 I keystore2: keystore2_main: Starting thread pool now.
01-01 07:00:07.184   360   360 I keystore2: keystore2::globals: KeyMint device is current version (Some(200)) for security level: SecurityLevel(1)
01-01 07:00:07.229   360   373 I keystore2: keystore2::shared_secret_negotiation: Shared secret negotiation concluded successfully.
01-01 07:00:07.231   360   373 I keystore2: keystore2::shared_secret_negotiation: No StrongBox Keymint available, so no RoT transfer
01-01 07:00:07.233   360   360 I keystore2: keystore2_main: Successfully registered Keystore 2.0 service.
01-01 07:00:07.233   360   360 I keystore2: keystore2_main: Joining thread pool now.
01-01 07:00:07.258   335   335 D vold    : Mounting metadata-encrypted filesystem:/data
01-01 07:00:07.260   335   335 I vold    : [libfs_mgr]Running /system/bin/fsck.f2fs -a -c 10000 --debug-cache /dev/block/dm-36
01-01 07:00:07.283     0     0 I [0 T335   ..] fsck.f2fs: Info: Fix the reported corruption.
01-01 07:00:07.283     0     0 I [0 T335   ..] fsck.f2fs: Info: not exist /proc/version!
01-01 07:00:07.283     0     0 I [0 T335   ..] fsck.f2fs: Info: Segments per section = 1
01-01 07:00:07.283     0     0 I [0 T335   ..] fsck.f2fs: Info: Sections per zone = 1
01-01 07:00:07.283     0     0 I [0 T335   ..] fsck.f2fs: Info: sector size = 4096
01-01 07:00:07.284     0     0 I [0 T335   ..] fsck.f2fs: Info: total sectors = 3036416 (11861 MB)
01-01 07:00:07.285     0     0 I [0 T335   ..] fsck.f2fs: Info: MKFS version
01-01 07:00:07.285     0     0 I [0 T335   ..] fsck.f2fs: "6.8.0-48-generic"
01-01 07:00:07.285     0     0 I [0 T335   ..] fsck.f2fs: Info: FSCK version
01-01 07:00:07.285     0     0 I [0 T335   ..] fsck.f2fs: from "5.15.78-android13-8-g6b2ecab98f61-ab510"
01-01 07:00:07.465     0     0 I         : [7 T335   ..] F2FS-fs (dm-36): recover_inode: ino = 11b5, name = <encrypted>, inline = 21
01-01 07:00:07.465     0     0 I         : [7 T335   ..] F2FS-fs (dm-36): recover_data: ino = 11b5 (i_size: recover) recovered = 1, err = 0
01-01 07:00:07.465     0     0 I         : [7 T335   ..] F2FS-fs (dm-36): recover_inode: ino = 11b5, name = <encrypted>, inline = 21
01-01 07:00:07.465     0     0 I         : [7 T335   ..] F2FS-fs (dm-36): recover_data: ino = 11b5 (i_size: recover) recovered = 12, err = 0
01-01 07:00:07.465     0     0 I         : [7 T335   ..] F2FS-fs (dm-36): recover_inode: ino = 11b5, name = <encrypted>, inline = 21
01-01 07:00:07.465     0     0 I         : [7 T335   ..] F2FS-fs (dm-36): recover_data: ino = 11b5 (i_size: recover) recovered = 2, err = 0
01-01 07:00:07.465     0     0 I         : [7 T335   ..] F2FS-fs (dm-36): recover_inode: ino = 11b5, name = <encrypted>, inline = 21
01-01 07:00:07.465     0     0 I         : [7 T335   ..] F2FS-fs (dm-36): recover_data: ino = 11b5 (i_size: recover) recovered = 4, err = 0
01-01 07:00:07.465     0     0 I         : [7 T335   ..] F2FS-fs (dm-36): recover_inode: ino = 11c5, name = <encrypted>, inline = 21
01-01 07:00:07.466     0     0 I         : [7 T335   ..] F2FS-fs (dm-36): recover_dentry: ino = 11c5, name = <encrypted>, dir = f8, err = 0
01-01 07:00:07.466     0     0 I         : [7 T335   ..] F2FS-fs (dm-36): recover_data: ino = 11c5 (i_size: recover) recovered = 3, err = 0
01-01 07:00:07.467     0     0 I         : [7 T335   ..] F2FS-fs (dm-36): recover_data: ino = 19ad (i_size: recover) recovered = 0, err = 0
01-01 07:00:07.467     0     0 I         : [7 T335   ..] F2FS-fs (dm-36): recover_inode: ino = 19ad, name = <encrypted>, inline = 21
01-01 07:00:07.467     0     0 I         : [7 T335   ..] F2FS-fs (dm-36): recover_data: ino = 19ad (i_size: recover) recovered = 0, err = 0
01-01 07:00:07.467     0     0 I         : [7 T335   ..] F2FS-fs (dm-36): recover_inode: ino = 19aa, name = <encrypted>, inline = 21
01-01 07:00:07.467     0     0 I         : [7 T335   ..] F2FS-fs (dm-36): recover_data: ino = 19aa (i_size: recover) recovered = 0, err = 0
01-01 07:00:07.473   335   335 I vold    : [libfs_mgr]__mount(source=/dev/block/dm-36,target=/data,type=f2fs)=0: Success
01-01 07:00:07.473   335   335 D vold    : Mounted /data
01-01 07:00:07.475     0     0 I         : [7 T335   ..] F2FS-fs (dm-36): checkpoint: version = 5a5f61c7
01-01 07:00:07.475     0     0 I         : [7 T335   ..] F2FS-fs (dm-36): Mounted with checkpoint version = 5a5f61c7
01-01 07:00:07.530     0     0 I [2 T1     ..] zram0: detected capacity change from 0 to 944952
01-01 07:00:07.563     0     0 I         : [5 T1     ..] Adding 472472k swap on /dev/block/zram0.  Priority:-2 extents:1 across:472472k SS
01-01 07:00:07.565     0     0 E [5 T1     ..] init: Control message: Could not find 'aidl/android.system.keystore2.IKeystoreService/default' for ctl.interface_start from pid: 320 (/system/bin/servicemanager)
01-01 07:00:07.580   335   335 I Checkpoint: cp_prepareCheckpoint called
01-01 07:00:07.603   335   335 I vold    : fscrypt_initialize_systemwide_keys
01-01 07:00:07.606     0     0 D [1 T391   ..] vdc: Waited 0ms for vold
01-01 07:00:07.603   335   335 D vold    : Key exists, using: /data/unencrypted/key
01-01 07:00:07.614   335   335 D vold    : Installed fscrypt key with ref 2969dbbaef0228e0e23ecbd9e38c319b to /data
01-01 07:00:07.615   335   335 D vold    : Added fscrypt-provisioning key for 2969dbbaef0228e0e23ecbd9e38c319b to session keyring
01-01 07:00:07.617   335   335 I vold    : Wrote system DE key reference to:/data/unencrypted/ref
01-01 07:00:07.617   335   335 D vold    : Generating standard storage key
01-01 07:00:07.617   335   335 D vold    : Installed fscrypt key with ref 1e8bf4d676f22656efcff5fe078a0817 to /data
01-01 07:00:07.618   335   335 D vold    : Added fscrypt-provisioning key for 1e8bf4d676f22656efcff5fe078a0817 to session keyring
01-01 07:00:07.619   335   335 I vold    : Wrote per boot key reference to:/data/unencrypted/per_boot_ref
01-01 07:00:07.625     0     0 I [5 T1     ..] fscrypt: AES-256-CTS-CBC using implementation "cts-cbc-aes-ce"
01-01 07:00:07.626     0     0 I [5 T1     ..] fscrypt: AES-256-XTS using implementation "xts-aes-ce"
01-01 07:00:07.642     0     0 I         : [4 T8     ..] [TEE] M/TA: KeymasterTA (info): app/ipc/keymaster_ipc.cpp, Line 1090: Amlogic KEYMINT! Build Time: May  3 2023 12:16:11 version: a6237c9 TDK: ab02024
01-01 07:00:07.642     0     0 I         : [4 T8     ..] [TEE] M/TA: KeymasterTA (warn): app/ipc/keymaster_ipc.cpp, Line 492: Dispatching GET_VERSION_2, size: 4
01-01 07:00:07.642     0     0 I         : [4 T8     ..] [TEE] M/TA: KeymasterTA (info): app/trusty_keymaster_context.cpp, Line 827: Master key is derived from KDF
01-01 07:00:07.720   335   335 I incfs   : Initial API level of the device: 33
01-01 07:00:07.720   335   335 I incfs   : ro.incremental.enable: yes
01-01 07:00:07.720   335   335 I incfs   : isFsAvailable: true
01-01 07:00:07.720   335   335 I incfs   : isFsAvailable: true
01-01 07:00:07.721   335   335 I incfs   : IncFs_Features: v2
01-01 07:00:07.722   360   378 I keystore2: keystore2::maintenance: In early_boot_ended.
01-01 07:00:07.737   360   378 I keystore2: keystore2::globals: Touching Keystore 2.0 database for this first time since boot.
01-01 07:00:07.737   360   378 I keystore2: keystore2::globals: Calling cleanup leftovers.
01-01 07:00:07.742   360   378 I keystore2: keystore2::super_key: Starting boot level watcher.
01-01 07:00:07.743   360   396 I keystore2: keystore2::super_key: Read keystore.boot_level value 30
01-01 07:00:07.743   360   378 I keystore2: keystore2::maintenance: Call to earlyBootEnded succeeded for security level TRUSTED_ENVIRONMENT.
01-01 07:00:07.743   360   396 I keystore2: keystore2::super_key: Read keystore.boot_level value 30
01-01 07:00:07.746   360   378 E keystore2: keystore2::maintenance: Call to earlyBootEnded failed for security level STRONGBOX: In call_with_watchdog: getting keymint device.
01-01 07:00:07.746   360   378 E keystore2: keystore2::error: In call_with_watchdog: getting keymint device
01-01 07:00:07.746   360   378 E keystore2: 
01-01 07:00:07.746   360   378 E keystore2: Caused by:
01-01 07:00:07.746   360   378 E keystore2:     0: In get_keymint_device.
01-01 07:00:07.746   360   378 E keystore2:     1: In connect_keymint: Trying to get Legacy wrapper.
01-01 07:00:07.746   360   378 E keystore2:     2: Error::Km(ErrorCode(-68))
01-01 07:00:07.746   335   335 E vold    : keystore2 Keystore earlyBootEnded returned service specific error: -68
01-01 07:00:07.751     0     0 E [6 T335   ..] vold: keystore2 Keystore earlyBootEnded returned service specific error: -68
01-01 07:00:07.756     0     0 E [7 T192   ..] init: Loading peristant properties
01-01 07:00:07.797     0     0 I [0 T398   ..] apexd: Scanning /system/apex for pre-installed ApexFiles
01-01 07:00:07.797     0     0 I [0 T398   ..] apexd: Found pre-installed APEX /system/apex/com.android.mediaprovider.capex
01-01 07:00:07.798     0     0 I [0 T398   ..] apexd: Found pre-installed APEX /system/apex/com.android.runtime.apex
01-01 07:00:07.799     0     0 I [0 T398   ..] apexd: Found pre-installed APEX /system/apex/com.android.tethering.capex
01-01 07:00:07.799     0     0 I [0 T398   ..] apexd: Found pre-installed APEX /system/apex/com.android.tzdata.apex
01-01 07:00:07.800     0     0 I [0 T398   ..] apexd: Found pre-installed APEX /system/apex/com.android.i18n.apex
01-01 07:00:07.800     0     0 I [0 T398   ..] apexd: Found pre-installed APEX /system/apex/com.android.neuralnetworks.capex
01-01 07:00:07.800     0     0 I [0 T398   ..] apexd: Found pre-installed APEX /system/apex/com.android.scheduling.apex
01-01 07:00:07.801     0     0 I [0 T398   ..] apexd: Found pre-installed APEX /system/apex/com.android.ipsec.capex
01-01 07:00:07.801     0     0 I [0 T398   ..] apexd: Found pre-installed APEX /system/apex/com.android.appsearch.apex
01-01 07:00:07.901     0     0 I [6 T401   ..] loop4: detected capacity change from 0 to 15880
01-01 07:00:07.902     0     0 I [3 T402   ..] loop5: detected capacity change from 0 to 1728
01-01 07:00:07.903     0     0 I [5 T400   ..] loop6: detected capacity change from 0 to 73616
01-01 07:00:07.905     0     0 I [4 T403   ..] loop7: detected capacity change from 0 to 536
01-01 07:00:07.982     0     0 I         : [4 T403   ..] EXT4-fs (loop7): mounted filesystem without journal. Opts: (null). Quota mode: none.
01-01 07:00:07.985     0     0 I         : [6 T401   ..] EXT4-fs (loop4): mounted filesystem without journal. Opts: (null). Quota mode: none.
01-01 07:00:07.985     0     0 I [4 T403   ..] loop8: detected capacity change from 0 to 40864
01-01 07:00:07.987     0     0 I [6 T401   ..] loop9: detected capacity change from 0 to 3848
01-01 07:00:08.000     0     0 I         : [7 T402   ..] EXT4-fs (loop5): mounted filesystem without journal. Opts: (null). Quota mode: none.
01-01 07:00:08.002     0     0 I [7 T402   ..] loop10: detected capacity change from 0 to 94152
01-01 07:00:08.003     0     0 I         : [7 T400   ..] EXT4-fs (loop6): mounted filesystem without journal. Opts: (null). Quota mode: none.
01-01 07:00:08.005     0     0 I [7 T400   ..] loop11: detected capacity change from 0 to 536
01-01 07:00:08.074     0     0 I         : [6 T401   ..] EXT4-fs (loop9): mounted filesystem without journal. Opts: (null). Quota mode: none.
01-01 07:00:08.077     0     0 I [6 T401   ..] loop12: detected capacity change from 0 to 6824
01-01 07:00:08.077     0     0 I         : [4 T402   ..] EXT4-fs (loop10): mounted filesystem without journal. Opts: (null). Quota mode: none.
01-01 07:00:08.084     0     0 I         : [4 T403   ..] EXT4-fs (loop8): mounted filesystem without journal. Opts: (null). Quota mode: none.
01-01 07:00:08.085     0     0 I         : [7 T400   ..] EXT4-fs (loop11): mounted filesystem without journal. Opts: (null). Quota mode: none.
01-01 07:00:08.086     0     0 I [4 T402   ..] loop13: detected capacity change from 0 to 163656
01-01 07:00:08.087     0     0 I [7 T400   ..] loop14: detected capacity change from 0 to 536
01-01 07:00:08.089     0     0 I [4 T403   ..] loop15: detected capacity change from 0 to 1504
01-01 07:00:08.164     0     0 I [4 T402   ..] device-mapper: verity: sha256 using implementation "sha256-ce"
01-01 07:00:08.166     0     0 I         : [7 T400   ..] EXT4-fs (loop14): mounted filesystem without journal. Opts: (null). Quota mode: none.
01-01 07:00:08.167     0     0 I         : [6 T401   ..] EXT4-fs (loop12): mounted filesystem without journal. Opts: (null). Quota mode: none.
01-01 07:00:08.175     0     0 I [6 T401   ..] loop16: detected capacity change from 0 to 18952
01-01 07:00:08.175     0     0 I [7 T400   ..] loop17: detected capacity change from 0 to 1480
01-01 07:00:08.178     0     0 I         : [4 T403   ..] EXT4-fs (loop15): mounted filesystem without journal. Opts: (null). Quota mode: none.
01-01 07:00:08.180     0     0 I [4 T403   ..] loop18: detected capacity change from 0 to 39536
01-01 07:00:08.224     0     0 I         : [4 T402   ..] EXT4-fs (dm-9): mounted filesystem without journal. Opts: (null). Quota mode: none.
01-01 07:00:08.226     0     0 I [4 T402   ..] loop19: detected capacity change from 0 to 16312
01-01 07:00:08.230     0     0 I [6 T401   ..] device-mapper: verity: sha256 using implementation "sha256-ce"
01-01 07:00:08.243     0     0 I [7 T400   ..] device-mapper: verity: sha256 using implementation "sha256-ce"
01-01 07:00:08.254     0     0 I [4 T403   ..] device-mapper: verity: sha256 using implementation "sha256-ce"
01-01 07:00:08.261     0     0 I         : [6 T401   ..] EXT4-fs (dm-33): mounted filesystem without journal. Opts: (null). Quota mode: none.
01-01 07:00:08.264     0     0 I [6 T401   ..] loop20: detected capacity change from 0 to 27552
01-01 07:00:08.266     0     0 I         : [7 T400   ..] EXT4-fs (dm-32): mounted filesystem without journal. Opts: (null). Quota mode: none.
01-01 07:00:08.268     0     0 I [7 T400   ..] loop21: detected capacity change from 0 to 96080
01-01 07:00:08.290     0     0 I [4 T402   ..] device-mapper: verity: sha256 using implementation "sha256-ce"
