11-27 12:08:23.115   811   811 V SystemServerTiming: OnBootPhase_480_com.android.server.sensorprivacy.SensorPrivacyService took to complete: 0ms
11-27 12:08:23.115   811   811 D SystemServerTiming: OnBootPhase_480_com.android.server.sensors.SensorService
11-27 12:08:23.115   811   811 V SystemServerTiming: OnBootPhase_480_com.android.server.sensors.SensorService took to complete: 0ms
11-27 12:08:23.115   811   811 D SystemServerTiming: OnBootPhase_480_com.android.server.SystemConfigService
11-27 12:08:23.115   811   811 V SystemServerTiming: OnBootPhase_480_com.android.server.SystemConfigService took to complete: 0ms
11-27 12:08:23.115   811   811 D SystemServerTiming: OnBootPhase_480_com.android.server.BatteryService
11-27 12:08:23.115   811   811 V SystemServerTiming: OnBootPhase_480_com.android.server.BatteryService took to complete: 0ms
11-27 12:08:23.115   811   811 D SystemServerTiming: OnBootPhase_480_com.android.server.usage.UsageStatsService
11-27 12:08:23.115   811   811 V SystemServerTiming: OnBootPhase_480_com.android.server.usage.UsageStatsService took to complete: 0ms
11-27 12:08:23.115   811   811 D SystemServerTiming: OnBootPhase_480_com.android.server.webkit.WebViewUpdateService
11-27 12:08:23.115   811   811 V SystemServerTiming: OnBootPhase_480_com.android.server.webkit.WebViewUpdateService took to complete: 0ms
11-27 12:08:23.115   811   811 D SystemServerTiming: OnBootPhase_480_com.android.server.CachedDeviceStateService
11-27 12:08:23.115   811   811 V SystemServerTiming: OnBootPhase_480_com.android.server.CachedDeviceStateService took to complete: 0ms
11-27 12:08:23.116   811   811 D SystemServerTiming: OnBootPhase_480_com.android.server.BinderCallsStatsService$LifeCycle
11-27 12:08:23.116   811   811 V SystemServerTiming: OnBootPhase_480_com.android.server.BinderCallsStatsService$LifeCycle took to complete: 0ms
11-27 12:08:23.116   811   811 D SystemServerTiming: OnBootPhase_480_com.android.server.LooperStatsService$Lifecycle
11-27 12:08:23.116   811   811 V SystemServerTiming: OnBootPhase_480_com.android.server.LooperStatsService$Lifecycle took to complete: 0ms
11-27 12:08:23.116   811   811 D SystemServerTiming: OnBootPhase_480_com.android.server.rollback.RollbackManagerService
11-27 12:08:23.116   811   811 V SystemServerTiming: OnBootPhase_480_com.android.server.rollback.RollbackManagerService took to complete: 0ms
11-27 12:08:23.116   811   811 D SystemServerTiming: OnBootPhase_480_com.android.server.os.NativeTombstoneManagerService
11-27 12:08:23.116   811   811 V SystemServerTiming: OnBootPhase_480_com.android.server.os.NativeTombstoneManagerService took to complete: 0ms
11-27 12:08:23.116   811   811 D SystemServerTiming: OnBootPhase_480_com.android.server.os.BugreportManagerService
11-27 12:08:23.116   811   811 V SystemServerTiming: OnBootPhase_480_com.android.server.os.BugreportManagerService took to complete: 0ms
11-27 12:08:23.116   811   811 D SystemServerTiming: OnBootPhase_480_com.android.server.gpu.GpuService
11-27 12:08:23.116   811   811 V SystemServerTiming: OnBootPhase_480_com.android.server.gpu.GpuService took to complete: 0ms
11-27 12:08:23.116   811   811 D SystemServerTiming: OnBootPhase_480_com.android.server.security.KeyChainSystemService
11-27 12:08:23.116   811   811 V SystemServerTiming: OnBootPhase_480_com.android.server.security.KeyChainSystemService took to complete: 0ms
11-27 12:08:23.116   811   811 D SystemServerTiming: OnBootPhase_480_com.android.server.BinaryTransparencyService
11-27 12:08:23.116   811   811 V SystemServerTiming: OnBootPhase_480_com.android.server.BinaryTransparencyService took to complete: 0ms
11-27 12:08:23.116   811   811 D SystemServerTiming: OnBootPhase_480_com.android.server.accounts.AccountManagerService$Lifecycle
11-27 12:08:23.116   811   811 V SystemServerTiming: OnBootPhase_480_com.android.server.accounts.AccountManagerService$Lifecycle took to complete: 0ms
11-27 12:08:23.116   811   811 D SystemServerTiming: OnBootPhase_480_com.android.server.content.ContentService$Lifecycle
11-27 12:08:23.116   811   811 V SystemServerTiming: OnBootPhase_480_com.android.server.content.ContentService$Lifecycle took to complete: 0ms
11-27 12:08:23.116   811   811 D SystemServerTiming: OnBootPhase_480_com.android.server.DropBoxManagerService
11-27 12:08:23.116   811   811 V SystemServerTiming: OnBootPhase_480_com.android.server.DropBoxManagerService took to complete: 0ms
11-27 12:08:23.116   811   811 D SystemServerTiming: OnBootPhase_480_com.android.role.RoleService
11-27 12:08:23.116   811   811 V SystemServerTiming: OnBootPhase_480_com.android.role.RoleService took to complete: 0ms
11-27 12:08:23.116   811   811 D SystemServerTiming: OnBootPhase_480_com.android.server.vibrator.VibratorManagerService$Lifecycle
11-27 12:08:23.116   811   811 V SystemServerTiming: OnBootPhase_480_com.android.server.vibrator.VibratorManagerService$Lifecycle took to complete: 0ms
11-27 12:08:23.116   811   811 D SystemServerTiming: OnBootPhase_480_com.android.server.tare.InternalResourceService
11-27 12:08:23.116   811   811 V SystemServerTiming: OnBootPhase_480_com.android.server.tare.InternalResourceService took to complete: 0ms
11-27 12:08:23.116   811   811 D SystemServerTiming: OnBootPhase_480_com.android.server.alarm.AlarmManagerService
11-27 12:08:23.116   811   811 V SystemServerTiming: OnBootPhase_480_com.android.server.alarm.AlarmManagerService took to complete: 0ms
11-27 12:08:23.116   811   811 D SystemServerTiming: OnBootPhase_480_com.android.server.devicestate.DeviceStateManagerService
11-27 12:08:23.116   811   811 V SystemServerTiming: OnBootPhase_480_com.android.server.devicestate.DeviceStateManagerService took to complete: 0ms
11-27 12:08:23.116   811   811 D SystemServerTiming: OnBootPhase_480_com.android.server.bluetooth.BluetoothService
11-27 12:08:23.116   811   811 V SystemServerTiming: OnBootPhase_480_com.android.server.bluetooth.BluetoothService took to complete: 0ms
11-27 12:08:23.116   811   811 D SystemServerTiming: OnBootPhase_480_com.android.server.connectivity.IpConnectivityMetrics
11-27 12:08:23.116   811   811 V SystemServerTiming: OnBootPhase_480_com.android.server.connectivity.IpConnectivityMetrics took to complete: 0ms
11-27 12:08:23.116   811   811 D SystemServerTiming: OnBootPhase_480_com.android.server.net.watchlist.NetworkWatchlistService$Lifecycle
11-27 12:08:23.117   811   811 V SystemServerTiming: OnBootPhase_480_com.android.server.net.watchlist.NetworkWatchlistService$Lifecycle took to complete: 0ms
11-27 12:08:23.117   811   811 D SystemServerTiming: OnBootPhase_480_com.android.server.PinnerService
11-27 12:08:23.117   811   811 V SystemServerTiming: OnBootPhase_480_com.android.server.PinnerService took to complete: 0ms
11-27 12:08:23.117   811   811 D SystemServerTiming: OnBootPhase_480_com.android.server.integrity.AppIntegrityManagerService
11-27 12:08:23.117   811   811 V SystemServerTiming: OnBootPhase_480_com.android.server.integrity.AppIntegrityManagerService took to complete: 0ms
11-27 12:08:23.117   811   811 D SystemServerTiming: OnBootPhase_480_com.android.server.logcat.LogcatManagerService
11-27 12:08:23.117   811   811 V SystemServerTiming: OnBootPhase_480_com.android.server.logcat.LogcatManagerService took to complete: 0ms
11-27 12:08:23.117   811   811 D SystemServerTiming: OnBootPhase_480_com.android.server.inputmethod.InputMethodManagerService$Lifecycle
11-27 12:08:23.117   811   811 V SystemServerTiming: OnBootPhase_480_com.android.server.inputmethod.InputMethodManagerService$Lifecycle took to complete: 0ms
11-27 12:08:23.117   811   811 D SystemServerTiming: OnBootPhase_480_com.android.server.accessibility.AccessibilityManagerService$Lifecycle
11-27 12:08:23.117   811   811 V SystemServerTiming: OnBootPhase_480_com.android.server.accessibility.AccessibilityManagerService$Lifecycle took to complete: 0ms
11-27 12:08:23.117   811   811 D SystemServerTiming: OnBootPhase_480_com.android.server.StorageManagerService$Lifecycle
11-27 12:08:23.117   811   811 V SystemServerTiming: OnBootPhase_480_com.android.server.StorageManagerService$Lifecycle took to complete: 0ms
11-27 12:08:23.117   811   811 D SystemServerTiming: OnBootPhase_480_com.android.server.usage.StorageStatsService$Lifecycle
11-27 12:08:23.117   811   811 V SystemServerTiming: OnBootPhase_480_com.android.server.usage.StorageStatsService$Lifecycle took to complete: 0ms
11-27 12:08:23.117   811   811 D SystemServerTiming: OnBootPhase_480_com.android.server.UiModeManagerService
11-27 12:08:23.117   811   811 V SystemServerTiming: OnBootPhase_480_com.android.server.UiModeManagerService took to complete: 0ms
11-27 12:08:23.117   811   811 D SystemServerTiming: OnBootPhase_480_com.android.server.locales.LocaleManagerService
11-27 12:08:23.117   811   811 V SystemServerTiming: OnBootPhase_480_com.android.server.locales.LocaleManagerService took to complete: 0ms
11-27 12:08:23.117   811   811 D SystemServerTiming: OnBootPhase_480_com.android.server.locksettings.LockSettingsService$Lifecycle
11-27 12:08:23.117   811   811 V SystemServerTiming: OnBootPhase_480_com.android.server.locksettings.LockSettingsService$Lifecycle took to complete: 0ms
11-27 12:08:23.117   811   811 D SystemServerTiming: OnBootPhase_480_com.android.server.PersistentDataBlockService
11-27 12:08:23.117   811   811 V SystemServerTiming: OnBootPhase_480_com.android.server.PersistentDataBlockService took to complete: 0ms
11-27 12:08:23.117   811   811 D SystemServerTiming: OnBootPhase_480_com.android.server.testharness.TestHarnessModeService
11-27 12:08:23.117   811   811 V SystemServerTiming: OnBootPhase_480_com.android.server.testharness.TestHarnessModeService took to complete: 0ms
11-27 12:08:23.117   811   811 D SystemServerTiming: OnBootPhase_480_com.android.server.oemlock.OemLockService
11-27 12:08:23.117   811   811 V SystemServerTiming: OnBootPhase_480_com.android.server.oemlock.OemLockService took to complete: 0ms
11-27 12:08:23.118   811   811 D SystemServerTiming: OnBootPhase_480_com.android.server.DeviceIdleController
11-27 12:08:23.118   811   811 V SystemServerTiming: OnBootPhase_480_com.android.server.DeviceIdleController took to complete: 0ms
11-27 12:08:23.118   811   811 D SystemServerTiming: OnBootPhase_480_com.android.server.devicepolicy.DevicePolicyManagerService$Lifecycle
11-27 12:08:23.118   811   811 V SystemServerTiming: OnBootPhase_480_com.android.server.devicepolicy.DevicePolicyManagerService$Lifecycle took to complete: 0ms
11-27 12:08:23.118   811   811 D SystemServerTiming: OnBootPhase_480_com.android.server.texttospeech.TextToSpeechManagerService
11-27 12:08:23.118   811   811 V SystemServerTiming: OnBootPhase_480_com.android.server.texttospeech.TextToSpeechManagerService took to complete: 0ms
11-27 12:08:23.118   811   811 D SystemServerTiming: OnBootPhase_480_com.android.server.ambientcontext.AmbientContextManagerService
11-27 12:08:23.118   811   811 V SystemServerTiming: OnBootPhase_480_com.android.server.ambientcontext.AmbientContextManagerService took to complete: 0ms
11-27 12:08:23.118   811   811 D SystemServerTiming: OnBootPhase_480_com.android.server.speech.SpeechRecognitionManagerService
11-27 12:08:23.118   811   811 V SystemServerTiming: OnBootPhase_480_com.android.server.speech.SpeechRecognitionManagerService took to complete: 0ms
11-27 12:08:23.118   811   811 D SystemServerTiming: OnBootPhase_480_com.android.server.searchui.SearchUiManagerService
11-27 12:08:23.118   811   811 V SystemServerTiming: OnBootPhase_480_com.android.server.searchui.SearchUiManagerService took to complete: 0ms
11-27 12:08:23.118   811   811 D SystemServerTiming: OnBootPhase_480_com.android.server.smartspace.SmartspaceManagerService
11-27 12:08:23.118   811   811 V SystemServerTiming: OnBootPhase_480_com.android.server.smartspace.SmartspaceManagerService took to complete: 0ms
11-27 12:08:23.118   811   811 D SystemServerTiming: OnBootPhase_480_com.android.server.graphics.fonts.FontManagerService$Lifecycle
11-27 12:08:23.118   811   811 V SystemServerTiming: OnBootPhase_480_com.android.server.graphics.fonts.FontManagerService$Lifecycle took to complete: 0ms
11-27 12:08:23.118   811   811 D SystemServerTiming: OnBootPhase_480_com.android.server.textservices.TextServicesManagerService$Lifecycle
11-27 12:08:23.118   811   811 V SystemServerTiming: OnBootPhase_480_com.android.server.textservices.TextServicesManagerService$Lifecycle took to complete: 0ms
11-27 12:08:23.118   811   811 D SystemServerTiming: OnBootPhase_480_com.android.server.textclassifier.TextClassificationManagerService$Lifecycle
11-27 12:08:23.118   811   811 V SystemServerTiming: OnBootPhase_480_com.android.server.textclassifier.TextClassificationManagerService$Lifecycle took to complete: 0ms
11-27 12:08:23.118   811   811 D SystemServerTiming: OnBootPhase_480_com.android.server.NetworkScoreService$Lifecycle
11-27 12:08:23.118   811   811 V SystemServerTiming: OnBootPhase_480_com.android.server.NetworkScoreService$Lifecycle took to complete: 0ms
11-27 12:08:23.118   811   811 D SystemServerTiming: OnBootPhase_480_com.android.server.NetworkStatsServiceInitializer
11-27 12:08:23.118   811   811 V SystemServerTiming: OnBootPhase_480_com.android.server.NetworkStatsServiceInitializer took to complete: 0ms
11-27 12:08:23.118   811   811 D SystemServerTiming: OnBootPhase_480_com.android.server.wifi.WifiService
11-27 12:08:23.118   811   811 V SystemServerTiming: OnBootPhase_480_com.android.server.wifi.WifiService took to complete: 0ms
11-27 12:08:23.118   811   811 D SystemServerTiming: OnBootPhase_480_com.android.server.wifi.scanner.WifiScanningService
11-27 12:08:23.118   811   811 V SystemServerTiming: OnBootPhase_480_com.android.server.wifi.scanner.WifiScanningService took to complete: 0ms
11-27 12:08:23.118   811   811 D SystemServerTiming: OnBootPhase_480_com.android.server.wifi.p2p.WifiP2pService
11-27 12:08:23.118   811   811 V SystemServerTiming: OnBootPhase_480_com.android.server.wifi.p2p.WifiP2pService took to complete: 0ms
11-27 12:08:23.118   811   811 D SystemServerTiming: OnBootPhase_480_com.android.server.ConnectivityServiceInitializer
11-27 12:08:23.118   811   811 V SystemServerTiming: OnBootPhase_480_com.android.server.ConnectivityServiceInitializer took to complete: 0ms
11-27 12:08:23.118   811   811 D SystemServerTiming: OnBootPhase_480_com.android.server.notification.NotificationManagerService
11-27 12:08:23.119   811   811 V SystemServerTiming: OnBootPhase_480_com.android.server.notification.NotificationManagerService took to complete: 0ms
11-27 12:08:23.119   811   811 D SystemServerTiming: OnBootPhase_480_com.android.server.storage.DeviceStorageMonitorService
11-27 12:08:23.119   811   811 V SystemServerTiming: OnBootPhase_480_com.android.server.storage.DeviceStorageMonitorService took to complete: 0ms
11-27 12:08:23.119   811   811 D SystemServerTiming: OnBootPhase_480_com.android.server.location.LocationManagerService$Lifecycle
11-27 12:08:23.119   811   811 V SystemServerTiming: OnBootPhase_480_com.android.server.location.LocationManagerService$Lifecycle took to complete: 0ms
11-27 12:08:23.119   811   811 D SystemServerTiming: OnBootPhase_480_com.android.server.timedetector.TimeDetectorService$Lifecycle
11-27 12:08:23.119   811   811 V SystemServerTiming: OnBootPhase_480_com.android.server.timedetector.TimeDetectorService$Lifecycle took to complete: 0ms
11-27 12:08:23.119   811   811 D SystemServerTiming: OnBootPhase_480_com.android.server.timezonedetector.TimeZoneDetectorService$Lifecycle
11-27 12:08:23.119   811   811 V SystemServerTiming: OnBootPhase_480_com.android.server.timezonedetector.TimeZoneDetectorService$Lifecycle took to complete: 0ms
11-27 12:08:23.119   811   811 D SystemServerTiming: OnBootPhase_480_com.android.server.timezonedetector.location.LocationTimeZoneManagerService$Lifecycle
11-27 12:08:23.119   811   811 V SystemServerTiming: OnBootPhase_480_com.android.server.timezonedetector.location.LocationTimeZoneManagerService$Lifecycle took to complete: 0ms
11-27 12:08:23.119   811   811 D SystemServerTiming: OnBootPhase_480_com.android.server.search.SearchManagerService$Lifecycle
11-27 12:08:23.119   811   811 V SystemServerTiming: OnBootPhase_480_com.android.server.search.SearchManagerService$Lifecycle took to complete: 0ms
11-27 12:08:23.119   811   811 D SystemServerTiming: OnBootPhase_480_com.android.server.wallpaper.WallpaperManagerService$Lifecycle
11-27 12:08:23.120   811   811 V SystemServerTiming: OnBootPhase_480_com.android.server.wallpaper.WallpaperManagerService$Lifecycle took to complete: 0ms
11-27 12:08:23.120   811   811 D SystemServerTiming: OnBootPhase_480_com.android.server.wallpapereffectsgeneration.WallpaperEffectsGenerationManagerService
11-27 12:08:23.120   811   811 V SystemServerTiming: OnBootPhase_480_com.android.server.wallpapereffectsgeneration.WallpaperEffectsGenerationManagerService took to complete: 0ms
11-27 12:08:23.120   811   811 D SystemServerTiming: OnBootPhase_480_com.android.server.audio.AudioService$Lifecycle
11-27 12:08:23.120   811   811 V SystemServerTiming: OnBootPhase_480_com.android.server.audio.AudioService$Lifecycle took to complete: 0ms
11-27 12:08:23.120   811   811 D SystemServerTiming: OnBootPhase_480_com.android.server.soundtrigger_middleware.SoundTriggerMiddlewareService$Lifecycle
11-27 12:08:23.120   811   811 V SystemServerTiming: OnBootPhase_480_com.android.server.soundtrigger_middleware.SoundTriggerMiddlewareService$Lifecycle took to complete: 0ms
11-27 12:08:23.120   811   811 D SystemServerTiming: OnBootPhase_480_com.android.server.DockObserver
11-27 12:08:23.120   811   811 V SystemServerTiming: OnBootPhase_480_com.android.server.DockObserver took to complete: 0ms
11-27 12:08:23.120   811   811 D SystemServerTiming: OnBootPhase_480_com.android.server.adb.AdbService$Lifecycle
11-27 12:08:23.120   811   811 V SystemServerTiming: OnBootPhase_480_com.android.server.adb.AdbService$Lifecycle took to complete: 0ms
11-27 12:08:23.120   811   811 D SystemServerTiming: OnBootPhase_480_com.android.server.usb.UsbService$Lifecycle
11-27 12:08:23.120   811   811 V SystemServerTiming: OnBootPhase_480_com.android.server.usb.UsbService$Lifecycle took to complete: 0ms
11-27 12:08:23.120   811   811 D SystemServerTiming: OnBootPhase_480_com.android.server.twilight.TwilightService
11-27 12:08:23.120   811   811 V SystemServerTiming: OnBootPhase_480_com.android.server.twilight.TwilightService took to complete: 0ms
11-27 12:08:23.120   811   811 D SystemServerTiming: OnBootPhase_480_com.android.server.display.color.ColorDisplayService
11-27 12:08:23.120   811   811 V SystemServerTiming: OnBootPhase_480_com.android.server.display.color.ColorDisplayService took to complete: 0ms
11-27 12:08:23.120   811   811 D SystemServerTiming: OnBootPhase_480_com.android.server.job.JobSchedulerService
11-27 12:08:23.120   811   811 V SystemServerTiming: OnBootPhase_480_com.android.server.job.JobSchedulerService took to complete: 0ms
11-27 12:08:23.120   811   811 D SystemServerTiming: OnBootPhase_480_com.android.server.soundtrigger.SoundTriggerService
11-27 12:08:23.120   811   811 D SoundTriggerService: onBootPhase: 480 : false
11-27 12:08:23.120   811   811 V SystemServerTiming: OnBootPhase_480_com.android.server.soundtrigger.SoundTriggerService took to complete: 0ms
11-27 12:08:23.120   811   811 D SystemServerTiming: OnBootPhase_480_com.android.server.trust.TrustManagerService
11-27 12:08:23.120   811   811 V SystemServerTiming: OnBootPhase_480_com.android.server.trust.TrustManagerService took to complete: 0ms
11-27 12:08:23.120   811   811 D SystemServerTiming: OnBootPhase_480_com.android.server.backup.BackupManagerService$Lifecycle
11-27 12:08:23.120   811   811 V SystemServerTiming: OnBootPhase_480_com.android.server.backup.BackupManagerService$Lifecycle took to complete: 0ms
11-27 12:08:23.121   811   811 D SystemServerTiming: OnBootPhase_480_com.android.server.appwidget.AppWidgetService
11-27 12:08:23.121   811   811 V SystemServerTiming: OnBootPhase_480_com.android.server.appwidget.AppWidgetService took to complete: 0ms
11-27 12:08:23.121   811   811 D SystemServerTiming: OnBootPhase_480_com.android.server.voiceinteraction.VoiceInteractionManagerService
11-27 12:08:23.121   811   811 V SystemServerTiming: OnBootPhase_480_com.android.server.voiceinteraction.VoiceInteractionManagerService took to complete: 0ms
11-27 12:08:23.121   811   811 D SystemServerTiming: OnBootPhase_480_com.android.server.apphibernation.AppHibernationService
11-27 12:08:23.121   811   811 V SystemServerTiming: OnBootPhase_480_com.android.server.apphibernation.AppHibernationService took to complete: 0ms
11-27 12:08:23.121   811   811 D SystemServerTiming: OnBootPhase_480_com.android.server.GestureLauncherService
11-27 12:08:23.121   811   811 V SystemServerTiming: OnBootPhase_480_com.android.server.GestureLauncherService took to complete: 0ms
11-27 12:08:23.121   811   811 D SystemServerTiming: OnBootPhase_480_com.android.server.SensorNotificationService
11-27 12:08:23.121   811   811 V SystemServerTiming: OnBootPhase_480_com.android.server.SensorNotificationService took to complete: 0ms
11-27 12:08:23.121   811   811 D SystemServerTiming: OnBootPhase_480_com.android.server.emergency.EmergencyAffordanceService
11-27 12:08:23.121   811   811 V SystemServerTiming: OnBootPhase_480_com.android.server.emergency.EmergencyAffordanceService took to complete: 0ms
11-27 12:08:23.121   811   811 D SystemServerTiming: OnBootPhase_480_com.android.server.blob.BlobStoreManagerService
11-27 12:08:23.121   811   811 V SystemServerTiming: OnBootPhase_480_com.android.server.blob.BlobStoreManagerService took to complete: 0ms
11-27 12:08:23.121   811   811 D SystemServerTiming: OnBootPhase_480_com.android.server.dreams.DreamManagerService
11-27 12:08:23.121   811   811 V SystemServerTiming: OnBootPhase_480_com.android.server.dreams.DreamManagerService took to complete: 1ms
11-27 12:08:23.121   811   811 D SystemServerTiming: OnBootPhase_480_com.android.server.security.AttestationVerificationManagerService
11-27 12:08:23.121   811   811 V SystemServerTiming: OnBootPhase_480_com.android.server.security.AttestationVerificationManagerService took to complete: 0ms
11-27 12:08:23.121   811   811 D SystemServerTiming: OnBootPhase_480_com.android.server.restrictions.RestrictionsManagerService
11-27 12:08:23.121   811   811 V SystemServerTiming: OnBootPhase_480_com.android.server.restrictions.RestrictionsManagerService took to complete: 0ms
11-27 12:08:23.121   811   811 D SystemServerTiming: OnBootPhase_480_com.android.server.media.MediaSessionService
11-27 12:08:23.121   811   811 V SystemServerTiming: OnBootPhase_480_com.android.server.media.MediaSessionService took to complete: 0ms
11-27 12:08:23.121   811   811 D SystemServerTiming: OnBootPhase_480_com.android.server.hdmi.HdmiControlService
11-27 12:08:23.121   811   811 V SystemServerTiming: OnBootPhase_480_com.android.server.hdmi.HdmiControlService took to complete: 0ms
11-27 12:08:23.121   811   811 D SystemServerTiming: OnBootPhase_480_com.android.server.tv.interactive.TvInteractiveAppManagerService
11-27 12:08:23.121   811   811 V SystemServerTiming: OnBootPhase_480_com.android.server.tv.interactive.TvInteractiveAppManagerService took to complete: 0ms
11-27 12:08:23.122   811   811 D SystemServerTiming: OnBootPhase_480_com.android.server.tv.TvInputManagerService
11-27 12:08:23.122   811   811 V SystemServerTiming: OnBootPhase_480_com.android.server.tv.TvInputManagerService took to complete: 0ms
11-27 12:08:23.122   811   811 D SystemServerTiming: OnBootPhase_480_com.android.server.tv.TvRemoteService
11-27 12:08:23.122   811   811 V SystemServerTiming: OnBootPhase_480_com.android.server.tv.TvRemoteService took to complete: 0ms
11-27 12:08:23.122   811   811 D SystemServerTiming: OnBootPhase_480_com.android.server.biometrics.BiometricService
11-27 12:08:23.122   811   811 V SystemServerTiming: OnBootPhase_480_com.android.server.biometrics.BiometricService took to complete: 0ms
11-27 12:08:23.122   811   811 D SystemServerTiming: OnBootPhase_480_com.android.server.biometrics.AuthService
11-27 12:08:23.122   811   811 V SystemServerTiming: OnBootPhase_480_com.android.server.biometrics.AuthService took to complete: 0ms
11-27 12:08:23.122   811   811 D SystemServerTiming: OnBootPhase_480_com.android.server.pm.ShortcutService$Lifecycle
11-27 12:08:23.125   811   811 W ShortcutService: Clock rewound
11-27 12:08:23.125   811   811 V SystemServerTiming: OnBootPhase_480_com.android.server.pm.ShortcutService$Lifecycle took to complete: 3ms
11-27 12:08:23.125   811   811 D SystemServerTiming: OnBootPhase_480_com.android.server.pm.LauncherAppsService
11-27 12:08:23.125   811   811 V SystemServerTiming: OnBootPhase_480_com.android.server.pm.LauncherAppsService took to complete: 0ms
11-27 12:08:23.125   811   811 D SystemServerTiming: OnBootPhase_480_com.android.server.pm.CrossProfileAppsService
11-27 12:08:23.125   811   811 V SystemServerTiming: OnBootPhase_480_com.android.server.pm.CrossProfileAppsService took to complete: 0ms
11-27 12:08:23.125   811   811 D SystemServerTiming: OnBootPhase_480_com.android.server.people.PeopleService
11-27 12:08:23.125   811   811 V SystemServerTiming: OnBootPhase_480_com.android.server.people.PeopleService took to complete: 0ms
11-27 12:08:23.125   811   811 D SystemServerTiming: OnBootPhase_480_com.android.server.media.metrics.MediaMetricsManagerService
11-27 12:08:23.125   811   811 V SystemServerTiming: OnBootPhase_480_com.android.server.media.metrics.MediaMetricsManagerService took to complete: 0ms
11-27 12:08:23.125   811   811 D SystemServerTiming: OnBootPhase_480_com.android.server.media.projection.MediaProjectionManagerService
11-27 12:08:23.125   811   811 V SystemServerTiming: OnBootPhase_480_com.android.server.media.projection.MediaProjectionManagerService took to complete: 0ms
11-27 12:08:23.125   811   811 D SystemServerTiming: OnBootPhase_480_com.android.server.slice.SliceManagerService$Lifecycle
11-27 12:08:23.125   811   811 V SystemServerTiming: OnBootPhase_480_com.android.server.slice.SliceManagerService$Lifecycle took to complete: 0ms
11-27 12:08:23.125   811   811 D SystemServerTiming: OnBootPhase_480_com.android.server.stats.StatsCompanion$Lifecycle
11-27 12:08:23.125   811   811 V SystemServerTiming: OnBootPhase_480_com.android.server.stats.StatsCompanion$Lifecycle took to complete: 0ms
11-27 12:08:23.125   811   811 D SystemServerTiming: OnBootPhase_480_com.android.server.scheduling.RebootReadinessManagerService$Lifecycle
11-27 12:08:23.125   811   811 V SystemServerTiming: OnBootPhase_480_com.android.server.scheduling.RebootReadinessManagerService$Lifecycle took to complete: 0ms
11-27 12:08:23.125   811   811 D SystemServerTiming: OnBootPhase_480_com.android.server.stats.pull.StatsPullAtomService
11-27 12:08:23.125   811   811 V SystemServerTiming: OnBootPhase_480_com.android.server.stats.pull.StatsPullAtomService took to complete: 0ms
11-27 12:08:23.125   811   811 D SystemServerTiming: OnBootPhase_480_com.android.server.stats.bootstrap.StatsBootstrapAtomService$Lifecycle
11-27 12:08:23.125   811   811 V SystemServerTiming: OnBootPhase_480_com.android.server.stats.bootstrap.StatsBootstrapAtomService$Lifecycle took to complete: 0ms
11-27 12:08:23.125   811   811 D SystemServerTiming: OnBootPhase_480_com.android.server.incident.IncidentCompanionService
11-27 12:08:23.125   811   811 V SystemServerTiming: OnBootPhase_480_com.android.server.incident.IncidentCompanionService took to complete: 0ms
11-27 12:08:23.125   811   811 D SystemServerTiming: OnBootPhase_480_com.android.server.sdksandbox.SdkSandboxManagerService$Lifecycle
11-27 12:08:23.125   811   811 V SystemServerTiming: OnBootPhase_480_com.android.server.sdksandbox.SdkSandboxManagerService$Lifecycle took to complete: 0ms
11-27 12:08:23.126   811   811 D SystemServerTiming: OnBootPhase_480_com.android.server.adservices.AdServicesManagerService$Lifecycle
11-27 12:08:23.126   811   811 V SystemServerTiming: OnBootPhase_480_com.android.server.adservices.AdServicesManagerService$Lifecycle took to complete: 0ms
11-27 12:08:23.126   811   811 D SystemServerTiming: OnBootPhase_480_com.android.server.autofill.AutofillManagerService
11-27 12:08:23.126   811   811 V SystemServerTiming: OnBootPhase_480_com.android.server.autofill.AutofillManagerService took to complete: 0ms
11-27 12:08:23.126   811   811 D SystemServerTiming: OnBootPhase_480_com.android.server.clipboard.ClipboardService
11-27 12:08:23.126   811   811 V SystemServerTiming: OnBootPhase_480_com.android.server.clipboard.ClipboardService took to complete: 0ms
11-27 12:08:23.126   811   811 D SystemServerTiming: OnBootPhase_480_com.android.server.appbinding.AppBindingService$Lifecycle
11-27 12:08:23.126   811   811 V SystemServerTiming: OnBootPhase_480_com.android.server.appbinding.AppBindingService$Lifecycle took to complete: 0ms
11-27 12:08:23.126   811   811 D SystemServerTiming: OnBootPhase_480_com.android.server.tracing.TracingServiceProxy
11-27 12:08:23.126   811   811 V SystemServerTiming: OnBootPhase_480_com.android.server.tracing.TracingServiceProxy took to complete: 0ms
11-27 12:08:23.126   811   811 V SystemServerTiming: OnBootPhase_480 took to complete: 11ms
11-27 12:08:23.126   811   811 V SystemServerTiming: StartBootPhaseLockSettingsReady took to complete: 11ms
11-27 12:08:23.126   811   811 D SystemServerTiming: StartBootPhaseSystemServicesReady
11-27 12:08:23.126   811   811 I SystemServiceManager: Starting phase 500
11-27 12:08:23.126   811   811 D SystemServerTiming: OnBootPhase_500
11-27 12:08:23.126   811   811 D SystemServerTiming: OnBootPhase_500_com.android.server.security.FileIntegrityService
11-27 12:08:23.126   811   811 V SystemServerTiming: OnBootPhase_500_com.android.server.security.FileIntegrityService took to complete: 0ms
11-27 12:08:23.126   811   811 D SystemServerTiming: OnBootPhase_500_com.android.server.pm.Installer
11-27 12:08:23.126   811   811 V SystemServerTiming: OnBootPhase_500_com.android.server.pm.Installer took to complete: 0ms
11-27 12:08:23.126   811   811 D SystemServerTiming: OnBootPhase_500_com.android.server.os.DeviceIdentifiersPolicyService
11-27 12:08:23.126   811   811 V SystemServerTiming: OnBootPhase_500_com.android.server.os.DeviceIdentifiersPolicyService took to complete: 0ms
11-27 12:08:23.126   811   811 D SystemServerTiming: OnBootPhase_500_com.android.server.uri.UriGrantsManagerService$Lifecycle
11-27 12:08:23.127   811   811 V SystemServerTiming: OnBootPhase_500_com.android.server.uri.UriGrantsManagerService$Lifecycle took to complete: 1ms
11-27 12:08:23.127   811   811 D SystemServerTiming: OnBootPhase_500_com.android.server.powerstats.PowerStatsService
11-27 12:08:23.127   811   811 E StatsPullAtomCallbackImpl: Failed to start PowerStatsService statsd pullers
11-27 12:08:23.127   811   811 V SystemServerTiming: OnBootPhase_500_com.android.server.powerstats.PowerStatsService took to complete: 0ms
11-27 12:08:23.127   811   811 D SystemServerTiming: OnBootPhase_500_com.android.server.wm.ActivityTaskManagerService$Lifecycle
11-27 12:08:23.127   811   811 V SystemServerTiming: OnBootPhase_500_com.android.server.wm.ActivityTaskManagerService$Lifecycle took to complete: 0ms
11-27 12:08:23.127   811   811 D SystemServerTiming: OnBootPhase_500_com.android.server.am.ActivityManagerService$Lifecycle
11-27 12:08:23.130   811   811 E BatteryStatsService: Could not register PowerStatsInternal
11-27 12:08:23.131   811   811 V SystemServerTiming: OnBootPhase_500_com.android.server.am.ActivityManagerService$Lifecycle took to complete: 4ms
11-27 12:08:23.131   811   811 D SystemServerTiming: OnBootPhase_500_com.android.server.pm.DataLoaderManagerService
11-27 12:08:23.131   811   811 V SystemServerTiming: OnBootPhase_500_com.android.server.pm.DataLoaderManagerService took to complete: 0ms
11-27 12:08:23.131   811   811 D SystemServerTiming: OnBootPhase_500_com.android.server.power.PowerManagerService
11-27 12:08:23.132   811   811 I AttentionDetector: readValuesFromDeviceConfig():
11-27 12:08:23.132   811   811 I AttentionDetector: mMaximumExtensionMillis=900000
11-27 12:08:23.132   811   811 I AttentionDetector: mPreDimCheckDurationMillis=2000
11-27 12:08:23.132   811   811 I AttentionDetector: mRequestedPostDimTimeoutMillis=0
11-27 12:08:23.135   811   811 W BrightnessThrottler: DeviceConfig BrightnessThrottlingData is null
11-27 12:08:23.135   811   811 E DisplayPowerController[0]: failed to set up display white-balance: java.lang.IllegalStateException: cannot find light sensor
11-27 12:08:23.135   811   811 W DisplayPowerController[0]: Screen brightness nits configuration is unavailable; falling back
11-27 12:08:23.141   811   860 W KeyguardServiceDelegate: onScreenTurningOn(): no keyguard service!
11-27 12:08:23.142   811   811 I FaceDownDetector: readValuesFromDeviceConfig():
11-27 12:08:23.142   811   811 I FaceDownDetector: mAccelerationThreshold=0.2
11-27 12:08:23.142   811   811 I FaceDownDetector: mZAccelerationThreshold=-9.5
11-27 12:08:23.142   811   811 I FaceDownDetector: mTimeThreshold=PT1S
11-27 12:08:23.142   811   811 I FaceDownDetector: mIsEnabled=true
11-27 12:08:23.142   811   860 V DisplayPowerController[0]: Brightness [0.39763778] reason changing to: 'override', previous reason: '0'.
11-27 12:08:23.142   811   860 I DisplayPowerController[0]: BrightnessEvent: disp=0, physDisp=local:4633127902230889483, brt=0.39763778, initBrt=NaN, rcmdBrt=NaN, preBrt=NaN, lux=0.0, preLux=0.0, hbmMax=1.0, hbmMode=off, rbcStrength=0, powerFactor=1.0, thrmMax=1.0, wasShortTermModelActive=false, flags=, reason=override, autoBrightness=false
11-27 12:08:23.142   811   811 I ScreenUndimDetector: readValuesFromDeviceConfig():
11-27 12:08:23.142   811   811 I ScreenUndimDetector: mKeepScreenOnForMillis=600000
11-27 12:08:23.142   811   811 I ScreenUndimDetector: mKeepScreenOnNotificationEnabled=true
11-27 12:08:23.142   811   811 I ScreenUndimDetector: mUndimsRequired=2
11-27 12:08:23.143   811   860 I DisplayPowerController[0]: BrightnessEvent: disp=0, physDisp=local:4633127902230889483, brt=0.39763778, initBrt=0.39763778, rcmdBrt=NaN, preBrt=NaN, lux=0.0, preLux=0.0, hbmMax=1.0, hbmMode=off, rbcStrength=0, powerFactor=1.0, thrmMax=1.0, wasShortTermModelActive=false, flags=, reason=override, autoBrightness=false
11-27 12:08:23.143   811   860 I DisplayPowerController[0]: BrightnessEvent: disp=0, physDisp=local:4633127902230889483, brt=0.39763778, initBrt=0.39763778, rcmdBrt=NaN, preBrt=NaN, lux=0.0, preLux=0.0, hbmMax=1.0, hbmMode=off, rbcStrength=0, powerFactor=1.0, thrmMax=1.0, wasShortTermModelActive=false, flags=, reason=override, autoBrightness=false
11-27 12:08:23.143   811   835 I DisplayDeviceRepository: Display device changed state: "Built-in Screen", ON
11-27 12:08:23.144   811  1024 E DisplayDeviceConfig: requesting nits when no mapping exists.
11-27 12:08:23.144   811  1024 E DisplayDeviceConfig: requesting nits when no mapping exists.
11-27 12:08:23.145   811   811 V SystemServerTiming: OnBootPhase_500_com.android.server.power.PowerManagerService took to complete: 13ms
11-27 12:08:23.145   811   811 D SystemServerTiming: OnBootPhase_500_com.android.server.power.ThermalManagerService
11-27 12:08:23.145   811   811 V SystemServerTiming: OnBootPhase_500_com.android.server.power.ThermalManagerService took to complete: 0ms
11-27 12:08:23.145   811   811 D SystemServerTiming: OnBootPhase_500_com.android.server.power.hint.HintManagerService
11-27 12:08:23.145   811   811 V HintManagerService: Initializing HintManager service...
11-27 12:08:23.145   811   811 V HistoricalRegistry: Interaction before persistence initialized
11-27 12:08:23.145   811   860 I DisplayPowerController[0]: BrightnessEvent: disp=0, physDisp=local:4633127902230889483, brt=0.39763778, initBrt=0.39763778, rcmdBrt=NaN, preBrt=NaN, lux=0.0, preLux=0.0, hbmMax=1.0, hbmMode=off, rbcStrength=0, powerFactor=1.0, thrmMax=1.0, wasShortTermModelActive=false, flags=, reason=override, autoBrightness=false
11-27 12:08:23.145   811   811 V SystemServerTiming: OnBootPhase_500_com.android.server.power.hint.HintManagerService took to complete: 1ms
11-27 12:08:23.145   811   811 D SystemServerTiming: OnBootPhase_500_com.android.server.recoverysystem.RecoverySystemService$Lifecycle
11-27 12:08:23.145   811   811 V SystemServerTiming: OnBootPhase_500_com.android.server.recoverysystem.RecoverySystemService$Lifecycle took to complete: 0ms
11-27 12:08:23.145   811   811 D SystemServerTiming: OnBootPhase_500_com.android.server.lights.LightsService
11-27 12:08:23.145   811   811 V SystemServerTiming: OnBootPhase_500_com.android.server.lights.LightsService took to complete: 0ms
11-27 12:08:23.145   811   811 D SystemServerTiming: OnBootPhase_500_com.android.server.display.DisplayManagerService
11-27 12:08:23.145   811   811 V SystemServerTiming: OnBootPhase_500_com.android.server.display.DisplayManagerService took to complete: 0ms
11-27 12:08:23.145   811   811 D SystemServerTiming: OnBootPhase_500_com.android.server.pm.verify.domain.DomainVerificationService
11-27 12:08:23.146   811   811 V SystemServerTiming: OnBootPhase_500_com.android.server.pm.verify.domain.DomainVerificationService took to complete: 0ms
11-27 12:08:23.146   811   811 D SystemServerTiming: OnBootPhase_500_com.android.server.pm.PackageInstallerService$Lifecycle
11-27 12:08:23.146   811   811 V SystemServerTiming: OnBootPhase_500_com.android.server.pm.PackageInstallerService$Lifecycle took to complete: 0ms
11-27 12:08:23.146   811   811 D SystemServerTiming: OnBootPhase_500_com.android.server.pm.UserManagerService$LifeCycle
11-27 12:08:23.146   811   811 V SystemServerTiming: OnBootPhase_500_com.android.server.pm.UserManagerService$LifeCycle took to complete: 0ms
11-27 12:08:23.146   811   811 D SystemServerTiming: OnBootPhase_500_com.android.server.om.OverlayManagerService
11-27 12:08:23.146   811   811 V SystemServerTiming: OnBootPhase_500_com.android.server.om.OverlayManagerService took to complete: 0ms
11-27 12:08:23.146   811   811 D SystemServerTiming: OnBootPhase_500_com.android.server.resources.ResourcesManagerService
11-27 12:08:23.146   811   811 V SystemServerTiming: OnBootPhase_500_com.android.server.resources.ResourcesManagerService took to complete: 0ms
11-27 12:08:23.146   811   811 D SystemServerTiming: OnBootPhase_500_com.android.server.sensorprivacy.SensorPrivacyService
11-27 12:08:23.146   811   841 I DropBoxManagerService: add tag=system_server_wtf isTagEnabled=true flags=0x2
11-27 12:08:23.147   811   811 D CompatibilityChangeReporter: Compat change id reported: 157233955; UID 1000; state: ENABLED
11-27 12:08:23.148   811   811 V SystemServerTiming: OnBootPhase_500_com.android.server.sensorprivacy.SensorPrivacyService took to complete: 2ms
11-27 12:08:23.148   811   811 D SystemServerTiming: OnBootPhase_500_com.android.server.sensors.SensorService
11-27 12:08:23.148   811   811 V SystemServerTiming: OnBootPhase_500_com.android.server.sensors.SensorService took to complete: 0ms
11-27 12:08:23.148   811   841 I DropBoxManagerService: add tag=system_server_wtf isTagEnabled=true flags=0x2
11-27 12:08:23.148   811   811 D SystemServerTiming: OnBootPhase_500_com.android.server.SystemConfigService
11-27 12:08:23.148   811   811 V SystemServerTiming: OnBootPhase_500_com.android.server.SystemConfigService took to complete: 0ms
11-27 12:08:23.148   811   811 D SystemServerTiming: OnBootPhase_500_com.android.server.BatteryService
11-27 12:08:23.148   811   811 V SystemServerTiming: OnBootPhase_500_com.android.server.BatteryService took to complete: 0ms
11-27 12:08:23.148   811   811 D SystemServerTiming: OnBootPhase_500_com.android.server.usage.UsageStatsService
11-27 12:08:23.149   811   811 D AppStandbyController: Setting app idle enabled state
11-27 12:08:23.153   811   811 V HistoricalRegistry: Interaction before persistence initialized
11-27 12:08:23.153   811   811 V SystemServerTiming: OnBootPhase_500_com.android.server.usage.UsageStatsService took to complete: 5ms
11-27 12:08:23.153   811   811 D SystemServerTiming: OnBootPhase_500_com.android.server.webkit.WebViewUpdateService
11-27 12:08:23.153   811   811 V SystemServerTiming: OnBootPhase_500_com.android.server.webkit.WebViewUpdateService took to complete: 0ms
11-27 12:08:23.153   811   811 D SystemServerTiming: OnBootPhase_500_com.android.server.CachedDeviceStateService
11-27 12:08:23.155   811   811 V SystemServerTiming: OnBootPhase_500_com.android.server.CachedDeviceStateService took to complete: 1ms
11-27 12:08:23.155   811   811 D SystemServerTiming: OnBootPhase_500_com.android.server.BinderCallsStatsService$LifeCycle
11-27 12:08:23.157   811   811 V SystemServerTiming: OnBootPhase_500_com.android.server.BinderCallsStatsService$LifeCycle took to complete: 1ms
11-27 12:08:23.157   811   811 D SystemServerTiming: OnBootPhase_500_com.android.server.LooperStatsService$Lifecycle
11-27 12:08:23.157   811   811 V SystemServerTiming: OnBootPhase_500_com.android.server.LooperStatsService$Lifecycle took to complete: 0ms
11-27 12:08:23.157   811   811 D SystemServerTiming: OnBootPhase_500_com.android.server.rollback.RollbackManagerService
11-27 12:08:23.157   811   811 V SystemServerTiming: OnBootPhase_500_com.android.server.rollback.RollbackManagerService took to complete: 0ms
11-27 12:08:23.157   811   811 D SystemServerTiming: OnBootPhase_500_com.android.server.os.NativeTombstoneManagerService
11-27 12:08:23.157   811   811 V SystemServerTiming: OnBootPhase_500_com.android.server.os.NativeTombstoneManagerService took to complete: 0ms
11-27 12:08:23.157   811   811 D SystemServerTiming: OnBootPhase_500_com.android.server.os.BugreportManagerService
11-27 12:08:23.158   811   811 V SystemServerTiming: OnBootPhase_500_com.android.server.os.BugreportManagerService took to complete: 0ms
11-27 12:08:23.158   811   811 D SystemServerTiming: OnBootPhase_500_com.android.server.gpu.GpuService
11-27 12:08:23.158   811   811 V SystemServerTiming: OnBootPhase_500_com.android.server.gpu.GpuService took to complete: 0ms
11-27 12:08:23.158   811   811 D SystemServerTiming: OnBootPhase_500_com.android.server.security.KeyChainSystemService
11-27 12:08:23.158   811   811 V SystemServerTiming: OnBootPhase_500_com.android.server.security.KeyChainSystemService took to complete: 0ms
11-27 12:08:23.158   811   811 D SystemServerTiming: OnBootPhase_500_com.android.server.BinaryTransparencyService
11-27 12:08:23.158   811   811 V SystemServerTiming: OnBootPhase_500_com.android.server.BinaryTransparencyService took to complete: 0ms
11-27 12:08:23.158   811   811 D SystemServerTiming: OnBootPhase_500_com.android.server.accounts.AccountManagerService$Lifecycle
11-27 12:08:23.158   811   811 V SystemServerTiming: OnBootPhase_500_com.android.server.accounts.AccountManagerService$Lifecycle took to complete: 0ms
11-27 12:08:23.158   811   811 D SystemServerTiming: OnBootPhase_500_com.android.server.content.ContentService$Lifecycle
11-27 12:08:23.158   811   811 V SystemServerTiming: OnBootPhase_500_com.android.server.content.ContentService$Lifecycle took to complete: 0ms
11-27 12:08:23.158   811   811 D SystemServerTiming: OnBootPhase_500_com.android.server.DropBoxManagerService
11-27 12:08:23.158   811   811 V SystemServerTiming: OnBootPhase_500_com.android.server.DropBoxManagerService took to complete: 1ms
11-27 12:08:23.158   811   811 D SystemServerTiming: OnBootPhase_500_com.android.role.RoleService
11-27 12:08:23.158   811   811 V SystemServerTiming: OnBootPhase_500_com.android.role.RoleService took to complete: 0ms
11-27 12:08:23.158   811   811 D SystemServerTiming: OnBootPhase_500_com.android.server.vibrator.VibratorManagerService$Lifecycle
11-27 12:08:23.158   811   811 V VibratorManagerService: Initializing VibratorManager service...
11-27 12:08:23.165   811   811 V HistoricalRegistry: Interaction before persistence initialized
11-27 12:08:23.193   811   811 V VibratorManagerService: VibratorManager service initialized
11-27 12:08:23.193   811   811 V SystemServerTiming: OnBootPhase_500_com.android.server.vibrator.VibratorManagerService$Lifecycle took to complete: 35ms
11-27 12:08:23.193   811   811 D SystemServerTiming: OnBootPhase_500_com.android.server.tare.InternalResourceService
11-27 12:08:23.194   811   811 V SystemServerTiming: OnBootPhase_500_com.android.server.tare.InternalResourceService took to complete: 1ms
11-27 12:08:23.194   811   811 D SystemServerTiming: OnBootPhase_500_com.android.server.alarm.AlarmManagerService
11-27 12:08:23.195   811   811 E LazyAlarmStore: Removed TIME_TICK alarm
11-27 12:08:23.196   811   841 I DropBoxManagerService: add tag=system_server_wtf isTagEnabled=true flags=0x2
11-27 12:08:23.196   811   811 V SystemServerTiming: OnBootPhase_500_com.android.server.alarm.AlarmManagerService took to complete: 2ms
11-27 12:08:23.196   811   811 D SystemServerTiming: OnBootPhase_500_com.android.server.devicestate.DeviceStateManagerService
11-27 12:08:23.196   811   811 V SystemServerTiming: OnBootPhase_500_com.android.server.devicestate.DeviceStateManagerService took to complete: 0ms
11-27 12:08:23.196   811   811 D SystemServerTiming: OnBootPhase_500_com.android.server.bluetooth.BluetoothService
11-27 12:08:23.197   811   811 V SystemServerTiming: OnBootPhase_500_com.android.server.bluetooth.BluetoothService took to complete: 0ms
11-27 12:08:23.197   811   811 D SystemServerTiming: OnBootPhase_500_com.android.server.connectivity.IpConnectivityMetrics
11-27 12:08:23.198   811   811 V SystemServerTiming: OnBootPhase_500_com.android.server.connectivity.IpConnectivityMetrics took to complete: 2ms
11-27 12:08:23.198   811   811 D SystemServerTiming: OnBootPhase_500_com.android.server.net.watchlist.NetworkWatchlistService$Lifecycle
11-27 12:08:23.198   811   811 V SystemServerTiming: OnBootPhase_500_com.android.server.net.watchlist.NetworkWatchlistService$Lifecycle took to complete: 0ms
11-27 12:08:23.198   811   811 D SystemServerTiming: OnBootPhase_500_com.android.server.PinnerService
11-27 12:08:23.199   811   811 V SystemServerTiming: OnBootPhase_500_com.android.server.PinnerService took to complete: 0ms
11-27 12:08:23.199   811   811 D SystemServerTiming: OnBootPhase_500_com.android.server.integrity.AppIntegrityManagerService
11-27 12:08:23.199   811   811 V SystemServerTiming: OnBootPhase_500_com.android.server.integrity.AppIntegrityManagerService took to complete: 0ms
11-27 12:08:23.199   811   811 D SystemServerTiming: OnBootPhase_500_com.android.server.logcat.LogcatManagerService
11-27 12:08:23.199   811   811 V SystemServerTiming: OnBootPhase_500_com.android.server.logcat.LogcatManagerService took to complete: 0ms
11-27 12:08:23.199   811   811 D SystemServerTiming: OnBootPhase_500_com.android.server.inputmethod.InputMethodManagerService$Lifecycle
11-27 12:08:23.199   811   811 V SystemServerTiming: OnBootPhase_500_com.android.server.inputmethod.InputMethodManagerService$Lifecycle took to complete: 0ms
11-27 12:08:23.199   811   811 D SystemServerTiming: OnBootPhase_500_com.android.server.accessibility.AccessibilityManagerService$Lifecycle
11-27 12:08:23.199   811   811 V SystemServerTiming: OnBootPhase_500_com.android.server.accessibility.AccessibilityManagerService$Lifecycle took to complete: 0ms
11-27 12:08:23.199   811   811 D SystemServerTiming: OnBootPhase_500_com.android.server.StorageManagerService$Lifecycle
11-27 12:08:23.200   811   811 V SystemServerTiming: OnBootPhase_500_com.android.server.StorageManagerService$Lifecycle took to complete: 1ms
11-27 12:08:23.200   811   811 D SystemServerTiming: OnBootPhase_500_com.android.server.usage.StorageStatsService$Lifecycle
11-27 12:08:23.200   811   811 V SystemServerTiming: OnBootPhase_500_com.android.server.usage.StorageStatsService$Lifecycle took to complete: 0ms
11-27 12:08:23.200   811   811 D SystemServerTiming: OnBootPhase_500_com.android.server.UiModeManagerService
11-27 12:08:23.202   811   811 I ActivityTaskManager: Config changes=200 {1.0 ?mcc?mnc [en_US] ldltr sw540dp w960dp h540dp 320dpi lrg long land television night -touch -keyb/v/h dpad/v winConfig={ mBounds=Rect(0, 0 - 1920, 1080) mAppBounds=Rect(0, 0 - 1920, 1080) mMaxBounds=Rect(0, 0 - 1920, 1080) mDisplayRotation=ROTATION_0 mWindowingMode=fullscreen mDisplayWindowingMode=fullscreen mActivityType=undefined mAlwaysOnTop=undefined mRotation=ROTATION_0} s.4 ?fontWeightAdjustment}
11-27 12:08:23.205   811   811 I WindowManager: Override config changes=200 {1.0 ?mcc?mnc [en_US] ldltr sw540dp w960dp h540dp 320dpi lrg long land television night -touch -keyb/v/h dpad/v winConfig={ mBounds=Rect(0, 0 - 1920, 1080) mAppBounds=Rect(0, 0 - 1920, 1080) mMaxBounds=Rect(0, 0 - 1920, 1080) mDisplayRotation=ROTATION_0 mWindowingMode=fullscreen mDisplayWindowingMode=fullscreen mActivityType=undefined mAlwaysOnTop=undefined mRotation=ROTATION_0} s.4 ?fontWeightAdjustment} for displayId=0
11-27 12:08:23.206   811   811 V SystemServerTiming: OnBootPhase_500_com.android.server.UiModeManagerService took to complete: 6ms
11-27 12:08:23.206   811   811 D SystemServerTiming: OnBootPhase_500_com.android.server.locales.LocaleManagerService
11-27 12:08:23.206   811   811 V SystemServerTiming: OnBootPhase_500_com.android.server.locales.LocaleManagerService took to complete: 0ms
11-27 12:08:23.206   811   811 D SystemServerTiming: OnBootPhase_500_com.android.server.locksettings.LockSettingsService$Lifecycle
11-27 12:08:23.206   811   811 V SystemServerTiming: OnBootPhase_500_com.android.server.locksettings.LockSettingsService$Lifecycle took to complete: 0ms
11-27 12:08:23.206   811   811 D SystemServerTiming: OnBootPhase_500_com.android.server.PersistentDataBlockService
11-27 12:08:23.206   811   811 V SystemServerTiming: OnBootPhase_500_com.android.server.PersistentDataBlockService took to complete: 0ms
11-27 12:08:23.206   811   811 D SystemServerTiming: OnBootPhase_500_com.android.server.testharness.TestHarnessModeService
