11-27 12:08:23.206   811   811 D TestHarnessModeService: Setting up test harness mode
11-27 12:08:23.206   811   811 D TestHarnessModeService: Getting PersistentDataBlockManagerInternal from LocalServices
11-27 12:08:23.235   811   811 V SystemServerTiming: OnBootPhase_500_com.android.server.testharness.TestHarnessModeService took to complete: 28ms
11-27 12:08:23.235   811   811 D SystemServerTiming: OnBootPhase_500_com.android.server.oemlock.OemLockService
11-27 12:08:23.235   811   811 V SystemServerTiming: OnBootPhase_500_com.android.server.oemlock.OemLockService took to complete: 0ms
11-27 12:08:23.235   811   811 D SystemServerTiming: OnBootPhase_500_com.android.server.DeviceIdleController
11-27 12:08:23.240   811   811 V HistoricalRegistry: Interaction before persistence initialized
11-27 12:08:23.241   811   811 V SystemServerTiming: OnBootPhase_500_com.android.server.DeviceIdleController took to complete: 5ms
11-27 12:08:23.241   811   811 D SystemServerTiming: OnBootPhase_500_com.android.server.devicepolicy.DevicePolicyManagerService$Lifecycle
11-27 12:08:23.241   811   811 V SystemServerTiming: OnBootPhase_500_com.android.server.devicepolicy.DevicePolicyManagerService$Lifecycle took to complete: 0ms
11-27 12:08:23.241   811   811 D SystemServerTiming: OnBootPhase_500_com.android.server.texttospeech.TextToSpeechManagerService
11-27 12:08:23.241   811   811 V SystemServerTiming: OnBootPhase_500_com.android.server.texttospeech.TextToSpeechManagerService took to complete: 0ms
11-27 12:08:23.241   811   811 D SystemServerTiming: OnBootPhase_500_com.android.server.ambientcontext.AmbientContextManagerService
11-27 12:08:23.241   811   811 V SystemServerTiming: OnBootPhase_500_com.android.server.ambientcontext.AmbientContextManagerService took to complete: 1ms
11-27 12:08:23.241   811   811 D SystemServerTiming: OnBootPhase_500_com.android.server.speech.SpeechRecognitionManagerService
11-27 12:08:23.241   811   811 V SystemServerTiming: OnBootPhase_500_com.android.server.speech.SpeechRecognitionManagerService took to complete: 0ms
11-27 12:08:23.241   811   811 D SystemServerTiming: OnBootPhase_500_com.android.server.searchui.SearchUiManagerService
11-27 12:08:23.241   811   811 V SystemServerTiming: OnBootPhase_500_com.android.server.searchui.SearchUiManagerService took to complete: 0ms
11-27 12:08:23.242   811   811 D SystemServerTiming: OnBootPhase_500_com.android.server.smartspace.SmartspaceManagerService
11-27 12:08:23.242   811   811 V SystemServerTiming: OnBootPhase_500_com.android.server.smartspace.SmartspaceManagerService took to complete: 0ms
11-27 12:08:23.242   811   811 D SystemServerTiming: OnBootPhase_500_com.android.server.graphics.fonts.FontManagerService$Lifecycle
11-27 12:08:23.242   811   811 V SystemServerTiming: OnBootPhase_500_com.android.server.graphics.fonts.FontManagerService$Lifecycle took to complete: 0ms
11-27 12:08:23.242   811   811 D SystemServerTiming: OnBootPhase_500_com.android.server.textservices.TextServicesManagerService$Lifecycle
11-27 12:08:23.242   811   811 V SystemServerTiming: OnBootPhase_500_com.android.server.textservices.TextServicesManagerService$Lifecycle took to complete: 0ms
11-27 12:08:23.242   811   811 D SystemServerTiming: OnBootPhase_500_com.android.server.textclassifier.TextClassificationManagerService$Lifecycle
11-27 12:08:23.242   811   811 V SystemServerTiming: OnBootPhase_500_com.android.server.textclassifier.TextClassificationManagerService$Lifecycle took to complete: 0ms
11-27 12:08:23.242   811   811 D SystemServerTiming: OnBootPhase_500_com.android.server.NetworkScoreService$Lifecycle
11-27 12:08:23.242   811   811 V SystemServerTiming: OnBootPhase_500_com.android.server.NetworkScoreService$Lifecycle took to complete: 1ms
11-27 12:08:23.242   811   811 D SystemServerTiming: OnBootPhase_500_com.android.server.NetworkStatsServiceInitializer
11-27 12:08:23.242   811   811 V SystemServerTiming: OnBootPhase_500_com.android.server.NetworkStatsServiceInitializer took to complete: 0ms
11-27 12:08:23.242   811   811 D SystemServerTiming: OnBootPhase_500_com.android.server.wifi.WifiService
11-27 12:08:23.242   811   811 V SystemServerTiming: OnBootPhase_500_com.android.server.wifi.WifiService took to complete: 0ms
11-27 12:08:23.242   811   811 D SystemServerTiming: OnBootPhase_500_com.android.server.wifi.scanner.WifiScanningService
11-27 12:08:23.243   811   811 V SystemServerTiming: OnBootPhase_500_com.android.server.wifi.scanner.WifiScanningService took to complete: 0ms
11-27 12:08:23.243   811   811 D SystemServerTiming: OnBootPhase_500_com.android.server.wifi.p2p.WifiP2pService
11-27 12:08:23.244   811   811 V SystemServerTiming: OnBootPhase_500_com.android.server.wifi.p2p.WifiP2pService took to complete: 2ms
11-27 12:08:23.244   811   811 D SystemServerTiming: OnBootPhase_500_com.android.server.ConnectivityServiceInitializer
11-27 12:08:23.246   811   811 V SystemServerTiming: OnBootPhase_500_com.android.server.ConnectivityServiceInitializer took to complete: 2ms
11-27 12:08:23.246   811   811 D SystemServerTiming: OnBootPhase_500_com.android.server.notification.NotificationManagerService
11-27 12:08:23.257   811   925 V SystemServerTimingAsync: SecondaryZygotePreload took to complete: 1382ms
11-27 12:08:23.257   811   925 D SystemServerInitThreadPool: Finished executing SecondaryZygotePreload
11-27 12:08:23.257   811   925 V SystemServerTimingAsync: InitThreadPoolExec:SecondaryZygotePreload took to complete: 1382ms
01-01 07:00:21.442     0     0 I         : [0 T496   ..] Airoha AN8801R 0.0:07: Disable CLKOUT !
01-01 07:00:21.445     0     0 I         : [1 T496   ..] Airoha AN8801R 0.0:07: Rxdelay align
01-01 07:00:21.447     0     0 I         : [4 T496   ..] Airoha AN8801R 0.0:07: Force rxdelay = 0(0x1000010)
01-01 07:00:21.449     0     0 I         : [5 T496   ..] Airoha AN8801R 0.0:07: Force txdelay = 4(0x1000004)
11-27 12:08:23.278   525   525 W android.hardware.wifi@1.0-service.droidlogic: --------------------------------
11-27 12:08:23.278   525   525 W android.hardware.wifi@1.0-service.droidlogic: Wi-Fi Hal(Amlogic multi-wifi so library) build info:
11-27 12:08:23.278   525   525 W android.hardware.wifi@1.0-service.droidlogic: Author: ShenZhen wifi platform team
11-27 12:08:23.278   525   525 W android.hardware.wifi@1.0-service.droidlogic: Branch name: s-amlogic
11-27 12:08:23.278   525   525 W android.hardware.wifi@1.0-service.droidlogic: Last Commit Info:
11-27 12:08:23.278   525   525 W android.hardware.wifi@1.0-service.droidlogic:   commit 18393865517c254040093ebc64f24da046b7159e
11-27 12:08:23.278   525   525 W android.hardware.wifi@1.0-service.droidlogic:   Author: libo <bo.li@amlogic.com>
11-27 12:08:23.278   525   525 W android.hardware.wifi@1.0-service.droidlogic:   Date: 2022-10-20 21:53:52 +0800
11-27 12:08:23.278   525   525 W android.hardware.wifi@1.0-service.droidlogic:   PD#SWPL-96954
11-27 12:08:23.278   525   525 W android.hardware.wifi@1.0-service.droidlogic:   Change-Id: Ic74e60dc4d86b64fa34d52b849d0229f8041c1b9
11-27 12:08:23.278   525   525 W android.hardware.wifi@1.0-service.droidlogic:   uncommit file num: 0
11-27 12:08:23.278   525   525 W android.hardware.wifi@1.0-service.droidlogic: Build name: bo.li
11-27 12:08:23.278   525   525 W android.hardware.wifi@1.0-service.droidlogic: Build time: 2022-11-17 17:15:52 +0800
11-27 12:08:23.278   525   525 W android.hardware.wifi@1.0-service.droidlogic: Build type: userdebug
11-27 12:08:23.278   525   525 W android.hardware.wifi@1.0-service.droidlogic: Build arch: arm64
11-27 12:08:23.278   525   525 W android.hardware.wifi@1.0-service.droidlogic: Build use wifi_info so library: true
11-27 12:08:23.278   525   525 W android.hardware.wifi@1.0-service.droidlogic: --------------------------------
11-27 12:08:23.278   525   525 E android.hardware.wifi@1.0-service.droidlogic: use wifi info
11-27 12:08:23.279   525   525 E android.hardware.wifi@1.0-service.droidlogic: pci class id: 0xabcd
11-27 12:08:23.279   525   525 E android.hardware.wifi@1.0-service.droidlogic: pci class id: 0x1107
11-27 12:08:23.279   525   525 E android.hardware.wifi@1.0-service.droidlogic: found the match  wifi is: qcc2076
11-27 12:08:23.279   525   525 E android.hardware.wifi@1.0-service.droidlogic: insmod driver: /vendor/lib/modules/wlan_cnss_core_pcie.ko
11-27 12:08:23.299   811   811 W SystemServiceManager: Service com.android.server.notification.NotificationManagerService took 52 ms in onBootPhase
11-27 12:08:23.299   811   811 V SystemServerTiming: OnBootPhase_500_com.android.server.notification.NotificationManagerService took to complete: 52ms
11-27 12:08:23.299   811   811 D SystemServerTiming: OnBootPhase_500_com.android.server.storage.DeviceStorageMonitorService
11-27 12:08:23.299   811   811 V SystemServerTiming: OnBootPhase_500_com.android.server.storage.DeviceStorageMonitorService took to complete: 0ms
11-27 12:08:23.299   811   811 D SystemServerTiming: OnBootPhase_500_com.android.server.location.LocationManagerService$Lifecycle
11-27 12:08:23.300   811   811 V HistoricalRegistry: Interaction before persistence initialized
01-01 07:00:21.478     0     0 I         : [5 T496   ..] Airoha AN8801R 0.0:07: LED initialize OK !
01-01 07:00:21.478     0     0 I [3 T525   ..] NET: Registered PF_QIPCRTR protocol family
01-01 07:00:21.478     0     0 I         : [5 T496   ..] Airoha AN8801R 0.0:07: Initialize OK ! (1.0.8)
01-01 07:00:21.478     0     0 I         : [5 T496   ..] meson8b-dwmac fdc00000.ethernet eth0: PHY [0.0:07] driver [Airoha AN8801R] (irq=POLL)
11-27 12:08:23.301   811   811 V SystemServerTiming: OnBootPhase_500_com.android.server.location.LocationManagerService$Lifecycle took to complete: 3ms
01-01 07:00:21.478     0     0 E [3 T525   ..] cnss: PCI device not probed yet
11-27 12:08:23.301   811   811 D SystemServerTiming: OnBootPhase_500_com.android.server.timedetector.TimeDetectorService$Lifecycle
11-27 12:08:23.301   811   811 V SystemServerTiming: OnBootPhase_500_com.android.server.timedetector.TimeDetectorService$Lifecycle took to complete: 0ms
11-27 12:08:23.301   811   811 D SystemServerTiming: OnBootPhase_500_com.android.server.timezonedetector.TimeZoneDetectorService$Lifecycle
11-27 12:08:23.301   811   811 V SystemServerTiming: OnBootPhase_500_com.android.server.timezonedetector.TimeZoneDetectorService$Lifecycle took to complete: 0ms
11-27 12:08:23.302   811   811 D SystemServerTiming: OnBootPhase_500_com.android.server.timezonedetector.location.LocationTimeZoneManagerService$Lifecycle
11-27 12:08:23.302   811   811 V SystemServerTiming: OnBootPhase_500_com.android.server.timezonedetector.location.LocationTimeZoneManagerService$Lifecycle took to complete: 0ms
11-27 12:08:23.302   811   811 D SystemServerTiming: OnBootPhase_500_com.android.server.search.SearchManagerService$Lifecycle
11-27 12:08:23.302   811   811 V SystemServerTiming: OnBootPhase_500_com.android.server.search.SearchManagerService$Lifecycle took to complete: 0ms
11-27 12:08:23.302   811   811 D SystemServerTiming: OnBootPhase_500_com.android.server.wallpaper.WallpaperManagerService$Lifecycle
11-27 12:08:23.302   811   811 V SystemServerTiming: OnBootPhase_500_com.android.server.wallpaper.WallpaperManagerService$Lifecycle took to complete: 1ms
11-27 12:08:23.302   811   811 D SystemServerTiming: OnBootPhase_500_com.android.server.wallpapereffectsgeneration.WallpaperEffectsGenerationManagerService
11-27 12:08:23.302   811   811 V SystemServerTiming: OnBootPhase_500_com.android.server.wallpapereffectsgeneration.WallpaperEffectsGenerationManagerService took to complete: 0ms
11-27 12:08:23.302   811   811 D SystemServerTiming: OnBootPhase_500_com.android.server.audio.AudioService$Lifecycle
11-27 12:08:23.302   811   811 V SystemServerTiming: OnBootPhase_500_com.android.server.audio.AudioService$Lifecycle took to complete: 0ms
11-27 12:08:23.302   811   811 D SystemServerTiming: OnBootPhase_500_com.android.server.soundtrigger_middleware.SoundTriggerMiddlewareService$Lifecycle
11-27 12:08:23.302   811   811 V SystemServerTiming: OnBootPhase_500_com.android.server.soundtrigger_middleware.SoundTriggerMiddlewareService$Lifecycle took to complete: 0ms
11-27 12:08:23.302   811   811 D SystemServerTiming: OnBootPhase_500_com.android.server.DockObserver
11-27 12:08:23.302   811   811 V SystemServerTiming: OnBootPhase_500_com.android.server.DockObserver took to complete: 0ms
11-27 12:08:23.302   811   811 D SystemServerTiming: OnBootPhase_500_com.android.server.adb.AdbService$Lifecycle
11-27 12:08:23.302   811   811 V SystemServerTiming: OnBootPhase_500_com.android.server.adb.AdbService$Lifecycle took to complete: 0ms
11-27 12:08:23.302   811   811 D SystemServerTiming: OnBootPhase_500_com.android.server.usb.UsbService$Lifecycle
11-27 12:08:23.302   811   811 V SystemServerTiming: OnBootPhase_500_com.android.server.usb.UsbService$Lifecycle took to complete: 0ms
11-27 12:08:23.302   811   811 D SystemServerTiming: OnBootPhase_500_com.android.server.twilight.TwilightService
11-27 12:08:23.303   811   811 V SystemServerTiming: OnBootPhase_500_com.android.server.twilight.TwilightService took to complete: 0ms
11-27 12:08:23.303   811   811 D SystemServerTiming: OnBootPhase_500_com.android.server.display.color.ColorDisplayService
11-27 12:08:23.303   811   811 V SystemServerTiming: OnBootPhase_500_com.android.server.display.color.ColorDisplayService took to complete: 0ms
11-27 12:08:23.303   811   811 D SystemServerTiming: OnBootPhase_500_com.android.server.job.JobSchedulerService
01-01 07:00:21.480     0     0 W         : [3 T525   ..] Failed to set up IOMMU for device 0000:01:00.0; retaining platform DMA ops
01-01 07:00:21.480     0     0 D [3 T525   ..] cnss: PCI is probing, vendor ID: 0x17cb, device ID: 0x1107
01-01 07:00:21.480     0     0 E [3 T525   ..] cnss: Failed to init reserved mem device, err = -22
01-01 07:00:21.480     0     0 D [3 T525   ..] cnss: Ramdump size 0x780000
01-01 07:00:21.480     0     0 I         : [3 T525   ..] cnss_pci 0000:01:00.0: BAR 0: assigned [mem 0xf5800000-0xf59fffff 64bit]
01-01 07:00:21.481     0     0 I         : [3 T525   ..] cnss_pci 0000:01:00.0: enabling device (0000 -> 0002)
01-01 07:00:21.481     0     0 D [3 T525   ..] cnss: Set PCI DMA MASK (0xfffffffff)
01-01 07:00:21.483     0     0 I         : [0 T496   ..] meson8b-dwmac fdc00000.ethernet eth0: Register MEM_TYPE_PAGE_POOL RxQ-0
01-01 07:00:21.483     0     0 D [3 T525   ..] cnss: request MSI one vector
01-01 07:00:21.483     0     0 D [3 T525   ..] cnss: MSI base data is 1
01-01 07:00:21.483     0     0 D [3 T525   ..] cnss: BAR starts at 0x00000000f5800000, length is 200000
01-01 07:00:21.483     0     0 D [3 T525   ..] cnss: Assign MSI to user: MHI, num_vectors: 1, user_base_data: 1, base_vector: 0
01-01 07:00:21.483     0     0 D [3 T525   ..] cnss: Number of assigned MSI for MHI is 3, base vector is 0
01-01 07:00:21.483     0     0 D [3 T525   ..] cnss: Get IRQ number 101 for vector index 0
01-01 07:00:21.483     0     0 D [3 T525   ..] cnss: Get IRQ number 101 for vector index 0
01-01 07:00:21.483     0     0 D [3 T525   ..] cnss: Get IRQ number 101 for vector index 0
11-27 12:08:23.308   525   525 E android.hardware.wifi@1.0-service.droidlogic: insmod driver: /vendor/lib/modules/wlan.ko
11-27 12:08:23.309   811   811 V HistoricalRegistry: Interaction before persistence initialized
11-27 12:08:23.310   811   811 V SystemServerTiming: OnBootPhase_500_com.android.server.job.JobSchedulerService took to complete: 8ms
11-27 12:08:23.310   811   811 D SystemServerTiming: OnBootPhase_500_com.android.server.soundtrigger.SoundTriggerService
11-27 12:08:23.310   811   811 D SoundTriggerService: onBootPhase: 500 : false
11-27 12:08:23.310   811   811 V SystemServerTiming: OnBootPhase_500_com.android.server.soundtrigger.SoundTriggerService took to complete: 0ms
11-27 12:08:23.310   811   811 D SystemServerTiming: OnBootPhase_500_com.android.server.trust.TrustManagerService
01-01 07:00:21.484     0     0 D [3 T525   ..] cnss: Get device version info, family number: 0x4, device number: 0x17, major version: 0x2, minor version: 0x0
01-01 07:00:21.484     0     0 D [3 T525   ..] cnss: FW name is amss20.bin, FW fallback name is amss20.bin
11-27 12:08:23.312   811   811 V SystemServerTiming: OnBootPhase_500_com.android.server.trust.TrustManagerService took to complete: 1ms
01-01 07:00:21.484     0     0 D [3 T525   ..] cnss: Get PCI link status register: 4114
11-27 12:08:23.312   811   811 D SystemServerTiming: OnBootPhase_500_com.android.server.backup.BackupManagerService$Lifecycle
11-27 12:08:23.312   811   811 V SystemServerTiming: OnBootPhase_500_com.android.server.backup.BackupManagerService$Lifecycle took to complete: 0ms
11-27 12:08:23.312   811   811 D SystemServerTiming: OnBootPhase_500_com.android.server.appwidget.AppWidgetService
11-27 12:08:23.312   811   811 V SystemServerTiming: OnBootPhase_500_com.android.server.appwidget.AppWidgetService took to complete: 0ms
01-01 07:00:21.484     0     0 D [3 T525   ..] cnss: Default PCI link speed is 0x2, link width is 0x1
01-01 07:00:21.484     0     0 D [3 T525   ..] cnss: pci link_ctl 0x0040
01-01 07:00:21.484     0     0 I [3 T525   ..] cnss: Platform driver probed successfully.
01-01 07:00:21.484     0     0 I [3 T525   ..] cnss_prealloc: created mempool cnss-pool-8k of min size 22 * 8192
11-27 12:08:23.312   811   811 D SystemServerTiming: OnBootPhase_500_com.android.server.voiceinteraction.VoiceInteractionManagerService
01-01 07:00:21.484     0     0 I [3 T525   ..] cnss_prealloc: created mempool cnss-pool-16k of min size 16 * 16384
11-27 12:08:23.312   811   811 V SystemServerTiming: OnBootPhase_500_com.android.server.voiceinteraction.VoiceInteractionManagerService took to complete: 0ms
11-27 12:08:23.312   811   811 D SystemServerTiming: OnBootPhase_500_com.android.server.apphibernation.AppHibernationService
01-01 07:00:21.485     0     0 I [3 T525   ..] cnss_prealloc: created mempool cnss-pool-32k of min size 6 * 32768
01-01 07:00:21.485     0     0 I [3 T525   ..] cnss_prealloc: created mempool cnss-pool-64k of min size 8 * 65536
01-01 07:00:21.485     0     0 I [3 T525   ..] cnss_prealloc: created mempool cnss-pool-128k of min size 2 * 131072
01-01 07:00:21.486     0     0 I         : [0 T496   ..] meson8b-dwmac fdc00000.ethernet eth0: No Safety Features support found
01-01 07:00:21.486     0     0 I         : [0 T496   ..] meson8b-dwmac fdc00000.ethernet eth0: IEEE 1588-2008 Advanced Timestamp supported
01-01 07:00:21.487     0     0 I         : [5 T496   ..] meson8b-dwmac fdc00000.ethernet eth0: registered PTP clock
01-01 07:00:21.489     0     0 I         : [1 T496   ..] meson8b-dwmac fdc00000.ethernet eth0: configuring for phy/rgmii-id link mode
11-27 12:08:23.312   811   811 V SystemServerTiming: OnBootPhase_500_com.android.server.apphibernation.AppHibernationService took to complete: 1ms
11-27 12:08:23.313   811   811 D SystemServerTiming: OnBootPhase_500_com.android.server.GestureLauncherService
11-27 12:08:23.313   811   811 V SystemServerTiming: OnBootPhase_500_com.android.server.GestureLauncherService took to complete: 0ms
11-27 12:08:23.313   811   811 D SystemServerTiming: OnBootPhase_500_com.android.server.SensorNotificationService
11-27 12:08:23.313   811   811 V SystemServerTiming: OnBootPhase_500_com.android.server.SensorNotificationService took to complete: 0ms
11-27 12:08:23.313   811   811 D SystemServerTiming: OnBootPhase_500_com.android.server.emergency.EmergencyAffordanceService
11-27 12:08:23.313   811   811 V SystemServerTiming: OnBootPhase_500_com.android.server.emergency.EmergencyAffordanceService took to complete: 0ms
11-27 12:08:23.313   811   811 D SystemServerTiming: OnBootPhase_500_com.android.server.blob.BlobStoreManagerService
11-27 12:08:23.313   811   811 V SystemServerTiming: OnBootPhase_500_com.android.server.blob.BlobStoreManagerService took to complete: 0ms
11-27 12:08:23.313   811   811 D SystemServerTiming: OnBootPhase_500_com.android.server.dreams.DreamManagerService
11-27 12:08:23.313   811   811 V SystemServerTiming: OnBootPhase_500_com.android.server.dreams.DreamManagerService took to complete: 0ms
11-27 12:08:23.313   811   811 D SystemServerTiming: OnBootPhase_500_com.android.server.security.AttestationVerificationManagerService
11-27 12:08:23.313   811   811 V SystemServerTiming: OnBootPhase_500_com.android.server.security.AttestationVerificationManagerService took to complete: 0ms
11-27 12:08:23.313   811   811 D SystemServerTiming: OnBootPhase_500_com.android.server.restrictions.RestrictionsManagerService
11-27 12:08:23.313   811   811 V SystemServerTiming: OnBootPhase_500_com.android.server.restrictions.RestrictionsManagerService took to complete: 0ms
11-27 12:08:23.313   811   811 D SystemServerTiming: OnBootPhase_500_com.android.server.media.MediaSessionService
11-27 12:08:23.313   811   811 V SystemServerTiming: OnBootPhase_500_com.android.server.media.MediaSessionService took to complete: 0ms
11-27 12:08:23.313   811   811 D SystemServerTiming: OnBootPhase_500_com.android.server.hdmi.HdmiControlService
11-27 12:08:23.316   811   811 V SystemServerTiming: OnBootPhase_500_com.android.server.hdmi.HdmiControlService took to complete: 2ms
11-27 12:08:23.316   811   811 D SystemServerTiming: OnBootPhase_500_com.android.server.tv.interactive.TvInteractiveAppManagerService
11-27 12:08:23.317   811   811 V SystemServerTiming: OnBootPhase_500_com.android.server.tv.interactive.TvInteractiveAppManagerService took to complete: 1ms
11-27 12:08:23.317   811   811 D SystemServerTiming: OnBootPhase_500_com.android.server.tv.TvInputManagerService
11-27 12:08:23.334   811   811 V SystemServerTiming: OnBootPhase_500_com.android.server.tv.TvInputManagerService took to complete: 18ms
11-27 12:08:23.334   811   811 D SystemServerTiming: OnBootPhase_500_com.android.server.tv.TvRemoteService
11-27 12:08:23.334   811   811 V SystemServerTiming: OnBootPhase_500_com.android.server.tv.TvRemoteService took to complete: 0ms
11-27 12:08:23.334   811   811 D SystemServerTiming: OnBootPhase_500_com.android.server.biometrics.BiometricService
11-27 12:08:23.334   811   811 V SystemServerTiming: OnBootPhase_500_com.android.server.biometrics.BiometricService took to complete: 0ms
11-27 12:08:23.334   811   811 D SystemServerTiming: OnBootPhase_500_com.android.server.biometrics.AuthService
11-27 12:08:23.334   811   811 V SystemServerTiming: OnBootPhase_500_com.android.server.biometrics.AuthService took to complete: 0ms
11-27 12:08:23.334   811   811 D SystemServerTiming: OnBootPhase_500_com.android.server.pm.ShortcutService$Lifecycle
11-27 12:08:23.334   811   811 V SystemServerTiming: OnBootPhase_500_com.android.server.pm.ShortcutService$Lifecycle took to complete: 0ms
11-27 12:08:23.334   811   811 D SystemServerTiming: OnBootPhase_500_com.android.server.pm.LauncherAppsService
11-27 12:08:23.334   811   811 V SystemServerTiming: OnBootPhase_500_com.android.server.pm.LauncherAppsService took to complete: 0ms
11-27 12:08:23.334   811   811 D SystemServerTiming: OnBootPhase_500_com.android.server.pm.CrossProfileAppsService
11-27 12:08:23.334   811   811 V SystemServerTiming: OnBootPhase_500_com.android.server.pm.CrossProfileAppsService took to complete: 0ms
11-27 12:08:23.334   811   811 D SystemServerTiming: OnBootPhase_500_com.android.server.people.PeopleService
11-27 12:08:23.335   811   811 V SystemServerTiming: OnBootPhase_500_com.android.server.people.PeopleService took to complete: 1ms
11-27 12:08:23.335   811   811 D SystemServerTiming: OnBootPhase_500_com.android.server.media.metrics.MediaMetricsManagerService
11-27 12:08:23.335   811   811 V SystemServerTiming: OnBootPhase_500_com.android.server.media.metrics.MediaMetricsManagerService took to complete: 0ms
11-27 12:08:23.335   811   811 D SystemServerTiming: OnBootPhase_500_com.android.server.media.projection.MediaProjectionManagerService
11-27 12:08:23.335   811   811 V SystemServerTiming: OnBootPhase_500_com.android.server.media.projection.MediaProjectionManagerService took to complete: 0ms
11-27 12:08:23.335   811   811 D SystemServerTiming: OnBootPhase_500_com.android.server.slice.SliceManagerService$Lifecycle
11-27 12:08:23.335   811   811 V SystemServerTiming: OnBootPhase_500_com.android.server.slice.SliceManagerService$Lifecycle took to complete: 0ms
11-27 12:08:23.335   811   811 D SystemServerTiming: OnBootPhase_500_com.android.server.stats.StatsCompanion$Lifecycle
11-27 12:08:23.335   811   811 V SystemServerTiming: OnBootPhase_500_com.android.server.stats.StatsCompanion$Lifecycle took to complete: 0ms
11-27 12:08:23.335   811   811 D SystemServerTiming: OnBootPhase_500_com.android.server.scheduling.RebootReadinessManagerService$Lifecycle
11-27 12:08:23.335   811   811 V SystemServerTiming: OnBootPhase_500_com.android.server.scheduling.RebootReadinessManagerService$Lifecycle took to complete: 0ms
11-27 12:08:23.335   811   811 D SystemServerTiming: OnBootPhase_500_com.android.server.stats.pull.StatsPullAtomService
11-27 12:08:23.335   811   811 V SystemServerTiming: OnBootPhase_500_com.android.server.stats.pull.StatsPullAtomService took to complete: 0ms
11-27 12:08:23.335   811   811 D SystemServerTiming: OnBootPhase_500_com.android.server.stats.bootstrap.StatsBootstrapAtomService$Lifecycle
11-27 12:08:23.336   811   811 V SystemServerTiming: OnBootPhase_500_com.android.server.stats.bootstrap.StatsBootstrapAtomService$Lifecycle took to complete: 0ms
11-27 12:08:23.336   811   811 D SystemServerTiming: OnBootPhase_500_com.android.server.incident.IncidentCompanionService
11-27 12:08:23.336   811   811 V SystemServerTiming: OnBootPhase_500_com.android.server.incident.IncidentCompanionService took to complete: 0ms
11-27 12:08:23.336   811   811 D SystemServerTiming: OnBootPhase_500_com.android.server.sdksandbox.SdkSandboxManagerService$Lifecycle
11-27 12:08:23.336   811   811 V SystemServerTiming: OnBootPhase_500_com.android.server.sdksandbox.SdkSandboxManagerService$Lifecycle took to complete: 0ms
11-27 12:08:23.336   811   811 D SystemServerTiming: OnBootPhase_500_com.android.server.adservices.AdServicesManagerService$Lifecycle
11-27 12:08:23.336   811   811 V SystemServerTiming: OnBootPhase_500_com.android.server.adservices.AdServicesManagerService$Lifecycle took to complete: 0ms
11-27 12:08:23.336   811   811 D SystemServerTiming: OnBootPhase_500_com.android.server.autofill.AutofillManagerService
11-27 12:08:23.336   811   811 V SystemServerTiming: OnBootPhase_500_com.android.server.autofill.AutofillManagerService took to complete: 0ms
11-27 12:08:23.336   811   811 D SystemServerTiming: OnBootPhase_500_com.android.server.clipboard.ClipboardService
11-27 12:08:23.336   811   811 V SystemServerTiming: OnBootPhase_500_com.android.server.clipboard.ClipboardService took to complete: 0ms
11-27 12:08:23.336   811   811 D SystemServerTiming: OnBootPhase_500_com.android.server.appbinding.AppBindingService$Lifecycle
11-27 12:08:23.336   811   811 V SystemServerTiming: OnBootPhase_500_com.android.server.appbinding.AppBindingService$Lifecycle took to complete: 0ms
11-27 12:08:23.336   811   811 D SystemServerTiming: OnBootPhase_500_com.android.server.tracing.TracingServiceProxy
11-27 12:08:23.336   811   811 V SystemServerTiming: OnBootPhase_500_com.android.server.tracing.TracingServiceProxy took to complete: 0ms
11-27 12:08:23.336   811   811 V SystemServerTiming: OnBootPhase_500 took to complete: 210ms
11-27 12:08:23.336   811   811 V SystemServerTiming: StartBootPhaseSystemServicesReady took to complete: 211ms
11-27 12:08:23.336   811   811 D SystemServerTiming: MakeWindowManagerServiceReady
11-27 12:08:23.341   811   811 V SystemServerTiming: MakeWindowManagerServiceReady took to complete: 4ms
11-27 12:08:23.341   811   840 I HealthServiceWrapperAidl: health: HealthServiceWrapper listening to AIDL HAL
11-27 12:08:23.343   811   840 D StatsPullAtomService: Registering pullers with statsd
11-27 12:08:23.343   811   811 D SystemServerTiming: StartPermissionPolicyService
11-27 12:08:23.343   811   811 I SystemServiceManager: Starting com.android.server.policy.PermissionPolicyService
11-27 12:08:23.345   811   811 V SystemServerTiming: StartPermissionPolicyService took to complete: 3ms
11-27 12:08:23.345   811   811 D SystemServerTiming: MakePackageManagerServiceReady
11-27 12:08:23.345   811   840 I StatsPullAtomService: register thermal listener successfully
11-27 12:08:23.358   811   811 V UserDataPreparer: Found /data/user_de/0 with serial number 0
11-27 12:08:23.359   811   811 V UserDataPreparer: Found /data/user/0 with serial number 0
11-27 12:08:23.359   811   811 V UserDataPreparer: Found /data/system_de/0 with serial number 0
11-27 12:08:23.359   811   811 W UserDataPreparer: Invalid user directory /data/system_de/usagestats
11-27 12:08:23.359   811   811 V UserDataPreparer: Found /data/system_ce/0 with serial number 0
11-27 12:08:23.361   811   811 V UserDataPreparer: Found /data/misc_ce/0 with serial number 0
11-27 12:08:23.361   811   811 I PackageManager: Permission ownership changed. Updating all permissions.
11-27 12:08:23.374   811   811 W PackageManager: Package android.ext.services is an APK in APEX, but has permission allowlist on the system image. Please bundle the allowlist in the com.android.extservices APEX instead.
11-27 12:08:23.374   811   811 W PackageManager: Package android.ext.services is an APK in APEX, but has permission allowlist on the system image. Please bundle the allowlist in the com.android.extservices APEX instead.
11-27 12:08:23.374   811   811 W PackageManager: Package android.ext.services is an APK in APEX, but has permission allowlist on the system image. Please bundle the allowlist in the com.android.extservices APEX instead.
11-27 12:08:23.374   811   811 W PackageManager: Package android.ext.services is an APK in APEX, but has permission allowlist on the system image. Please bundle the allowlist in the com.android.extservices APEX instead.
11-27 12:08:23.384   811   811 W PackageManager: Package com.android.providers.media.module is an APK in APEX, but has permission allowlist on the system image. Please bundle the allowlist in the com.android.mediaprovider APEX instead.
11-27 12:08:23.384   811   811 W PackageManager: Package com.android.providers.media.module is an APK in APEX, but has permission allowlist on the system image. Please bundle the allowlist in the com.android.mediaprovider APEX instead.
11-27 12:08:23.385   811   811 W PackageManager: Package com.android.providers.media.module is an APK in APEX, but has permission allowlist on the system image. Please bundle the allowlist in the com.android.mediaprovider APEX instead.
11-27 12:08:23.385   811   811 W PackageManager: Package com.android.providers.media.module is an APK in APEX, but has permission allowlist on the system image. Please bundle the allowlist in the com.android.mediaprovider APEX instead.
11-27 12:08:23.385   811   811 W PackageManager: Package com.android.providers.media.module is an APK in APEX, but has permission allowlist on the system image. Please bundle the allowlist in the com.android.mediaprovider APEX instead.
11-27 12:08:23.385   811   811 W PackageManager: Package com.android.providers.media.module is an APK in APEX, but has permission allowlist on the system image. Please bundle the allowlist in the com.android.mediaprovider APEX instead.
11-27 12:08:23.385   811   811 W PackageManager: Package com.android.providers.media.module is an APK in APEX, but has permission allowlist on the system image. Please bundle the allowlist in the com.android.mediaprovider APEX instead.
11-27 12:08:23.385   811   811 W PackageManager: Package com.android.providers.media.module is an APK in APEX, but has permission allowlist on the system image. Please bundle the allowlist in the com.android.mediaprovider APEX instead.
11-27 12:08:23.385   811   811 W PackageManager: Package com.android.providers.media.module is an APK in APEX, but has permission allowlist on the system image. Please bundle the allowlist in the com.android.mediaprovider APEX instead.
11-27 12:08:23.385   811   811 W PackageManager: Package com.android.providers.media.module is an APK in APEX, but has permission allowlist on the system image. Please bundle the allowlist in the com.android.mediaprovider APEX instead.
11-27 12:08:23.385   811   811 W PackageManager: Package com.android.providers.media.module is an APK in APEX, but has permission allowlist on the system image. Please bundle the allowlist in the com.android.mediaprovider APEX instead.
11-27 12:08:23.385   811   811 W PackageManager: Package com.android.providers.media.module is an APK in APEX, but has permission allowlist on the system image. Please bundle the allowlist in the com.android.mediaprovider APEX instead.
11-27 12:08:23.385   811   811 W PackageManager: Package com.android.providers.media.module is an APK in APEX, but has permission allowlist on the system image. Please bundle the allowlist in the com.android.mediaprovider APEX instead.
11-27 12:08:23.399   811   811 V StagingManagerTiming: restoreSessions took to complete: 2ms
11-27 12:08:23.399   811   811 V SystemServerTiming: MakePackageManagerServiceReady took to complete: 54ms
11-27 12:08:23.399   811   811 D SystemServerTiming: MakeDisplayManagerServiceReady
11-27 12:08:23.400   811   835 E DisplayModeDirector: Asked about unknown display, returning empty display mode specs!(id=0)
11-27 12:08:23.400   811   835 E DisplayModeDirector: Asked about unknown display, returning empty display mode specs!(id=0)
11-27 12:08:23.402   811   811 I BrightnessSynchronizer: Initial brightness readings: 102(int), 0.39763778(float)
11-27 12:08:23.404   811   811 V SystemServerTiming: MakeDisplayManagerServiceReady took to complete: 5ms
11-27 12:08:23.405   811   811 D SystemServerTiming: StartDeviceSpecificServices
11-27 12:08:23.405   811   811 V SystemServerTiming: StartDeviceSpecificServices took to complete: 0ms
11-27 12:08:23.405   811   811 D SystemServerTiming: GameManagerService
11-27 12:08:23.405   811   811 I SystemServiceManager: Starting com.android.server.app.GameManagerService$Lifecycle
11-27 12:08:23.408   811   811 V SystemServerTiming: GameManagerService took to complete: 4ms
11-27 12:08:23.408   811   811 D SystemServerTiming: ArtManagerLocal
11-27 12:08:23.409   811   811 V SystemServerTiming: ArtManagerLocal took to complete: 0ms
11-27 12:08:23.409   811   811 D SystemServerTiming: StartBootPhaseDeviceSpecificServicesReady
11-27 12:08:23.409   811   811 I SystemServiceManager: Starting phase 520
11-27 12:08:23.409   811   811 D SystemServerTiming: OnBootPhase_520
11-27 12:08:23.409   811   811 D SystemServerTiming: OnBootPhase_520_com.android.server.security.FileIntegrityService
11-27 12:08:23.409   811   811 V SystemServerTiming: OnBootPhase_520_com.android.server.security.FileIntegrityService took to complete: 0ms
11-27 12:08:23.409   811   811 D SystemServerTiming: OnBootPhase_520_com.android.server.pm.Installer
11-27 12:08:23.409   811   811 V SystemServerTiming: OnBootPhase_520_com.android.server.pm.Installer took to complete: 0ms
11-27 12:08:23.409   811   811 D SystemServerTiming: OnBootPhase_520_com.android.server.os.DeviceIdentifiersPolicyService
11-27 12:08:23.409   811   811 V SystemServerTiming: OnBootPhase_520_com.android.server.os.DeviceIdentifiersPolicyService took to complete: 0ms
11-27 12:08:23.409   811   811 D SystemServerTiming: OnBootPhase_520_com.android.server.uri.UriGrantsManagerService$Lifecycle
11-27 12:08:23.409   811   811 V SystemServerTiming: OnBootPhase_520_com.android.server.uri.UriGrantsManagerService$Lifecycle took to complete: 0ms
11-27 12:08:23.409   811   811 D SystemServerTiming: OnBootPhase_520_com.android.server.powerstats.PowerStatsService
11-27 12:08:23.409   811   811 V SystemServerTiming: OnBootPhase_520_com.android.server.powerstats.PowerStatsService took to complete: 0ms
11-27 12:08:23.409   811   811 D SystemServerTiming: OnBootPhase_520_com.android.server.wm.ActivityTaskManagerService$Lifecycle
11-27 12:08:23.409   811   811 V SystemServerTiming: OnBootPhase_520_com.android.server.wm.ActivityTaskManagerService$Lifecycle took to complete: 0ms
11-27 12:08:23.409   811   811 D SystemServerTiming: OnBootPhase_520_com.android.server.am.ActivityManagerService$Lifecycle
11-27 12:08:23.409   811   811 V SystemServerTiming: OnBootPhase_520_com.android.server.am.ActivityManagerService$Lifecycle took to complete: 0ms
11-27 12:08:23.409   811   811 D SystemServerTiming: OnBootPhase_520_com.android.server.pm.DataLoaderManagerService
11-27 12:08:23.409   811   811 V SystemServerTiming: OnBootPhase_520_com.android.server.pm.DataLoaderManagerService took to complete: 0ms
11-27 12:08:23.409   811   811 D SystemServerTiming: OnBootPhase_520_com.android.server.power.PowerManagerService
11-27 12:08:23.409   811   811 V SystemServerTiming: OnBootPhase_520_com.android.server.power.PowerManagerService took to complete: 0ms
11-27 12:08:23.409   811   811 D SystemServerTiming: OnBootPhase_520_com.android.server.power.ThermalManagerService
11-27 12:08:23.409   811   811 V SystemServerTiming: OnBootPhase_520_com.android.server.power.ThermalManagerService took to complete: 0ms
11-27 12:08:23.409   811   811 D SystemServerTiming: OnBootPhase_520_com.android.server.power.hint.HintManagerService
11-27 12:08:23.409   811   811 V SystemServerTiming: OnBootPhase_520_com.android.server.power.hint.HintManagerService took to complete: 0ms
11-27 12:08:23.409   811   811 D SystemServerTiming: OnBootPhase_520_com.android.server.recoverysystem.RecoverySystemService$Lifecycle
11-27 12:08:23.409   811   811 V SystemServerTiming: OnBootPhase_520_com.android.server.recoverysystem.RecoverySystemService$Lifecycle took to complete: 0ms
11-27 12:08:23.409   811   811 D SystemServerTiming: OnBootPhase_520_com.android.server.lights.LightsService
11-27 12:08:23.409   811   811 V SystemServerTiming: OnBootPhase_520_com.android.server.lights.LightsService took to complete: 0ms
11-27 12:08:23.409   811   811 D SystemServerTiming: OnBootPhase_520_com.android.server.display.DisplayManagerService
11-27 12:08:23.409   811   811 V SystemServerTiming: OnBootPhase_520_com.android.server.display.DisplayManagerService took to complete: 0ms
11-27 12:08:23.410   811   811 D SystemServerTiming: OnBootPhase_520_com.android.server.pm.verify.domain.DomainVerificationService
11-27 12:08:23.410   811   811 V SystemServerTiming: OnBootPhase_520_com.android.server.pm.verify.domain.DomainVerificationService took to complete: 0ms
11-27 12:08:23.410   811   811 D SystemServerTiming: OnBootPhase_520_com.android.server.pm.PackageInstallerService$Lifecycle
11-27 12:08:23.410   811   811 V SystemServerTiming: OnBootPhase_520_com.android.server.pm.PackageInstallerService$Lifecycle took to complete: 0ms
11-27 12:08:23.410   811   811 D SystemServerTiming: OnBootPhase_520_com.android.server.pm.UserManagerService$LifeCycle
11-27 12:08:23.410   811   811 V SystemServerTiming: OnBootPhase_520_com.android.server.pm.UserManagerService$LifeCycle took to complete: 0ms
11-27 12:08:23.410   811   811 D SystemServerTiming: OnBootPhase_520_com.android.server.om.OverlayManagerService
11-27 12:08:23.410   811   811 V SystemServerTiming: OnBootPhase_520_com.android.server.om.OverlayManagerService took to complete: 0ms
11-27 12:08:23.410   811   811 D SystemServerTiming: OnBootPhase_520_com.android.server.resources.ResourcesManagerService
11-27 12:08:23.410   811   811 V SystemServerTiming: OnBootPhase_520_com.android.server.resources.ResourcesManagerService took to complete: 0ms
11-27 12:08:23.410   811   811 D SystemServerTiming: OnBootPhase_520_com.android.server.sensorprivacy.SensorPrivacyService
11-27 12:08:23.410   811   811 V SystemServerTiming: OnBootPhase_520_com.android.server.sensorprivacy.SensorPrivacyService took to complete: 0ms
11-27 12:08:23.410   811   811 D SystemServerTiming: OnBootPhase_520_com.android.server.sensors.SensorService
11-27 12:08:23.410   811   811 V SystemServerTiming: OnBootPhase_520_com.android.server.sensors.SensorService took to complete: 0ms
11-27 12:08:23.410   811   811 D SystemServerTiming: OnBootPhase_520_com.android.server.SystemConfigService
11-27 12:08:23.410   811   811 V SystemServerTiming: OnBootPhase_520_com.android.server.SystemConfigService took to complete: 0ms
11-27 12:08:23.410   811   811 D SystemServerTiming: OnBootPhase_520_com.android.server.BatteryService
11-27 12:08:23.410   811   811 V SystemServerTiming: OnBootPhase_520_com.android.server.BatteryService took to complete: 0ms
11-27 12:08:23.410   811   811 D SystemServerTiming: OnBootPhase_520_com.android.server.usage.UsageStatsService
11-27 12:08:23.410   811   811 V SystemServerTiming: OnBootPhase_520_com.android.server.usage.UsageStatsService took to complete: 0ms
11-27 12:08:23.410   811   811 D SystemServerTiming: OnBootPhase_520_com.android.server.webkit.WebViewUpdateService
11-27 12:08:23.410   811   811 V SystemServerTiming: OnBootPhase_520_com.android.server.webkit.WebViewUpdateService took to complete: 0ms
11-27 12:08:23.410   811   811 D SystemServerTiming: OnBootPhase_520_com.android.server.CachedDeviceStateService
11-27 12:08:23.410   811   811 V SystemServerTiming: OnBootPhase_520_com.android.server.CachedDeviceStateService took to complete: 0ms
11-27 12:08:23.410   811   811 D SystemServerTiming: OnBootPhase_520_com.android.server.BinderCallsStatsService$LifeCycle
11-27 12:08:23.410   811   811 V SystemServerTiming: OnBootPhase_520_com.android.server.BinderCallsStatsService$LifeCycle took to complete: 0ms
11-27 12:08:23.410   811   811 D SystemServerTiming: OnBootPhase_520_com.android.server.LooperStatsService$Lifecycle
11-27 12:08:23.410   811   811 V SystemServerTiming: OnBootPhase_520_com.android.server.LooperStatsService$Lifecycle took to complete: 0ms
11-27 12:08:23.410   811   811 D SystemServerTiming: OnBootPhase_520_com.android.server.rollback.RollbackManagerService
11-27 12:08:23.410   811   811 V SystemServerTiming: OnBootPhase_520_com.android.server.rollback.RollbackManagerService took to complete: 0ms
11-27 12:08:23.411   811   811 D SystemServerTiming: OnBootPhase_520_com.android.server.os.NativeTombstoneManagerService
11-27 12:08:23.411   811   811 V SystemServerTiming: OnBootPhase_520_com.android.server.os.NativeTombstoneManagerService took to complete: 0ms
11-27 12:08:23.411   811   811 D SystemServerTiming: OnBootPhase_520_com.android.server.os.BugreportManagerService
11-27 12:08:23.411   811   811 V SystemServerTiming: OnBootPhase_520_com.android.server.os.BugreportManagerService took to complete: 0ms
11-27 12:08:23.411   811   811 D SystemServerTiming: OnBootPhase_520_com.android.server.gpu.GpuService
11-27 12:08:23.411   811   811 V SystemServerTiming: OnBootPhase_520_com.android.server.gpu.GpuService took to complete: 0ms
11-27 12:08:23.411   811   811 D SystemServerTiming: OnBootPhase_520_com.android.server.security.KeyChainSystemService
11-27 12:08:23.411   811   811 V SystemServerTiming: OnBootPhase_520_com.android.server.security.KeyChainSystemService took to complete: 0ms
11-27 12:08:23.411   811   811 D SystemServerTiming: OnBootPhase_520_com.android.server.BinaryTransparencyService
11-27 12:08:23.411   811   811 V SystemServerTiming: OnBootPhase_520_com.android.server.BinaryTransparencyService took to complete: 0ms
11-27 12:08:23.411   811   811 D SystemServerTiming: OnBootPhase_520_com.android.server.accounts.AccountManagerService$Lifecycle
11-27 12:08:23.411   811   811 V SystemServerTiming: OnBootPhase_520_com.android.server.accounts.AccountManagerService$Lifecycle took to complete: 0ms
11-27 12:08:23.411   811   811 D SystemServerTiming: OnBootPhase_520_com.android.server.content.ContentService$Lifecycle
11-27 12:08:23.411   811   811 V SystemServerTiming: OnBootPhase_520_com.android.server.content.ContentService$Lifecycle took to complete: 0ms
11-27 12:08:23.411   811   811 D SystemServerTiming: OnBootPhase_520_com.android.server.DropBoxManagerService
11-27 12:08:23.411   811   811 V SystemServerTiming: OnBootPhase_520_com.android.server.DropBoxManagerService took to complete: 0ms
11-27 12:08:23.411   811   811 D SystemServerTiming: OnBootPhase_520_com.android.role.RoleService
11-27 12:08:23.411   811   811 V SystemServerTiming: OnBootPhase_520_com.android.role.RoleService took to complete: 0ms
11-27 12:08:23.411   811   811 D SystemServerTiming: OnBootPhase_520_com.android.server.vibrator.VibratorManagerService$Lifecycle
11-27 12:08:23.411   811   811 V SystemServerTiming: OnBootPhase_520_com.android.server.vibrator.VibratorManagerService$Lifecycle took to complete: 0ms
11-27 12:08:23.411   811   811 D SystemServerTiming: OnBootPhase_520_com.android.server.tare.InternalResourceService
11-27 12:08:23.411   811   811 V SystemServerTiming: OnBootPhase_520_com.android.server.tare.InternalResourceService took to complete: 0ms
11-27 12:08:23.411   811   811 D SystemServerTiming: OnBootPhase_520_com.android.server.alarm.AlarmManagerService
11-27 12:08:23.411   811   811 V SystemServerTiming: OnBootPhase_520_com.android.server.alarm.AlarmManagerService took to complete: 0ms
11-27 12:08:23.411   811   811 D SystemServerTiming: OnBootPhase_520_com.android.server.devicestate.DeviceStateManagerService
11-27 12:08:23.411   811   811 V SystemServerTiming: OnBootPhase_520_com.android.server.devicestate.DeviceStateManagerService took to complete: 0ms
11-27 12:08:23.411   811   811 D SystemServerTiming: OnBootPhase_520_com.android.server.bluetooth.BluetoothService
11-27 12:08:23.411   811   811 V SystemServerTiming: OnBootPhase_520_com.android.server.bluetooth.BluetoothService took to complete: 0ms
11-27 12:08:23.411   811   811 D SystemServerTiming: OnBootPhase_520_com.android.server.connectivity.IpConnectivityMetrics
11-27 12:08:23.411   811   811 V SystemServerTiming: OnBootPhase_520_com.android.server.connectivity.IpConnectivityMetrics took to complete: 0ms
11-27 12:08:23.411   811   811 D SystemServerTiming: OnBootPhase_520_com.android.server.net.watchlist.NetworkWatchlistService$Lifecycle
11-27 12:08:23.411   811   811 V SystemServerTiming: OnBootPhase_520_com.android.server.net.watchlist.NetworkWatchlistService$Lifecycle took to complete: 0ms
11-27 12:08:23.411   811   811 D SystemServerTiming: OnBootPhase_520_com.android.server.PinnerService
11-27 12:08:23.411   811   811 V SystemServerTiming: OnBootPhase_520_com.android.server.PinnerService took to complete: 0ms
11-27 12:08:23.411   811   811 D SystemServerTiming: OnBootPhase_520_com.android.server.integrity.AppIntegrityManagerService
11-27 12:08:23.411   811   811 V SystemServerTiming: OnBootPhase_520_com.android.server.integrity.AppIntegrityManagerService took to complete: 0ms
11-27 12:08:23.412   811   811 D SystemServerTiming: OnBootPhase_520_com.android.server.logcat.LogcatManagerService
11-27 12:08:23.412   811   811 V SystemServerTiming: OnBootPhase_520_com.android.server.logcat.LogcatManagerService took to complete: 0ms
11-27 12:08:23.412   811   811 D SystemServerTiming: OnBootPhase_520_com.android.server.inputmethod.InputMethodManagerService$Lifecycle
11-27 12:08:23.412   811   811 V SystemServerTiming: OnBootPhase_520_com.android.server.inputmethod.InputMethodManagerService$Lifecycle took to complete: 0ms
11-27 12:08:23.412   811   811 D SystemServerTiming: OnBootPhase_520_com.android.server.accessibility.AccessibilityManagerService$Lifecycle
11-27 12:08:23.412   811   811 V SystemServerTiming: OnBootPhase_520_com.android.server.accessibility.AccessibilityManagerService$Lifecycle took to complete: 0ms
11-27 12:08:23.412   811   811 D SystemServerTiming: OnBootPhase_520_com.android.server.StorageManagerService$Lifecycle
11-27 12:08:23.412   811   811 V SystemServerTiming: OnBootPhase_520_com.android.server.StorageManagerService$Lifecycle took to complete: 0ms
11-27 12:08:23.412   811   811 D SystemServerTiming: OnBootPhase_520_com.android.server.usage.StorageStatsService$Lifecycle
11-27 12:08:23.412   811   811 V SystemServerTiming: OnBootPhase_520_com.android.server.usage.StorageStatsService$Lifecycle took to complete: 0ms
11-27 12:08:23.412   811   811 D SystemServerTiming: OnBootPhase_520_com.android.server.UiModeManagerService
11-27 12:08:23.412   811   811 V SystemServerTiming: OnBootPhase_520_com.android.server.UiModeManagerService took to complete: 0ms
11-27 12:08:23.412   811   811 D SystemServerTiming: OnBootPhase_520_com.android.server.locales.LocaleManagerService
11-27 12:08:23.412   811   811 V SystemServerTiming: OnBootPhase_520_com.android.server.locales.LocaleManagerService took to complete: 0ms
11-27 12:08:23.412   811   811 D SystemServerTiming: OnBootPhase_520_com.android.server.locksettings.LockSettingsService$Lifecycle
11-27 12:08:23.412   811   811 V SystemServerTiming: OnBootPhase_520_com.android.server.locksettings.LockSettingsService$Lifecycle took to complete: 0ms
11-27 12:08:23.412   811   811 D SystemServerTiming: OnBootPhase_520_com.android.server.PersistentDataBlockService
11-27 12:08:23.412   811   811 V SystemServerTiming: OnBootPhase_520_com.android.server.PersistentDataBlockService took to complete: 0ms
11-27 12:08:23.412   811   811 D SystemServerTiming: OnBootPhase_520_com.android.server.testharness.TestHarnessModeService
11-27 12:08:23.412   811   811 V SystemServerTiming: OnBootPhase_520_com.android.server.testharness.TestHarnessModeService took to complete: 0ms
11-27 12:08:23.412   811   811 D SystemServerTiming: OnBootPhase_520_com.android.server.oemlock.OemLockService
11-27 12:08:23.412   811   811 V SystemServerTiming: OnBootPhase_520_com.android.server.oemlock.OemLockService took to complete: 0ms
11-27 12:08:23.412   811   811 D SystemServerTiming: OnBootPhase_520_com.android.server.DeviceIdleController
11-27 12:08:23.412   811   811 V SystemServerTiming: OnBootPhase_520_com.android.server.DeviceIdleController took to complete: 0ms
