01-01 07:00:18.399   811   839 I SystemConfig: Reading permissions from /system/etc/permissions/com.android.location.provider.xml
01-01 07:00:18.399   811   811 D CompatConfig: Found a config file: /system/etc/compatconfig/TeleService-platform-compat-config.xml
01-01 07:00:18.400   811   839 I SystemConfig: Reading permissions from /system/etc/permissions/privapp_allowlist_com.android.providers.media.module.xml
01-01 07:00:18.400   811   811 D CompatConfig: Adding: com.android.server.compat.config.Change@3235ffe
01-01 07:00:18.400   811   811 D CompatConfig: Adding: com.android.server.compat.config.Change@9c3735f
01-01 07:00:18.400   811   811 D CompatConfig: Adding: com.android.server.compat.config.Change@fd941ac
01-01 07:00:18.400   811   811 D CompatConfig: Adding: com.android.server.compat.config.Change@88b8e75
01-01 07:00:18.400   811   811 D CompatConfig: Adding: com.android.server.compat.config.Change@c517e0a
01-01 07:00:18.400   811   811 D CompatConfig: Adding: com.android.server.compat.config.Change@8d5e67b
01-01 07:00:18.400   811   839 I SystemConfig: Reading permissions from /system/etc/permissions/tahoe_core_hardware.xml
01-01 07:00:18.400   811   811 D CompatConfig: No directory /system/system_ext/etc/compatconfig, skipping
01-01 07:00:18.401   811   839 I SystemConfig: Reading permissions from /system/etc/permissions/privapp_allowlist_com.android.adservices.api.xml
01-01 07:00:18.402   811   839 I SystemConfig: Reading permissions from /system/etc/permissions/privapp-permissions-platform.xml
01-01 07:00:18.403   811   811 D ApexManagerTiming: getActiveApexInfos_noCache
01-01 07:00:18.408   811   839 I SystemConfig: Reading permissions from /system/etc/permissions/com.android.mediadrm.signer.xml
01-01 07:00:18.409   811   839 I SystemConfig: Reading permissions from /system/etc/permissions/android.test.mock.xml
01-01 07:00:18.410   811   839 I SystemConfig: Reading permissions from /system/etc/permissions/com.android.media.remotedisplay.xml
01-01 07:00:18.411   811   839 I SystemConfig: Reading permissions from /system/etc/permissions/android.hardware.bluetooth.xml
01-01 07:00:18.413   811   839 I SystemConfig: Reading permissions from /system/etc/permissions/tv_core_hardware.xml
01-01 07:00:18.415   811   839 I SystemConfig: Reading permissions from /system/etc/permissions/com.android.future.usb.accessory.xml
01-01 07:00:18.416   811   839 I SystemConfig: Reading permissions from /system/etc/permissions/privapp_allowlist_android.ext.services.xml
01-01 07:00:18.418   811   839 I SystemConfig: Reading permissions from /system/etc/permissions/javax.obex.xml
01-01 07:00:18.420   811   839 I SystemConfig: Reading permissions from /system/etc/permissions/android.test.base.xml
01-01 07:00:18.421   811   839 I SystemConfig: Reading permissions from /system/etc/permissions/org.apache.http.legacy.xml
01-01 07:00:18.422   811   839 I SystemConfig: Reading permissions from /system/etc/permissions/platform.xml
01-01 07:00:18.427   811   839 I SystemConfig: Reading permissions from /vendor/etc/permissions/android.hardware.wifi.passpoint.xml
01-01 07:00:18.428   811   839 I SystemConfig: Reading permissions from /vendor/etc/permissions/com.droidlogic.appinstaller.xml
01-01 07:00:18.429   811   839 I SystemConfig: Reading permissions from /vendor/etc/permissions/android.hardware.audio.output.xml
01-01 07:00:18.430   811   839 I SystemConfig: Reading permissions from /vendor/etc/permissions/prime.xml
01-01 07:00:18.431   811   839 I SystemConfig: Reading permissions from /vendor/etc/permissions/android.hardware.keystore.app_attest_key.xml
01-01 07:00:18.432   811   839 I SystemConfig: Reading permissions from /vendor/etc/permissions/android.hardware.wifi.xml
01-01 07:00:18.434   811   839 I SystemConfig: Reading permissions from /vendor/etc/permissions/android.hardware.bluetooth_le.xml
01-01 07:00:18.435   811   839 I SystemConfig: Reading permissions from /vendor/etc/permissions/android.software.opengles.deqp.level-2022-03-01.xml
01-01 07:00:18.436   811   839 I SystemConfig: Reading permissions from /vendor/etc/permissions/droidlogic.tv.software.core.xml
01-01 07:00:18.437   811   839 I SystemConfig: Reading permissions from /vendor/etc/permissions/android.hardware.hardware_keystore.amlogic.xml
01-01 07:00:18.439   811   839 I SystemConfig: Reading permissions from /vendor/etc/permissions/android.software.vulkan.deqp.level-2022-03-01.xml
01-01 07:00:18.441   811   839 I SystemConfig: Reading permissions from /vendor/etc/permissions/android.hardware.ethernet.xml
01-01 07:00:18.443   811   839 I SystemConfig: Reading permissions from /vendor/etc/permissions/android.hardware.hdmi.cec.xml
01-01 07:00:18.443   811   811 V ApexManagerTiming: getActiveApexInfos_noCache took to complete: 40ms
01-01 07:00:18.443   811   839 I SystemConfig: Reading permissions from /vendor/etc/permissions/android.hardware.gamepad.xml
01-01 07:00:18.444   811   811 D CompatConfig: Found a config file: /apex/com.android.mediaprovider/etc/compatconfig/media-provider-platform-compat-config.xml
01-01 07:00:18.444   811   839 I SystemConfig: Reading permissions from /vendor/etc/permissions/android.hardware.location.xml
01-01 07:00:18.444   811   811 D CompatConfig: Adding: com.android.server.compat.config.Change@4613d79
01-01 07:00:18.444   811   811 D CompatConfig: Adding: com.android.server.compat.config.Change@2b83abe
01-01 07:00:18.444   811   811 D CompatConfig: Adding: com.android.server.compat.config.Change@74b171f
01-01 07:00:18.444   811   811 D CompatConfig: Adding: com.android.server.compat.config.Change@cfe7a6c
01-01 07:00:18.444   811   811 D CompatConfig: Adding: com.android.server.compat.config.Change@d2f3835
01-01 07:00:18.444   811   811 D CompatConfig: Adding: com.android.server.compat.config.Change@e3944ca
01-01 07:00:18.444   811   811 D CompatConfig: Adding: com.android.server.compat.config.Change@f94063b
01-01 07:00:18.445   811   839 I SystemConfig: Reading permissions from /vendor/etc/permissions/android.software.app_widgets.xml
01-01 07:00:18.445   811   811 D CompatConfig: No directory /apex/com.android.sdkext/etc/compatconfig, skipping
01-01 07:00:18.445   811   811 D CompatConfig: No directory /apex/com.android.ipsec/etc/compatconfig, skipping
01-01 07:00:18.445   811   811 D CompatConfig: No directory /apex/com.android.ondevicepersonalization/etc/compatconfig, skipping
01-01 07:00:18.446   811   811 D CompatConfig: Found a config file: /apex/com.android.art/etc/compatconfig/libcore-platform-compat-config.xml
01-01 07:00:18.446   811   839 I SystemConfig: Reading permissions from /vendor/etc/permissions/android.hardware.vulkan.version.xml
01-01 07:00:18.446   811   811 D CompatConfig: Adding: com.android.server.compat.config.Change@db2cb17
01-01 07:00:18.446   811   811 D CompatConfig: Adding: com.android.server.compat.config.Change@9cbab04
01-01 07:00:18.446   811   811 D CompatConfig: Adding: com.android.server.compat.config.Change@2eb38ed
01-01 07:00:18.446   811   811 D CompatConfig: Adding: com.android.server.compat.config.Change@dcda322
01-01 07:00:18.446   811   811 D CompatConfig: Adding: com.android.server.compat.config.Change@68f01b3
01-01 07:00:18.446   811   811 D CompatConfig: Adding: com.android.server.compat.config.Change@da7370
01-01 07:00:18.446   811   839 I SystemConfig: Reading permissions from /vendor/etc/permissions/android.software.backup.xml
01-01 07:00:18.447   811   811 D CompatConfig: No directory /apex/com.sonos.player/etc/compatconfig, skipping
01-01 07:00:18.447   811   811 D CompatConfig: No directory /apex/com.android.uwb/etc/compatconfig, skipping
01-01 07:00:18.447   811   839 I SystemConfig: Reading permissions from /vendor/etc/permissions/android.hardware.wifi.direct.xml
01-01 07:00:18.447   811   811 D CompatConfig: No directory /apex/com.android.os.statsd/etc/compatconfig, skipping
01-01 07:00:18.448   811   811 D CompatConfig: No directory /apex/com.android.conscrypt/etc/compatconfig, skipping
01-01 07:00:18.448   811   811 D CompatConfig: No directory /apex/com.android.adbd/etc/compatconfig, skipping
01-01 07:00:18.448   811   839 I SystemConfig: Reading permissions from /vendor/etc/permissions/nrdp.xml
01-01 07:00:18.448   811   811 D CompatConfig: No directory /apex/com.android.runtime/etc/compatconfig, skipping
01-01 07:00:18.448   811   811 D CompatConfig: No directory /apex/com.android.media/etc/compatconfig, skipping
01-01 07:00:18.448   811   811 D CompatConfig: No directory /apex/com.android.i18n/etc/compatconfig, skipping
01-01 07:00:18.449   811   811 D CompatConfig: No directory /apex/com.android.extservices/etc/compatconfig, skipping
01-01 07:00:18.449   811   811 D CompatConfig: No directory /apex/com.android.scheduling/etc/compatconfig, skipping
01-01 07:00:18.449   811   839 I SystemConfig: Reading permissions from /vendor/etc/permissions/android.hardware.usb.host.xml
01-01 07:00:18.449   811   811 D CompatConfig: Found a config file: /apex/com.android.wifi/etc/compatconfig/wifi-compat-config.xml
01-01 07:00:18.450   811   839 I SystemConfig: Reading permissions from /vendor/etc/permissions/android.software.ipsec_tunnels.xml
01-01 07:00:18.450   811   811 D CompatConfig: Adding: com.android.server.compat.config.Change@c8ef42b
01-01 07:00:18.450   811   811 D CompatConfig: Adding: com.android.server.compat.config.Change@b854088
01-01 07:00:18.450   811   839 I SystemConfig: Reading permissions from /vendor/etc/permissions/android.hardware.vulkan.compute.xml
01-01 07:00:18.451   811   839 I SystemConfig: Reading permissions from /vendor/etc/permissions/android.software.verified_boot.xml
01-01 07:00:18.451   811   811 D CompatConfig: Found a config file: /apex/com.android.tethering/etc/compatconfig/connectivity-platform-compat-config.xml
01-01 07:00:18.452   811   811 D CompatConfig: Adding: com.android.server.compat.config.Change@871dd34
01-01 07:00:18.452   811   839 I SystemConfig: Reading permissions from /vendor/etc/permissions/android.hardware.bluetooth.xml
01-01 07:00:18.452   811   811 D CompatConfig: No directory /apex/com.android.apex.cts.shim/etc/compatconfig, skipping
01-01 07:00:18.452   811   811 D CompatConfig: No directory /apex/com.android.media.swcodec/etc/compatconfig, skipping
01-01 07:00:18.452   811   811 D CompatConfig: No directory /apex/com.android.adservices/etc/compatconfig, skipping
01-01 07:00:18.452   811   811 D CompatConfig: No directory /apex/com.android.neuralnetworks/etc/compatconfig, skipping
01-01 07:00:18.452   811   811 D CompatConfig: No directory /apex/com.android.appsearch/etc/compatconfig, skipping
01-01 07:00:18.452   811   839 I SystemConfig: Reading permissions from /vendor/etc/permissions/android.software.live_tv.xml
01-01 07:00:18.453   811   811 D CompatConfig: No directory /apex/com.android.tzdata/etc/compatconfig, skipping
01-01 07:00:18.453   811   811 D CompatConfig: Found a config file: /apex/com.android.btservices/etc/compatconfig/bluetooth-compat-config.xml
01-01 07:00:18.453   811   839 I SystemConfig: Reading permissions from /vendor/etc/permissions/android.hardware.consumerir.xml
01-01 07:00:18.454   811   811 D CompatConfig: Adding: com.android.server.compat.config.Change@fbbf01e
01-01 07:00:18.454   811   839 I SystemConfig: Reading permissions from /vendor/etc/permissions/droidlogic.software.core.xml
01-01 07:00:18.454   811   811 D CompatConfig: No directory /apex/com.android.vndk.v33/etc/compatconfig, skipping
01-01 07:00:18.454   811   811 D CompatConfig: No directory /apex/com.android.permission/etc/compatconfig, skipping
01-01 07:00:18.455   811   811 D CompatConfig: No directory /apex/com.android.resolv/etc/compatconfig, skipping
01-01 07:00:18.455   811   839 W SystemConfig: name is required for <deny-permission> in START_TAG (empty) <deny-permission name=''>@27:35 in java.io.FileReader@b6290ff
01-01 07:00:18.455   811   839 I SystemConfig: Reading permissions from /vendor/etc/permissions/android.software.farfield.xml
01-01 07:00:18.456   811   811 V SystemServerTiming: PlatformCompat took to complete: 76ms
01-01 07:00:18.456   811   811 D SystemServerTiming: StartFileIntegrityService
01-01 07:00:18.457   811   811 I SystemServiceManager: Starting com.android.server.security.FileIntegrityService
01-01 07:00:18.457   811   839 I SystemConfig: Reading permissions from /vendor/etc/permissions/android.hardware.opengles.aep.xml
01-01 07:00:18.459   811   839 I SystemConfig: Reading permissions from /vendor/etc/permissions/android.hardware.vulkan.level.xml
01-01 07:00:18.460   811   811 V SystemServerTiming: StartFileIntegrityService took to complete: 4ms
01-01 07:00:18.460   811   811 D SystemServerTiming: StartInstaller
01-01 07:00:18.460   811   811 I SystemServiceManager: Starting com.android.server.pm.Installer
01-01 07:00:18.461   811   839 I SystemConfig: Reading permissions from /vendor/etc/permissions/droidlogic.software.netflix.xml
01-01 07:00:18.462   811   839 I SystemConfig: Reading permissions from /vendor/etc/permissions/android.software.cant_save_state.xml
01-01 07:00:18.463   811   839 I SystemConfig: Reading permissions from /vendor/etc/permissions/aosp_excluded_hardware.xml
01-01 07:00:18.464   811   839 D SystemConfig: Removed unavailable feature android.hardware.location.network
01-01 07:00:18.465   811   839 I SystemConfig: Reading permissions from /product/etc/sysconfig/configs_com.sonos.pinewood.ota.service.xml
01-01 07:00:18.466   811   839 I SystemConfig: Reading permissions from /product/etc/sysconfig/atv-component-overrides.xml
01-01 07:00:18.466   811   811 V SystemServerTiming: StartInstaller took to complete: 6ms
01-01 07:00:18.466   811   811 D SystemServerTiming: DeviceIdentifiersPolicyService
01-01 07:00:18.467   811   811 I SystemServiceManager: Starting com.android.server.os.DeviceIdentifiersPolicyService
01-01 07:00:18.467   811   811 V SystemServerTiming: DeviceIdentifiersPolicyService took to complete: 1ms
01-01 07:00:18.467   811   811 D SystemServerTiming: UriGrantsManagerService
01-01 07:00:18.467   811   811 I SystemServiceManager: Starting com.android.server.uri.UriGrantsManagerService$Lifecycle
01-01 07:00:18.468   811   839 I SystemConfig: Reading permissions from /product/etc/permissions/privapp_allowlist_com.sonos.pinewood.ota.service.xml
01-01 07:00:18.469   811   839 I SystemConfig: Reading permissions from /product/etc/permissions/android.hardware.gamepad.xml
01-01 07:00:18.469   811   811 V SystemServerTiming: UriGrantsManagerService took to complete: 2ms
01-01 07:00:18.469   811   811 D SystemServerTiming: StartPowerStatsService
01-01 07:00:18.469   811   811 I SystemServiceManager: Starting com.android.server.powerstats.PowerStatsService
01-01 07:00:18.470   811   839 I SystemConfig: Reading permissions from /product/etc/permissions/privapp-permissions-tahoe-product.xml
01-01 07:00:18.472   811   839 I SystemConfig: Reading permissions from /product/etc/permissions/privapp_allowlist_com.sonos.tv.setup.xml
01-01 07:00:18.474   811   839 I SystemConfig: Reading permissions from /product/etc/permissions/privapp_allowlist_com.sonos.pinewood.ota.test.xml
01-01 07:00:18.476   811   839 I SystemConfig: Reading permissions from /product/etc/permissions/privapp_allowlist_com.sonos.tv.appdirector.xml
01-01 07:00:18.477   811   811 V SystemServerTiming: StartPowerStatsService took to complete: 8ms
01-01 07:00:18.477   811   811 D SystemServerTiming: StartIStatsService
01-01 07:00:18.477   811   839 I SystemConfig: Reading permissions from /product/etc/permissions/privapp_allowlist_com.sonos.tv.ble.remote.xml
01-01 07:00:18.478   811   811 V SystemServerTiming: StartIStatsService took to complete: 1ms
01-01 07:00:18.478   811   839 I SystemConfig: Reading permissions from /product/etc/permissions/com.droidlogic.updater.xml
01-01 07:00:18.478   811   811 D SystemServerTiming: MemtrackProxyService
01-01 07:00:18.479   811   839 I SystemConfig: Reading permissions from /product/etc/permissions/privapp_allowlist_com.sonos.tv.settings.xml
01-01 07:00:18.480   811   811 V SystemServerTiming: MemtrackProxyService took to complete: 1ms
01-01 07:00:18.480   811   811 D SystemServerTiming: StartActivityManager
01-01 07:00:18.480   811   811 I SystemServiceManager: Starting com.android.server.wm.ActivityTaskManagerService$Lifecycle
01-01 07:00:18.480   811   839 I SystemConfig: Reading permissions from /system_ext/etc/sysconfig/configs_com.sonos.connectivity.xml
01-01 07:00:18.482   811   839 I SystemConfig: Reading permissions from /system_ext/etc/permissions/com.sonos.livetv.xml
01-01 07:00:18.483   811   839 I SystemConfig: Reading permissions from /system_ext/etc/permissions/androidx.window.extensions.xml
01-01 07:00:18.484   811   839 I SystemConfig: Reading permissions from /system_ext/etc/permissions/com.sonos.tv.logging.xml
01-01 07:00:18.486   811   839 I SystemConfig: Reading permissions from /system_ext/etc/permissions/com.android.systemui.xml
01-01 07:00:18.487   811   839 I SystemConfig: Reading permissions from /system_ext/etc/permissions/privapp_allowlist_com.sonos.connectivity.xml
01-01 07:00:18.487   811   811 I SystemServiceManager: Starting com.android.server.am.ActivityManagerService$Lifecycle
01-01 07:00:18.488   811   839 I SystemConfig: Reading permissions from /system_ext/etc/permissions/androidx.window.sidecar.xml
01-01 07:00:18.489   811   839 I SystemConfig: Reading permissions from /system_ext/etc/permissions/com.sonos.tv.os.xml
01-01 07:00:18.492   811   839 I SystemConfig: Reading permissions from /system_ext/etc/permissions/com.sonos.tv.networking.xml
01-01 07:00:18.493   811   839 I SystemConfig: Reading permissions from /system_ext/etc/permissions/com.caavo.pw.ceccontroller.xml
01-01 07:00:18.495   811   839 I SystemConfig: Reading permissions from /system_ext/etc/permissions/droidlogic_permissions.xml
01-01 07:00:18.496   811   811 I ActivityManager: Memory class: 384
01-01 07:00:18.496   811   839 I SystemConfig: Reading permissions from /system_ext/etc/permissions/com.android.tv.settings.xml
01-01 07:00:18.497   811   839 I SystemConfig: Reading permissions from /system_ext/etc/permissions/com.sonos.pinewood.ir.rx.xml
01-01 07:00:18.497   811   839 I SystemConfig: Reading permissions from /system_ext/etc/permissions/com.droidlogic.tv.settings.xml
01-01 07:00:18.498   811   841 I Binder  : Setting heavy hitter watcher config: false, 0, 0.0
01-01 07:00:18.499   811   839 I SystemConfig: Reading permissions from /apex/com.android.mediaprovider/etc/permissions/privapp_allowlist_com.android.providers.media.module.xml
01-01 07:00:18.500   811   839 I SystemConfig: Reading permissions from /apex/com.android.adservices/etc/permissions/privapp_allowlist_com.android.adservices.api.xml
01-01 07:00:18.502   811   839 I SystemConfig: Reading permissions from /apex/com.android.extservices/etc/permissions/privapp_allowlist_android.ext.services.xml
01-01 07:00:18.503   811   839 I SystemConfig: Reading permissions from /apex/com.android.permission/etc/permissions/privapp_allowlist_com.android.permissioncontroller.xml
01-01 07:00:18.504   811   839 I SystemConfig: Reading permissions from /apex/com.android.ipsec/etc/permissions/android.net.ipsec.ike.xml
01-01 07:00:18.505   811   839 I SystemConfig: Reading permissions from /apex/com.android.tethering/etc/permissions/permissions.xml
01-01 07:00:18.507   811   839 I SystemConfig: Reading permissions from /apex/com.android.btservices/etc/permissions/privapp_allowlist_com.android.bluetooth.xml
01-01 07:00:18.509   811   839 W SystemConfig: Failed to read public libraries file /vendor/etc/public.libraries.txt
01-01 07:00:18.509   811   839 W SystemConfig: java.io.FileNotFoundException: /vendor/etc/public.libraries.txt: open failed: ENOENT (No such file or directory)
01-01 07:00:18.509   811   839 W SystemConfig: 	at libcore.io.IoBridge.open(IoBridge.java:574)
01-01 07:00:18.509   811   839 W SystemConfig: 	at java.io.FileInputStream.<init>(FileInputStream.java:160)
01-01 07:00:18.509   811   839 W SystemConfig: 	at java.io.FileReader.<init>(FileReader.java:75)
01-01 07:00:18.509   811   839 W SystemConfig: 	at com.android.server.SystemConfig.readPublicLibrariesListFile(SystemConfig.java:1825)
01-01 07:00:18.509   811   839 W SystemConfig: 	at com.android.server.SystemConfig.readPublicNativeLibrariesList(SystemConfig.java:1807)
01-01 07:00:18.509   811   839 W SystemConfig: 	at com.android.server.SystemConfig.<init>(SystemConfig.java:605)
01-01 07:00:18.509   811   839 W SystemConfig: 	at com.android.server.SystemConfig.getInstance(SystemConfig.java:369)
01-01 07:00:18.509   811   839 W SystemConfig: 	at com.android.server.SystemServer$$ExternalSyntheticLambda2.run(Unknown Source:0)
01-01 07:00:18.509   811   839 W SystemConfig: 	at com.android.server.SystemServerInitThreadPool.lambda$submitTask$0(SystemServerInitThreadPool.java:106)
01-01 07:00:18.509   811   839 W SystemConfig: 	at com.android.server.SystemServerInitThreadPool.$r8$lambda$aGlXt69ihU44Qi7EB_RNeu8pnrY(Unknown Source:0)
01-01 07:00:18.509   811   839 W SystemConfig: 	at com.android.server.SystemServerInitThreadPool$$ExternalSyntheticLambda0.run(Unknown Source:6)
01-01 07:00:18.509   811   839 W SystemConfig: 	at java.util.concurrent.Executors$RunnableAdapter.call(Executors.java:463)
01-01 07:00:18.509   811   839 W SystemConfig: 	at java.util.concurrent.FutureTask.run(FutureTask.java:264)
01-01 07:00:18.509   811   839 W SystemConfig: 	at java.util.concurrent.ThreadPoolExecutor.runWorker(ThreadPoolExecutor.java:1137)
01-01 07:00:18.509   811   839 W SystemConfig: 	at java.util.concurrent.ThreadPoolExecutor$Worker.run(ThreadPoolExecutor.java:637)
01-01 07:00:18.509   811   839 W SystemConfig: 	at com.android.internal.util.ConcurrentUtils$1$1.run(ConcurrentUtils.java:65)
01-01 07:00:18.509   811   839 W SystemConfig: Caused by: android.system.ErrnoException: open failed: ENOENT (No such file or directory)
01-01 07:00:18.509   811   839 W SystemConfig: 	at libcore.io.Linux.open(Native Method)
01-01 07:00:18.509   811   839 W SystemConfig: 	at libcore.io.ForwardingOs.open(ForwardingOs.java:563)
01-01 07:00:18.509   811   839 W SystemConfig: 	at libcore.io.BlockGuardOs.open(BlockGuardOs.java:274)
01-01 07:00:18.509   811   839 W SystemConfig: 	at libcore.io.IoBridge.open(IoBridge.java:560)
01-01 07:00:18.509   811   839 W SystemConfig: 	... 15 more
01-01 07:00:18.509   811   839 V SystemConfig: readAllPermissions took to complete: 129ms
01-01 07:00:18.510   811   839 D SystemServerInitThreadPool: Finished executing ReadingSystemConfig
01-01 07:00:18.510   811   839 V SystemServerTimingAsync: InitThreadPoolExec:ReadingSystemConfig took to complete: 129ms
01-01 07:00:18.530   811   811 D BatteryStatsImpl: Reading daily items from /data/system/batterystats-daily.xml
01-01 07:00:18.534   811   811 I KernelCpuUidFreqTimeReader: mPerClusterTimesAvailable=false
01-01 07:00:18.558   811   848 W KernelMemoryBandwidthStats: No kernel memory bandwidth stats available
01-01 07:00:18.645   811   811 I IntentFirewall: Read new rules (A:0 B:0 S:0)
01-01 07:00:18.651   811   811 D OomAdjuster: Not killing cached processes
01-01 07:00:18.692   811   811 I FramerateMonitorService: userdebug
01-01 07:00:18.696   811   811 D AppOps  : AppOpsService published
01-01 07:00:18.699     0     0 E [5 T1     ..] init: Control message: Could not find 'aidl/package_native' for ctl.interface_start from pid: 320 (/system/bin/servicemanager)
01-01 07:00:18.706   811   811 V SystemServerTiming: StartActivityManager took to complete: 226ms
01-01 07:00:18.706   811   811 D SystemServerTiming: StartDataLoaderManagerService
01-01 07:00:18.706   811   811 I SystemServiceManager: Starting com.android.server.pm.DataLoaderManagerService
01-01 07:00:18.709   811   811 V SystemServerTiming: StartDataLoaderManagerService took to complete: 2ms
01-01 07:00:18.709   811   811 D SystemServerTiming: StartIncrementalService
01-01 07:00:18.713   811   811 V SystemServerTiming: StartIncrementalService took to complete: 5ms
01-01 07:00:18.713   811   811 D SystemServerTiming: StartPowerManager
01-01 07:00:18.713   811   811 I SystemServiceManager: Starting com.android.server.power.PowerManagerService
01-01 07:00:18.724   811   811 V SystemServerTiming: StartPowerManager took to complete: 11ms
01-01 07:00:18.725   811   811 D SystemServerTiming: StartThermalManager
01-01 07:00:18.725   811   811 I SystemServiceManager: Starting com.android.server.power.ThermalManagerService
01-01 07:00:18.726   811   811 V SystemServerTiming: StartThermalManager took to complete: 2ms
01-01 07:00:18.726   811   811 D SystemServerTiming: StartHintManager
01-01 07:00:18.727   811   811 I SystemServiceManager: Starting com.android.server.power.hint.HintManagerService
01-01 07:00:18.727   811   811 V SystemServerTiming: StartHintManager took to complete: 1ms
01-01 07:00:18.727   811   811 D SystemServerTiming: InitPowerManagement
01-01 07:00:18.729   811   811 V SystemServerTiming: InitPowerManagement took to complete: 1ms
01-01 07:00:18.729   811   811 D SystemServerTiming: StartRecoverySystemService
01-01 07:00:18.729   811   811 I SystemServiceManager: Starting com.android.server.recoverysystem.RecoverySystemService$Lifecycle
01-01 07:00:18.730   811   811 V SystemServerTiming: StartRecoverySystemService took to complete: 1ms
01-01 07:00:18.730   811   811 I PackageWatchdog: Syncing state, reason: added new observer
01-01 07:00:18.730   811   811 I PackageWatchdog: Not pruning observers, elapsed time: 0ms
01-01 07:00:18.730   811   811 I PackageWatchdog: Cancelling state sync, nothing to sync
01-01 07:00:18.730   811   840 I PackageWatchdog: Saving observer state to file
01-01 07:00:18.731   811   811 D SystemServerTiming: StartLightsService
01-01 07:00:18.731   811   811 I SystemServiceManager: Starting com.android.server.lights.LightsService
01-01 07:00:18.737   811   811 V SystemServerTiming: StartLightsService took to complete: 5ms
01-01 07:00:18.737   811   811 D SystemServerTiming: StartDisplayOffloadService
01-01 07:00:18.737   811   811 V SystemServerTiming: StartDisplayOffloadService took to complete: 0ms
01-01 07:00:18.737   811   811 D SystemServerTiming: StartSidekickService
01-01 07:00:18.737   811   811 V SystemServerTiming: StartSidekickService took to complete: 0ms
01-01 07:00:18.737   811   811 D SystemServerTiming: StartDisplayManager
01-01 07:00:18.737   811   811 I SystemServiceManager: Starting com.android.server.display.DisplayManagerService
01-01 07:00:18.748   811   811 V SystemServerTiming: StartDisplayManager took to complete: 12ms
01-01 07:00:18.749   811   811 D SystemServerTiming: WaitForDisplay
01-01 07:00:18.749   811   811 I SystemServiceManager: Starting phase 100
01-01 07:00:18.749   811   811 D SystemServerTiming: OnBootPhase_100
01-01 07:00:18.749   811   811 D SystemServerTiming: OnBootPhase_100_com.android.server.security.FileIntegrityService
01-01 07:00:18.749   811   811 V SystemServerTiming: OnBootPhase_100_com.android.server.security.FileIntegrityService took to complete: 0ms
01-01 07:00:18.749   811   811 D SystemServerTiming: OnBootPhase_100_com.android.server.pm.Installer
01-01 07:00:18.749   811   811 V SystemServerTiming: OnBootPhase_100_com.android.server.pm.Installer took to complete: 0ms
01-01 07:00:18.749   811   811 D SystemServerTiming: OnBootPhase_100_com.android.server.os.DeviceIdentifiersPolicyService
01-01 07:00:18.749   811   811 V SystemServerTiming: OnBootPhase_100_com.android.server.os.DeviceIdentifiersPolicyService took to complete: 0ms
01-01 07:00:18.749   811   811 D SystemServerTiming: OnBootPhase_100_com.android.server.uri.UriGrantsManagerService$Lifecycle
01-01 07:00:18.749   811   811 V SystemServerTiming: OnBootPhase_100_com.android.server.uri.UriGrantsManagerService$Lifecycle took to complete: 0ms
01-01 07:00:18.749   811   811 D SystemServerTiming: OnBootPhase_100_com.android.server.powerstats.PowerStatsService
01-01 07:00:18.749   811   811 V SystemServerTiming: OnBootPhase_100_com.android.server.powerstats.PowerStatsService took to complete: 0ms
01-01 07:00:18.749   811   811 D SystemServerTiming: OnBootPhase_100_com.android.server.wm.ActivityTaskManagerService$Lifecycle
01-01 07:00:18.749   811   811 V SystemServerTiming: OnBootPhase_100_com.android.server.wm.ActivityTaskManagerService$Lifecycle took to complete: 0ms
01-01 07:00:18.749   811   811 D SystemServerTiming: OnBootPhase_100_com.android.server.am.ActivityManagerService$Lifecycle
01-01 07:00:18.749   811   811 V SystemServerTiming: OnBootPhase_100_com.android.server.am.ActivityManagerService$Lifecycle took to complete: 0ms
01-01 07:00:18.749   811   811 D SystemServerTiming: OnBootPhase_100_com.android.server.pm.DataLoaderManagerService
01-01 07:00:18.749   811   811 V SystemServerTiming: OnBootPhase_100_com.android.server.pm.DataLoaderManagerService took to complete: 0ms
01-01 07:00:18.749   811   811 D SystemServerTiming: OnBootPhase_100_com.android.server.power.PowerManagerService
01-01 07:00:18.749   811   811 V SystemServerTiming: OnBootPhase_100_com.android.server.power.PowerManagerService took to complete: 0ms
01-01 07:00:18.749   811   811 D SystemServerTiming: OnBootPhase_100_com.android.server.power.ThermalManagerService
01-01 07:00:18.749   811   811 V SystemServerTiming: OnBootPhase_100_com.android.server.power.ThermalManagerService took to complete: 0ms
01-01 07:00:18.749   811   811 D SystemServerTiming: OnBootPhase_100_com.android.server.power.hint.HintManagerService
01-01 07:00:18.749   811   811 V SystemServerTiming: OnBootPhase_100_com.android.server.power.hint.HintManagerService took to complete: 0ms
01-01 07:00:18.749   811   811 D SystemServerTiming: OnBootPhase_100_com.android.server.recoverysystem.RecoverySystemService$Lifecycle
01-01 07:00:18.749   811   811 V SystemServerTiming: OnBootPhase_100_com.android.server.recoverysystem.RecoverySystemService$Lifecycle took to complete: 0ms
01-01 07:00:18.749   811   811 D SystemServerTiming: OnBootPhase_100_com.android.server.lights.LightsService
01-01 07:00:18.749   811   811 V SystemServerTiming: OnBootPhase_100_com.android.server.lights.LightsService took to complete: 0ms
01-01 07:00:18.749   811   811 D SystemServerTiming: OnBootPhase_100_com.android.server.display.DisplayManagerService
01-01 07:00:18.756   811   835 W LocalDisplayAdapter: DisplayModeSpecs base mode no longer available, using currently active mode.
01-01 07:00:18.766   811   835 I DisplayDeviceRepository: Display device added: DisplayDeviceInfo{"Built-in Screen": uniqueId="local:4633127902230889483", 1920 x 1080, modeId 1, defaultModeId 1, supportedModes [{id=1, width=1920, height=1080, fps=59.94006, alternativeRefreshRates=[]}, {id=2, width=1920, height=1080, fps=60.000004, alternativeRefreshRates=[]}, {id=3, width=1920, height=1080, fps=50.0, alternativeRefreshRates=[]}, {id=4, width=1920, height=1080, fps=29.97003, alternativeRefreshRates=[]}, {id=5, width=1920, height=1080, fps=30.000002, alternativeRefreshRates=[]}, {id=6, width=1920, height=1080, fps=25.0, alternativeRefreshRates=[]}, {id=7, width=1920, height=1080, fps=23.976025, alternativeRefreshRates=[]}, {id=8, width=1920, height=1080, fps=24.000002, alternativeRefreshRates=[]}, {id=9, width=1280, height=720, fps=59.94006, alternativeRefreshRates=[]}, {id=10, width=1280, height=720, fps=60.000004, alternativeRefreshRates=[]}, {id=11, width=1280, height=720, fps=50.0, alternativeRefreshRates=[]}, {id=12, width=720, height=576, fps=50.0, alternativeRefreshRates=[]}, {id=13, width=720, height=480, fps=59.94006, alternativeRefreshRates=[]}, {id=14, width=720, height=480, fps=60.000004, alternativeRefreshRates=[]}], colorMode 0, supportedColorModes [0], hdrCapabilities HdrCapabilities{mSupportedHdrTypes=[2, 3], mMaxLuminance=500.0, mMaxAverageLuminance=500.0, mMinLuminance=0.0}, allmSupported false, gameContentTypeSupported false, density 320, 93.784 x 94.593 dpi, appVsyncOff 2000000, presDeadline 13683333, touch INTERNAL, rotation 0, type INTERNAL, address {port=11, model=0x404c2d479b6c44}, deviceProductInfo DeviceProductInfo{name=SAMSUNG, manufacturerPnpId=SAM, productId=2866, modelYear=null, manufactureDate=ManufactureDate{week=44, year=2013}, connectionToSinkType=2}, state UNKNOWN, frameRateOverride , brightnessMinimum 0.0, brightnessMaximum 1.0, brightnessDefault 0.39763778, FLAG_ALLOWED_TO_BE_DEFAULT_DISPLAY, FLAG_ROTATES_WITH_CONTENT, FLAG_SECURE, FLAG_SUPPORTS_PROTECTED_BUFFERS, installOrientation 0}
01-01 07:00:18.767   811   835 I LogicalDisplayMapper: Applying layout: [{addr: {port=11, model=0x404c2d479b6c44}, dispId: 0(ON)}], Previous layout: null
01-01 07:00:18.769   811   835 I LogicalDisplayMapper: Adding new display: 0: DisplayInfo{"Built-in Screen", displayId 0", displayGroupId -1, FLAG_SECURE, FLAG_SUPPORTS_PROTECTED_BUFFERS, FLAG_TRUSTED, real 1920 x 1080, largest app 1920 x 1080, smallest app 1920 x 1080, appVsyncOff 2000000, presDeadline 13683333, mode 1, defaultMode 1, modes [{id=1, width=1920, height=1080, fps=59.94006, alternativeRefreshRates=[]}, {id=2, width=1920, height=1080, fps=60.000004, alternativeRefreshRates=[]}, {id=3, width=1920, height=1080, fps=50.0, alternativeRefreshRates=[]}, {id=4, width=1920, height=1080, fps=29.97003, alternativeRefreshRates=[]}, {id=5, width=1920, height=1080, fps=30.000002, alternativeRefreshRates=[]}, {id=6, width=1920, height=1080, fps=25.0, alternativeRefreshRates=[]}, {id=7, width=1920, height=1080, fps=23.976025, alternativeRefreshRates=[]}, {id=8, width=1920, height=1080, fps=24.000002, alternativeRefreshRates=[]}, {id=9, width=1280, height=720, fps=59.94006, alternativeRefreshRates=[]}, {id=10, width=1280, height=720, fps=60.000004, alternativeRefreshRates=[]}, {id=11, width=1280, height=720, fps=50.0, alternativeRefreshRates=[]}, {id=12, width=720, height=576, fps=50.0, alternativeRefreshRates=[]}, {id=13, width=720, height=480, fps=59.94006, alternativeRefreshRates=[]}, {id=14, width=720, height=480, fps=60.000004, alternativeRefreshRates=[]}], hdrCapabilities HdrCapabilities{mSupportedHdrTypes=[2, 3], mMaxLuminance=500.0, mMaxAverageLuminance=500.0, mMinLuminance=0.0}, userDisabledHdrTypes [], minimalPostProcessingSupported false, rotation 0, state UNKNOWN, type INTERNAL, uniqueId "local:4633127902230889483", app 1920 x 1080, density 320 (93.784 x 94.593) dpi, layerStack 0, colorMode 0, supportedColorModes [0], address {port=11, model=0x404c2d479b6c44}, deviceProductInfo DeviceProductInfo{name=SAMSUNG, manufacturerPnpId=SAM, productId=2866, modelYear=null, manufactureDate=ManufactureDate{week=44, year=2013}, connectionToSinkType=2}, removeMode 0, refreshRateOverride 0.0, brightnessMinimum 0.0, brightnessMaximum 1.0, brightnessDefault 0.39763778, installOrientation ROTATION_0}
01-01 07:00:18.769   811   835 I LogicalDisplayMapper: Setting new display group 0 for display 0, from previous group: null
01-01 07:00:18.770   811   835 W android.permission.PermissionManager: Missing ActivityManager; assuming 1000 holds android.permission.READ_DEVICE_CONFIG
01-01 07:00:18.776   811   811 V SystemServerTiming: OnBootPhase_100_com.android.server.display.DisplayManagerService took to complete: 27ms
01-01 07:00:18.776   811   811 V SystemServerTiming: OnBootPhase_100 took to complete: 28ms
01-01 07:00:18.776   811   811 V SystemServerTiming: WaitForDisplay took to complete: 28ms
01-01 07:00:18.777   811   811 D SystemServerTiming: StartDomainVerificationService
01-01 07:00:18.781   811   811 V SystemServerTiming: StartDomainVerificationService took to complete: 5ms
01-01 07:00:18.782   811   811 D SystemServerTiming: StartPackageManagerService
01-01 07:00:18.782   811   811 I Watchdog: Pausing HandlerChecker: main thread for reason: packagemanagermain. Pause count: 1
01-01 07:00:18.786   811   811 D PackageManagerTiming: create package manager
01-01 07:00:18.793   811   811 D PackageManagerTiming: createSubComponents
01-01 07:00:18.801   811   811 I UserTypeFactory: Creating custom user type com.android.tv.profile
01-01 07:00:18.820   811   811 V PackageManagerTiming: createSubComponents took to complete: 26ms
01-01 07:00:18.820   811   811 D PackageManagerTiming: addSharedUsers
01-01 07:00:18.820   811   811 V PackageManagerTiming: addSharedUsers took to complete: 1ms
01-01 07:00:18.821   811   811 W BackgroundDexOptService: SysProp pm.dexopt.downgrade_after_inactive_days not set
01-01 07:00:18.822   811   811 D PackageManagerTiming: get system config
01-01 07:00:18.822   811   811 V PackageManagerTiming: get system config took to complete: 0ms
01-01 07:00:18.826   811   811 D SELinuxMMAC: Using policy file /system/etc/selinux/plat_mac_permissions.xml
01-01 07:00:18.829   811   811 D SELinuxMMAC: Using policy file /system_ext/etc/selinux/system_ext_mac_permissions.xml
01-01 07:00:18.830   811   811 D SELinuxMMAC: Using policy file /product/etc/selinux/product_mac_permissions.xml
01-01 07:00:18.831   811   811 D SELinuxMMAC: Using policy file /vendor/etc/selinux/vendor_mac_permissions.xml
01-01 07:00:18.832   811   811 D PackageManagerTiming: loadFallbacks
01-01 07:00:18.834   811   811 V PackageManagerTiming: loadFallbacks took to complete: 2ms
01-01 07:00:18.834   811   811 D PackageManagerTiming: read user settings
01-01 07:00:18.850   811   829 W android.permission.PermissionManager: Missing ActivityManager; assuming 1041 does not hold android.permission.UPDATE_DEVICE_STATS
01-01 07:00:18.925   811   811 E PackageManager: Package com.android.dynsystem was user id 0 but is now user SharedUserSetting{675791 android.uid.system/1000} with id 1000; I am not changing its files so it will probably fail!
01-01 07:00:18.928   811   811 E PackageManager: Package com.android.providers.calendar was user id 0 but is now user SharedUserSetting{6308d64 android.uid.calendar/10020} with id 10020; I am not changing its files so it will probably fail!
01-01 07:00:18.929   811   811 E PackageManager: Package com.android.tv.settings was user id 0 but is now user SharedUserSetting{675791 android.uid.system/1000} with id 1000; I am not changing its files so it will probably fail!
01-01 07:00:18.929   811   811 E PackageManager: Package com.android.providers.media was user id 0 but is now user SharedUserSetting{6e467c9 android.media/10017} with id 10017; I am not changing its files so it will probably fail!
01-01 07:00:18.930   811   811 E PackageManager: Package com.android.providers.downloads was user id 0 but is now user SharedUserSetting{6e467c9 android.media/10017} with id 10017; I am not changing its files so it will probably fail!
01-01 07:00:18.931   811   811 E PackageManager: Package com.droidlogic.mediacenter was user id 0 but is now user SharedUserSetting{675791 android.uid.system/1000} with id 1000; I am not changing its files so it will probably fail!
01-01 07:00:18.931   811   811 E PackageManager: Package com.droidlogic was user id 0 but is now user SharedUserSetting{675791 android.uid.system/1000} with id 1000; I am not changing its files so it will probably fail!
01-01 07:00:18.932   811   811 E PackageManager: Package com.droidlogic.tv.settings was user id 0 but is now user SharedUserSetting{675791 android.uid.system/1000} with id 1000; I am not changing its files so it will probably fail!
01-01 07:00:18.932   811   811 E PackageManager: Package com.sonos.tv.ble.remote was user id 0 but is now user SharedUserSetting{c841794 sonos.uid.bluetooth/7502} with id 7502; I am not changing its files so it will probably fail!
01-01 07:00:18.932   811   811 E PackageManager: Package com.android.networkstack was user id 0 but is now user SharedUserSetting{4fd8383 android.uid.networkstack/1073} with id 1073; I am not changing its files so it will probably fail!
01-01 07:00:18.933   811   811 E PackageManager: Package android was user id 0 but is now user SharedUserSetting{675791 android.uid.system/1000} with id 1000; I am not changing its files so it will probably fail!
01-01 07:00:18.933   811   811 E PackageManager: Package com.android.mtp was user id 0 but is now user SharedUserSetting{6e467c9 android.media/10017} with id 10017; I am not changing its files so it will probably fail!
01-01 07:00:18.934   811   811 E PackageManager: Package com.android.providers.settings was user id 0 but is now user SharedUserSetting{675791 android.uid.system/1000} with id 1000; I am not changing its files so it will probably fail!
01-01 07:00:18.934   811   811 E PackageManager: Package com.android.se was user id 0 but is now user SharedUserSetting{5dd0818 android.uid.se/1068} with id 1068; I am not changing its files so it will probably fail!
01-01 07:00:18.934   811   811 E PackageManager: Package com.android.inputdevices was user id 0 but is now user SharedUserSetting{675791 android.uid.system/1000} with id 1000; I am not changing its files so it will probably fail!
01-01 07:00:18.935   811   811 E PackageManager: Package com.android.keychain was user id 0 but is now user SharedUserSetting{675791 android.uid.system/1000} with id 1000; I am not changing its files so it will probably fail!
01-01 07:00:18.935   811   811 E PackageManager: Package com.android.localtransport was user id 0 but is now user SharedUserSetting{675791 android.uid.system/1000} with id 1000; I am not changing its files so it will probably fail!
01-01 07:00:18.936   811   811 E PackageManager: Package com.sonos.tv.setup was user id 0 but is now user SharedUserSetting{e7d7ea9 sonos.uid.setup/7501} with id 7501; I am not changing its files so it will probably fail!
01-01 07:00:18.936   811   811 E PackageManager: Package com.android.networkstack.tethering was user id 0 but is now user SharedUserSetting{4fd8383 android.uid.networkstack/1073} with id 1073; I am not changing its files so it will probably fail!
01-01 07:00:18.937   811   811 E PackageManager: Package com.android.soundpicker was user id 0 but is now user SharedUserSetting{6e467c9 android.media/10017} with id 10017; I am not changing its files so it will probably fail!
01-01 07:00:18.937   811   811 E PackageManager: Package com.droidlogic.miracast was user id 0 but is now user SharedUserSetting{675791 android.uid.system/1000} with id 1000; I am not changing its files so it will probably fail!
01-01 07:00:18.937   811   811 E PackageManager: Package com.android.cts.ctsshim was user id 0 but is now user SharedUserSetting{e300306 com.android.cts.ctsshim/10086} with id 10086; I am not changing its files so it will probably fail!
01-01 07:00:18.938   811   811 E PackageManager: Package com.android.shell was user id 0 but is now user SharedUserSetting{b1cb31d android.uid.shell/2000} with id 2000; I am not changing its files so it will probably fail!
01-01 07:00:18.938   811   811 E PackageManager: Package com.android.wallpaperbackup was user id 0 but is now user SharedUserSetting{675791 android.uid.system/1000} with id 1000; I am not changing its files so it will probably fail!
01-01 07:00:18.939   811   811 E PackageManager: Package com.android.providers.userdictionary was user id 0 but is now user SharedUserSetting{a1e6cde android.uid.shared/10021} with id 10021; I am not changing its files so it will probably fail!
01-01 07:00:18.939   811   811 E PackageManager: Package com.android.location.fused was user id 0 but is now user SharedUserSetting{675791 android.uid.system/1000} with id 1000; I am not changing its files so it will probably fail!
01-01 07:00:18.940   811   811 E PackageManager: Package com.android.systemui was user id 0 but is now user SharedUserSetting{726f7db android.uid.systemui/10071} with id 10071; I am not changing its files so it will probably fail!
01-01 07:00:18.941   811   811 E PackageManager: Package com.android.bluetooth was user id 0 but is now user SharedUserSetting{98539b6 android.uid.bluetooth/1002} with id 1002; I am not changing its files so it will probably fail!
01-01 07:00:18.942   811   811 E PackageManager: Package com.android.providers.contacts was user id 0 but is now user SharedUserSetting{a1e6cde android.uid.shared/10021} with id 10021; I am not changing its files so it will probably fail!
01-01 07:00:18.986   811   811 V SLog    : static_init took to complete: 1ms
01-01 07:00:18.986   811   811 W PackageSettings: Missing permission state for package com.android.uwb.resources on user 0
01-01 07:00:18.986   811   811 W PackageSettings: Missing permission state for package com.android.systemui.statusbar.tv.TvStatusBar on user 0
01-01 07:00:18.986   811   811 W PackageSettings: Missing permission state for package com.android.htmlviewer on user 0
01-01 07:00:18.986   811   811 W PackageSettings: Missing permission state for package com.sonos.platform on user 0
01-01 07:00:18.987   811   811 W PackageSettings: Missing permission state for package com.android.tv.overlay.settingsprovider on user 0
01-01 07:00:18.987   811   811 W PackageSettings: Missing permission state for package com.android.connectivity.resources on user 0
01-01 07:00:18.987   811   811 W PackageSettings: Missing permission state for package com.sonos.tv.sonosscreensaver on user 0
01-01 07:00:18.987   811   811 W PackageSettings: Missing permission state for package com.sonos.pinewood.overlay.assistant on user 0
01-01 07:00:18.987   811   811 W PackageSettings: Missing permission state for package android.ext.shared on user 0
01-01 07:00:18.987   811   811 W PackageSettings: Missing permission state for package com.android.wifi.resources on user 0
01-01 07:00:18.987   811   811 W PackageSettings: Missing permission state for package com.android.networkstack.tethering.droidlogic on user 0
01-01 07:00:18.987   811   811 W PackageSettings: Missing permission state for package com.droidlogic.tv.settings.resoverlay on user 0
01-01 07:00:18.988   811   811 W PackageSettings: Missing permission state for package com.droidlogic.wifitetheringoverlay on user 0
01-01 07:00:18.988   811   811 W PackageSettings: Missing permission state for package com.sonos.tv.settings.overlay on user 0
01-01 07:00:18.988   811   811 W PackageSettings: Missing permission state for package com.android.networkstack.tethering.inprocess.droidlogic on user 0
01-01 07:00:18.988   811   811 W PackageSettings: Missing permission state for package com.sonos.pinewood.overlay.settingsprovider on user 0
01-01 07:00:18.988   811   811 W PackageSettings: Missing permission state for package com.droidlogic.wifion on user 0
01-01 07:00:18.988   811   811 W PackageSettings: Missing permission state for package com.sonos.pinewood.overlay.tvremoteprovider on user 0
01-01 07:00:18.988   811   811 W PackageSettings: Missing permission state for package com.bds.framework.overlay on user 0
01-01 07:00:18.988   811   811 W PackageSettings: Missing permission state for package com.android.tv.overlay.framework on user 0
01-01 07:00:18.988   811   811 W PackageSettings: Missing permission state for package android.auto_generated_rro_product__ on user 0
01-01 07:00:18.988   811   811 W PackageSettings: Missing permission state for package com.sonos.hdmicecoverlay on user 0
01-01 07:00:18.988   811   811 W PackageSettings: Missing permission state for package com.droidlogic.overlay on user 0
01-01 07:00:18.988   811   811 W PackageSettings: Missing permission state for package com.sonos.pinewoodirapp on user 0
01-01 07:00:18.989   811   811 W PackageSettings: Missing permission state for shared user: android.uid.log
01-01 07:00:18.989   811   811 W PackageSettings: Missing permission state for shared user: android.uid.nfc
01-01 07:00:18.989   811   811 W PackageSettings: Missing permission state for shared user: android.uid.uwb
01-01 07:00:18.989   811   811 W PackageSettings: Missing permission state for shared user: android.uid.phone
01-01 07:00:18.990   811   811 V PackageManagerTiming: read user settings took to complete: 157ms
01-01 07:00:19.017   811   811 D PackageManager: Directories scanned as system partitions: [/system:0, /vendor:524288, /odm:4194304, /oem:262144, /product:1048576, /system_ext:2097152, /apex/com.android.mediaprovider:8388608, /apex/com.android.sdkext:8388608, /apex/com.android.ipsec:8388608, /apex/com.android.ondevicepersonalization:8388608, /apex/com.android.art:8388608, /apex/com.sonos.player:10485760, /apex/com.android.uwb:8388608, /apex/com.android.os.statsd:8388608, /apex/com.android.conscrypt:8388608, /apex/com.android.adbd:8388608, /apex/com.android.runtime:8388608, /apex/com.android.media:8388608, /apex/com.android.i18n:8388608, /apex/com.android.extservices:8388608, /apex/com.android.scheduling:8388608, /apex/com.android.wifi:8388608, /apex/com.android.tethering:8388608, /apex/com.android.apex.cts.shim:8388608, /apex/com.android.media.swcodec:8388608, /apex/com.android.adservices:8388608, /apex/com.android.neuralnetworks:8388608, /apex/com.android.appsearch:8388608, /apex/com.android.tzdata:8388608, /apex/com.android.btservices:8388608, /apex/com.android.vndk.v33:8388608, /apex/com.android.permission:8388608, /apex/com.android.resolv:8388608]
01-01 07:00:19.018   811   811 D PackageManager: Keeping known cache 074791a39c1477939d9feaa57f69586546572ff4
01-01 07:00:19.069     0     0 I [3 T505   ..] [debug]: audio_utils_open
01-01 07:00:19.069     0     0 I [3 T505   ..] [debug]: audio_utils_release
01-01 07:00:19.074     0     0 I [3 T505   ..] [debug]: audio_utils_open
01-01 07:00:19.074     0     0 I [3 T505   ..] [debug]: audio_utils_ioctl SET_LIB_SIZE 5499312
01-01 07:00:19.074     0     0 I [3 T505   ..] [debug]: audio_utils_ioctl WRITE_LIB
01-01 07:00:19.077     0     0 I [3 T505   ..] [debug]: audio_utils_release
01-01 07:00:19.080     0     0 I [3 T505   ..] [debug]: audio_utils_open
01-01 07:00:19.083     0     0 I [3 T505   ..] [debug]: audio_utils_release
01-01 07:00:19.089     0     0 I         : [3 T505   ..] hdmitx21_ext_set_audio_output enable:0
01-01 07:00:19.109     0     0 E [4 T448   ..] apexd: Can't open /product/apex for reading : No such file or directory
